usbd_cdc_if.c:160:15:CDC_Init_FS	8	static
usbd_cdc_if.c:175:15:CDC_DeInit_FS	8	static
usbd_cdc_if.c:189:15:CDC_Control_FS	16	static
usbd_cdc_if.c:269:15:CDC_Receive_FS	24	static
usbd_cdc_if.c:319:9:CDC_Transmit_FS	32	static
usbd_cdc_if.c:334:7:GetUserDataBuf	8	static
usbd_cdc_if.c:338:6:ClearUserDataBuf	8	static
usbd_cdc_if.c:344:6:ClearTxBuffer	8	static
usbd_cdc_if.c:348:6:PrintToConsole	24	static
usbd_cdc_if.c:360:9:CheckUserDataReady	8	static
usbd_cdc_if.c:363:6:DisableLocalEcho	8	static
usbd_cdc_if.c:366:6:EnableLocalEcho	8	static
usbd_cdc_if.c:370:9:GetUserDataSize	8	static
usbd_cdc_if.c:374:6:PrintStrToConsole	24	static
