Archive member included to satisfy reference by file (symbol)

/opt/st/stm32cubeide_1.0.1/plugins/com.st.stm32cube.ide.mcu.externaltools.gnu-tools-for-stm32.7-2018-q2-update.linux64_1.0.0.201904181610/tools/bin/../lib/gcc/arm-none-eabi/7.3.1/../../../../arm-none-eabi/lib/thumb/v6-m/libc_nano.a(lib_a-errno.o)
                              Src/syscalls.o (__errno)
/opt/st/stm32cubeide_1.0.1/plugins/com.st.stm32cube.ide.mcu.externaltools.gnu-tools-for-stm32.7-2018-q2-update.linux64_1.0.0.201904181610/tools/bin/../lib/gcc/arm-none-eabi/7.3.1/../../../../arm-none-eabi/lib/thumb/v6-m/libc_nano.a(lib_a-exit.o)
                              /opt/st/stm32cubeide_1.0.1/plugins/com.st.stm32cube.ide.mcu.externaltools.gnu-tools-for-stm32.7-2018-q2-update.linux64_1.0.0.201904181610/tools/bin/../lib/gcc/arm-none-eabi/7.3.1/../../../../arm-none-eabi/lib/thumb/v6-m/crt0.o (exit)
/opt/st/stm32cubeide_1.0.1/plugins/com.st.stm32cube.ide.mcu.externaltools.gnu-tools-for-stm32.7-2018-q2-update.linux64_1.0.0.201904181610/tools/bin/../lib/gcc/arm-none-eabi/7.3.1/../../../../arm-none-eabi/lib/thumb/v6-m/libc_nano.a(lib_a-impure.o)
                              /opt/st/stm32cubeide_1.0.1/plugins/com.st.stm32cube.ide.mcu.externaltools.gnu-tools-for-stm32.7-2018-q2-update.linux64_1.0.0.201904181610/tools/bin/../lib/gcc/arm-none-eabi/7.3.1/../../../../arm-none-eabi/lib/thumb/v6-m/libc_nano.a(lib_a-exit.o) (_global_impure_ptr)
/opt/st/stm32cubeide_1.0.1/plugins/com.st.stm32cube.ide.mcu.externaltools.gnu-tools-for-stm32.7-2018-q2-update.linux64_1.0.0.201904181610/tools/bin/../lib/gcc/arm-none-eabi/7.3.1/../../../../arm-none-eabi/lib/thumb/v6-m/libc_nano.a(lib_a-init.o)
                              /opt/st/stm32cubeide_1.0.1/plugins/com.st.stm32cube.ide.mcu.externaltools.gnu-tools-for-stm32.7-2018-q2-update.linux64_1.0.0.201904181610/tools/bin/../lib/gcc/arm-none-eabi/7.3.1/../../../../arm-none-eabi/lib/thumb/v6-m/crt0.o (__libc_init_array)
/opt/st/stm32cubeide_1.0.1/plugins/com.st.stm32cube.ide.mcu.externaltools.gnu-tools-for-stm32.7-2018-q2-update.linux64_1.0.0.201904181610/tools/bin/../lib/gcc/arm-none-eabi/7.3.1/../../../../arm-none-eabi/lib/thumb/v6-m/libc_nano.a(lib_a-memcpy-stub.o)
                              Src/game.o (memcpy)
/opt/st/stm32cubeide_1.0.1/plugins/com.st.stm32cube.ide.mcu.externaltools.gnu-tools-for-stm32.7-2018-q2-update.linux64_1.0.0.201904181610/tools/bin/../lib/gcc/arm-none-eabi/7.3.1/../../../../arm-none-eabi/lib/thumb/v6-m/libc_nano.a(lib_a-memset.o)
                              /opt/st/stm32cubeide_1.0.1/plugins/com.st.stm32cube.ide.mcu.externaltools.gnu-tools-for-stm32.7-2018-q2-update.linux64_1.0.0.201904181610/tools/bin/../lib/gcc/arm-none-eabi/7.3.1/../../../../arm-none-eabi/lib/thumb/v6-m/crt0.o (memset)
/opt/st/stm32cubeide_1.0.1/plugins/com.st.stm32cube.ide.mcu.externaltools.gnu-tools-for-stm32.7-2018-q2-update.linux64_1.0.0.201904181610/tools/bin/../lib/gcc/arm-none-eabi/7.3.1/../../../../arm-none-eabi/lib/thumb/v6-m/libc_nano.a(lib_a-snprintf.o)
                              Src/game.o (snprintf)
/opt/st/stm32cubeide_1.0.1/plugins/com.st.stm32cube.ide.mcu.externaltools.gnu-tools-for-stm32.7-2018-q2-update.linux64_1.0.0.201904181610/tools/bin/../lib/gcc/arm-none-eabi/7.3.1/../../../../arm-none-eabi/lib/thumb/v6-m/libc_nano.a(lib_a-strncmp.o)
                              Src/lexer.o (strncmp)
/opt/st/stm32cubeide_1.0.1/plugins/com.st.stm32cube.ide.mcu.externaltools.gnu-tools-for-stm32.7-2018-q2-update.linux64_1.0.0.201904181610/tools/bin/../lib/gcc/arm-none-eabi/7.3.1/../../../../arm-none-eabi/lib/thumb/v6-m/libc_nano.a(lib_a-nano-svfprintf.o)
                              /opt/st/stm32cubeide_1.0.1/plugins/com.st.stm32cube.ide.mcu.externaltools.gnu-tools-for-stm32.7-2018-q2-update.linux64_1.0.0.201904181610/tools/bin/../lib/gcc/arm-none-eabi/7.3.1/../../../../arm-none-eabi/lib/thumb/v6-m/libc_nano.a(lib_a-snprintf.o) (_svfprintf_r)
/opt/st/stm32cubeide_1.0.1/plugins/com.st.stm32cube.ide.mcu.externaltools.gnu-tools-for-stm32.7-2018-q2-update.linux64_1.0.0.201904181610/tools/bin/../lib/gcc/arm-none-eabi/7.3.1/../../../../arm-none-eabi/lib/thumb/v6-m/libc_nano.a(lib_a-nano-vfprintf_i.o)
                              /opt/st/stm32cubeide_1.0.1/plugins/com.st.stm32cube.ide.mcu.externaltools.gnu-tools-for-stm32.7-2018-q2-update.linux64_1.0.0.201904181610/tools/bin/../lib/gcc/arm-none-eabi/7.3.1/../../../../arm-none-eabi/lib/thumb/v6-m/libc_nano.a(lib_a-nano-svfprintf.o) (_printf_i)
/opt/st/stm32cubeide_1.0.1/plugins/com.st.stm32cube.ide.mcu.externaltools.gnu-tools-for-stm32.7-2018-q2-update.linux64_1.0.0.201904181610/tools/bin/../lib/gcc/arm-none-eabi/7.3.1/../../../../arm-none-eabi/lib/thumb/v6-m/libc_nano.a(lib_a-memchr-stub.o)
[...]
Memory Configuration

Name             Origin             Length             Attributes
FLASH            0x0000000008000000 0x0000000000030000 xr
RAM              0x0000000020000000 0x0000000000005000 xrw
*default*        0x0000000000000000 0xffffffffffffffff

Linker script and memory map

LOAD /opt/st/stm32cubeide_1.0.1/plugins/com.st.stm32cube.ide.mcu.externaltools.gnu-tools-for-stm32.7-2018-q2-update.linux64_1.0.0.201904181610/tools/bin/../lib/gcc/arm-none-eabi/7.3.1/thumb/v6-m/crti.o
LOAD /opt/st/stm32cubeide_1.0.1/plugins/com.st.stm32cube.ide.mcu.externaltools.gnu-tools-for-stm32.7-2018-q2-update.linux64_1.0.0.201904181610/tools/bin/../lib/gcc/arm-none-eabi/7.3.1/thumb/v6-m/crtbegin.o
LOAD /opt/st/stm32cubeide_1.0.1/plugins/com.st.stm32cube.ide.mcu.externaltools.gnu-tools-for-stm32.7-2018-q2-update.linux64_1.0.0.201904181610/tools/bin/../lib/gcc/arm-none-eabi/7.3.1/../../../../arm-none-eabi/lib/thumb/v6-m/crt0.o
LOAD Drivers/STM32L0xx_HAL_Driver/Src/stm32l0xx_hal.o
LOAD Drivers/STM32L0xx_HAL_Driver/Src/stm32l0xx_hal_cortex.o
LOAD Drivers/STM32L0xx_HAL_Driver/Src/stm32l0xx_hal_dma.o
LOAD Drivers/STM32L0xx_HAL_Driver/Src/stm32l0xx_hal_flash.o
LOAD Drivers/STM32L0xx_HAL_Driver/Src/stm32l0xx_hal_flash_ex.o
LOAD Drivers/STM32L0xx_HAL_Driver/Src/stm32l0xx_hal_flash_ramfunc.o
LOAD Drivers/STM32L0xx_HAL_Driver/Src/stm32l0xx_hal_gpio.o
LOAD Drivers/STM32L0xx_HAL_Driver/Src/stm32l0xx_hal_i2c.o
LOAD Drivers/STM32L0xx_HAL_Driver/Src/stm32l0xx_hal_i2c_ex.o
LOAD Drivers/STM32L0xx_HAL_Driver/Src/stm32l0xx_hal_pcd.o
LOAD Drivers/STM32L0xx_HAL_Driver/Src/stm32l0xx_hal_pcd_ex.o
LOAD Drivers/STM32L0xx_HAL_Driver/Src/stm32l0xx_hal_pwr.o
LOAD Drivers/STM32L0xx_HAL_Driver/Src/stm32l0xx_hal_pwr_ex.o
LOAD Drivers/STM32L0xx_HAL_Driver/Src/stm32l0xx_hal_rcc.o
LOAD Drivers/STM32L0xx_HAL_Driver/Src/stm32l0xx_hal_rcc_ex.o
LOAD Drivers/STM32L0xx_HAL_Driver/Src/stm32l0xx_hal_tim.o
LOAD Drivers/STM32L0xx_HAL_Driver/Src/stm32l0xx_hal_tim_ex.o
LOAD Drivers/STM32L0xx_HAL_Driver/Src/stm32l0xx_ll_usb.o
LOAD Middlewares/ST/STM32_USB_Device_Library/Class/CDC/Src/usbd_cdc.o
LOAD Middlewares/ST/STM32_USB_Device_Library/Core/Src/usbd_core.o
LOAD Middlewares/ST/STM32_USB_Device_Library/Core/Src/usbd_ctlreq.o
LOAD Middlewares/ST/STM32_USB_Device_Library/Core/Src/usbd_ioreq.o
LOAD Src/game.o
LOAD Src/items.o
LOAD Src/lexer.o
LOAD Src/main.o
LOAD Src/objects.o
LOAD Src/power.o
LOAD Src/rooms.o
LOAD Src/stm32l0xx_hal_msp.o
LOAD Src/stm32l0xx_it.o
LOAD Src/syscalls.o
LOAD Src/sysmem.o
LOAD Src/system_stm32l0xx.o
LOAD Src/usb_device.o
LOAD Src/usbd_cdc_if.o
LOAD Src/usbd_conf.o
LOAD Src/usbd_desc.o
LOAD Startup/startup_stm32l073rztx.o
START GROUP
LOAD /opt/st/stm32cubeide_1.0.1/plugins/com.st.stm32cube.ide.mcu.externaltools.gnu-tools-for-stm32.7-2018-q2-update.linux64_1.0.0.201904181610/tools/bin/../lib/gcc/arm-none-eabi/7.3.1/../../../../arm-none-eabi/lib/thumb/v6-m/libc_nano.a
LOAD /opt/st/stm32cubeide_1.0.1/plugins/com.st.stm32cube.ide.mcu.externaltools.gnu-tools-for-stm32.7-2018-q2-update.linux64_1.0.0.201904181610/tools/bin/../lib/gcc/arm-none-eabi/7.3.1/../../../../arm-none-eabi/lib/thumb/v6-m/libm.a
END GROUP
START GROUP
LOAD /opt/st/stm32cubeide_1.0.1/plugins/com.st.stm32cube.ide.mcu.externaltools.gnu-tools-for-stm32.7-2018-q2-update.linux64_1.0.0.201904181610/tools/bin/../lib/gcc/arm-none-eabi/7.3.1/thumb/v6-m/libgcc.a
LOAD /opt/st/stm32cubeide_1.0.1/plugins/com.st.stm32cube.ide.mcu.externaltools.gnu-tools-for-stm32.7-2018-q2-update.linux64_1.0.0.201904181610/tools/bin/../lib/gcc/arm-none-eabi/7.3.1/../../../../arm-none-eabi/lib/thumb/v6-m/libc_nano.a
END GROUP
START GROUP
LOAD /opt/st/stm32cubeide_1.0.1/plugins/com.st.stm32cube.ide.mcu.externaltools.gnu-tools-for-stm32.7-2018-q2-update.linux64_1.0.0.201904181610/tools/bin/../lib/gcc/arm-none-eabi/7.3.1/thumb/v6-m/libgcc.a
LOAD /opt/st/stm32cubeide_1.0.1/plugins/com.st.stm32cube.ide.mcu.externaltools.gnu-tools-for-stm32.7-2018-q2-update.linux64_1.0.0.201904181610/tools/bin/../lib/gcc/arm-none-eabi/7.3.1/../../../../arm-none-eabi/lib/thumb/v6-m/libc_nano.a
LOAD /opt/st/stm32cubeide_1.0.1/plugins/com.st.stm32cube.ide.mcu.externaltools.gnu-tools-for-stm32.7-2018-q2-update.linux64_1.0.0.201904181610/tools/bin/../lib/gcc/arm-none-eabi/7.3.1/../../../../arm-none-eabi/lib/thumb/v6-m/libnosys.a
END GROUP
START GROUP
LOAD /opt/st/stm32cubeide_1.0.1/plugins/com.st.stm32cube.ide.mcu.externaltools.gnu-tools-for-stm32.7-2018-q2-update.linux64_1.0.0.201904181610/tools/bin/../lib/gcc/arm-none-eabi/7.3.1/thumb/v6-m/libgcc.a
LOAD /opt/st/stm32cubeide_1.0.1/plugins/com.st.stm32cube.ide.mcu.externaltools.gnu-tools-for-stm32.7-2018-q2-update.linux64_1.0.0.201904181610/tools/bin/../lib/gcc/arm-none-eabi/7.3.1/../../../../arm-none-eabi/lib/thumb/v6-m/libc_nano.a
LOAD /opt/st/stm32cubeide_1.0.1/plugins/com.st.stm32cube.ide.mcu.externaltools.gnu-tools-for-stm32.7-2018-q2-update.linux64_1.0.0.201904181610/tools/bin/../lib/gcc/arm-none-eabi/7.3.1/../../../../arm-none-eabi/lib/thumb/v6-m/libnosys.a
END GROUP
LOAD /opt/st/stm32cubeide_1.0.1/plugins/com.st.stm32cube.ide.mcu.externaltools.gnu-tools-for-stm32.7-2018-q2-update.linux64_1.0.0.201904181610/tools/bin/../lib/gcc/arm-none-eabi/7.3.1/thumb/v6-m/crtend.o
LOAD /opt/st/stm32cubeide_1.0.1/plugins/com.st.stm32cube.ide.mcu.externaltools.gnu-tools-for-stm32.7-2018-q2-update.linux64_1.0.0.201904181610/tools/bin/../lib/gcc/arm-none-eabi/7.3.1/thumb/v6-m/crtn.o
                0x0000000020005000                _estack = 0x20005000
                0x0000000000000200                _Min_Heap_Size = 0x200
                0x0000000000000400                _Min_Stack_Size = 0x400

.isr_vector     0x0000000008000000       0xc0
                0x0000000008000000                . = ALIGN (0x4)
 *(.isr_vector)
 .isr_vector    0x0000000008000000       0xc0 Startup/startup_stm32l073rztx.o
                0x0000000008000000                g_pfnVectors
                0x00000000080000c0                . = ALIGN (0x4)

.text           0x00000000080000c0     0x8080
                0x00000000080000c0                . = ALIGN (0x4)
 *(.text)
 .text          0x00000000080000c0       0x48 /opt/st/stm32cubeide_1.0.1/plugins/com.st.stm32cube.ide.mcu.externaltools.gnu-tools-for-stm32.7-2018-q2-update.linux64_1.0.0.201904181610/tools/bin/../lib/gcc/arm-none-eabi/7.3.1/thumb/v6-m/crtbegin.o
 .text          0x0000000008000108      0x114 /opt/st/stm32cubeide_1.0.1/plugins/com.st.stm32cube.ide.mcu.externaltools.gnu-tools-for-stm32.7-2018-q2-update.linux64_1.0.0.201904181610/tools/bin/../lib/gcc/arm-none-eabi/7.3.1/thumb/v6-m/libgcc.a(_udivsi3.o)
                0x0000000008000108                __udivsi3
                0x0000000008000108                __aeabi_uidiv
                0x0000000008000214                __aeabi_uidivmod
 .text          0x000000000800021c        0x4 /opt/st/stm32cubeide_1.0.1/plugins/com.st.stm32cube.ide.mcu.externaltools.gnu-tools-for-stm32.7-2018-q2-update.linux64_1.0.0.201904181610/tools/bin/../lib/gcc/arm-none-eabi/7.3.1/thumb/v6-m/libgcc.a(_dvmd_tls.o)
                0x000000000800021c                __aeabi_ldiv0
                0x000000000800021c                __aeabi_idiv0
 *(.text*)
 .text.HAL_Init
                0x0000000008000220       0x40 Drivers/STM32L0xx_HAL_Driver/Src/stm32l0xx_hal.o
                0x0000000008000220                HAL_Init
 .text.HAL_InitTick
                0x0000000008000260       0x54 Drivers/STM32L0xx_HAL_Driver/Src/stm32l0xx_hal.o
                0x0000000008000260                HAL_InitTick
 .text.HAL_IncTick
                0x00000000080002b4       0x18 Drivers/STM32L0xx_HAL_Driver/Src/stm32l0xx_hal.o
                0x00000000080002b4                HAL_IncTick
 .text.HAL_GetTick
                0x00000000080002cc       0x14 Drivers/STM32L0xx_HAL_Driver/Src/stm32l0xx_hal.o
                0x00000000080002cc                HAL_GetTick
 .text.HAL_Delay
                0x00000000080002e0       0x3a Drivers/STM32L0xx_HAL_Driver/Src/stm32l0xx_hal.o
                0x00000000080002e0                HAL_Delay
 *fill*         0x000000000800031a        0x2 
 .text.NVIC_EnableIRQ
                0x000000000800031c       0x2c Drivers/STM32L0xx_HAL_Driver/Src/stm32l0xx_hal_cortex.o
 .text.NVIC_SetPriority
                0x0000000008000348       0xdc Drivers/STM32L0xx_HAL_Driver/Src/stm32l0xx_hal_cortex.o
 .text.SysTick_Config
                0x0000000008000424       0x48 Drivers/STM32L0xx_HAL_Driver/Src/stm32l0xx_hal_cortex.o
 .text.HAL_NVIC_SetPriority
                0x000000000800046c       0x2a Drivers/STM32L0xx_HAL_Driver/Src/stm32l0xx_hal_cortex.o
                0x000000000800046c                HAL_NVIC_SetPriority
 .text.HAL_NVIC_EnableIRQ
                0x0000000008000496       0x20 Drivers/STM32L0xx_HAL_Driver/Src/stm32l0xx_hal_cortex.o
                0x0000000008000496                HAL_NVIC_EnableIRQ
 .text.HAL_SYSTICK_Config
                0x00000000080004b6       0x1a Drivers/STM32L0xx_HAL_Driver/Src/stm32l0xx_hal_cortex.o
                0x00000000080004b6                HAL_SYSTICK_Config
 .text.HAL_GPIO_Init
                0x00000000080004d0      0x2fc Drivers/STM32L0xx_HAL_Driver/Src/stm32l0xx_hal_gpio.o
                0x00000000080004d0                HAL_GPIO_Init
 .text.HAL_GPIO_WritePin
                0x00000000080007cc       0x3a Drivers/STM32L0xx_HAL_Driver/Src/stm32l0xx_hal_gpio.o
                0x00000000080007cc                HAL_GPIO_WritePin
 *fill*         0x0000000008000806        0x2 
 .text.HAL_GPIO_EXTI_IRQHandler
                0x0000000008000808       0x38 Drivers/STM32L0xx_HAL_Driver/Src/stm32l0xx_hal_gpio.o
                0x0000000008000808                HAL_GPIO_EXTI_IRQHandler
 .text.HAL_GPIO_EXTI_Callback
                0x0000000008000840       0x14 Drivers/STM32L0xx_HAL_Driver/Src/stm32l0xx_hal_gpio.o
                0x0000000008000840                HAL_GPIO_EXTI_Callback
 .text.HAL_I2C_Init
                0x0000000008000854      0x12c Drivers/STM32L0xx_HAL_Driver/Src/stm32l0xx_hal_i2c.o
                0x0000000008000854                HAL_I2C_Init
 .text.HAL_I2CEx_ConfigAnalogFilter
                0x0000000008000980       0x98 Drivers/STM32L0xx_HAL_Driver/Src/stm32l0xx_hal_i2c_ex.o
                0x0000000008000980                HAL_I2CEx_ConfigAnalogFilter
 .text.HAL_I2CEx_ConfigDigitalFilter
                0x0000000008000a18       0x98 Drivers/STM32L0xx_HAL_Driver/Src/stm32l0xx_hal_i2c_ex.o
                0x0000000008000a18                HAL_I2CEx_ConfigDigitalFilter
 .text.HAL_PCD_Init
                0x0000000008000ab0      0x1e8 Drivers/STM32L0xx_HAL_Driver/Src/stm32l0xx_hal_pcd.o
                0x0000000008000ab0                HAL_PCD_Init
 .text.HAL_PCD_Start
                0x0000000008000c98       0x4a Drivers/STM32L0xx_HAL_Driver/Src/stm32l0xx_hal_pcd.o
                0x0000000008000c98                HAL_PCD_Start
 *fill*         0x0000000008000ce2        0x2 
 .text.HAL_PCD_IRQHandler
                0x0000000008000ce4      0x310 Drivers/STM32L0xx_HAL_Driver/Src/stm32l0xx_hal_pcd.o
                0x0000000008000ce4                HAL_PCD_IRQHandler
 .text.HAL_PCD_SetAddress
                0x0000000008000ff4       0x56 Drivers/STM32L0xx_HAL_Driver/Src/stm32l0xx_hal_pcd.o
                0x0000000008000ff4                HAL_PCD_SetAddress
 .text.HAL_PCD_EP_Open
                0x000000000800104a       0xe4 Drivers/STM32L0xx_HAL_Driver/Src/stm32l0xx_hal_pcd.o
                0x000000000800104a                HAL_PCD_EP_Open
 .text.HAL_PCD_EP_Close
                0x000000000800112e       0x96 Drivers/STM32L0xx_HAL_Driver/Src/stm32l0xx_hal_pcd.o
                0x000000000800112e                HAL_PCD_EP_Close
 .text.HAL_PCD_EP_Receive
                0x00000000080011c4       0x82 Drivers/STM32L0xx_HAL_Driver/Src/stm32l0xx_hal_pcd.o
                0x00000000080011c4                HAL_PCD_EP_Receive
 .text.HAL_PCD_EP_GetRxCount
                0x0000000008001246       0x2a Drivers/STM32L0xx_HAL_Driver/Src/stm32l0xx_hal_pcd.o
                0x0000000008001246                HAL_PCD_EP_GetRxCount
 .text.HAL_PCD_EP_Transmit
                0x0000000008001270       0x80 Drivers/STM32L0xx_HAL_Driver/Src/stm32l0xx_hal_pcd.o
                0x0000000008001270                HAL_PCD_EP_Transmit
 .text.HAL_PCD_EP_SetStall
                0x00000000080012f0       0xcc Drivers/STM32L0xx_HAL_Driver/Src/stm32l0xx_hal_pcd.o
                0x00000000080012f0                HAL_PCD_EP_SetStall
 .text.HAL_PCD_EP_ClrStall
                0x00000000080013bc       0xb0 Drivers/STM32L0xx_HAL_Driver/Src/stm32l0xx_hal_pcd.o
                0x00000000080013bc                HAL_PCD_EP_ClrStall
 .text.PCD_EP_ISR_Handler
                0x000000000800146c      0x590 Drivers/STM32L0xx_HAL_Driver/Src/stm32l0xx_hal_pcd.o
 .text.HAL_PCDEx_PMAConfig
                0x00000000080019fc       0x90 Drivers/STM32L0xx_HAL_Driver/Src/stm32l0xx_hal_pcd_ex.o
                0x00000000080019fc                HAL_PCDEx_PMAConfig
 .text.HAL_PCDEx_ActivateBCD
                0x0000000008001a8c       0x4a Drivers/STM32L0xx_HAL_Driver/Src/stm32l0xx_hal_pcd_ex.o
                0x0000000008001a8c                HAL_PCDEx_ActivateBCD
 .text.HAL_PCDEx_ActivateLPM
                0x0000000008001ad6       0x54 Drivers/STM32L0xx_HAL_Driver/Src/stm32l0xx_hal_pcd_ex.o
                0x0000000008001ad6                HAL_PCDEx_ActivateLPM
 .text.HAL_PCDEx_LPM_Callback
                0x0000000008001b2a       0x16 Drivers/STM32L0xx_HAL_Driver/Src/stm32l0xx_hal_pcd_ex.o
                0x0000000008001b2a                HAL_PCDEx_LPM_Callback
 .text.HAL_PWR_EnterSTOPMode
                0x0000000008001b40       0x68 Drivers/STM32L0xx_HAL_Driver/Src/stm32l0xx_hal_pwr.o
                0x0000000008001b40                HAL_PWR_EnterSTOPMode
 .text.HAL_RCC_OscConfig
                0x0000000008001ba8      0x7a0 Drivers/STM32L0xx_HAL_Driver/Src/stm32l0xx_hal_rcc.o
                0x0000000008001ba8                HAL_RCC_OscConfig
 .text.HAL_RCC_ClockConfig
                0x0000000008002348      0x254 Drivers/STM32L0xx_HAL_Driver/Src/stm32l0xx_hal_rcc.o
                0x0000000008002348                HAL_RCC_ClockConfig
 .text.HAL_RCC_GetSysClockFreq
                0x000000000800259c      0x108 Drivers/STM32L0xx_HAL_Driver/Src/stm32l0xx_hal_rcc.o
                0x000000000800259c                HAL_RCC_GetSysClockFreq
 .text.HAL_RCCEx_PeriphCLKConfig
                0x00000000080026a4      0x2e8 Drivers/STM32L0xx_HAL_Driver/Src/stm32l0xx_hal_rcc_ex.o
                0x00000000080026a4                HAL_RCCEx_PeriphCLKConfig
 .text.USB_EnableGlobalInt
                0x000000000800298c       0x34 Drivers/STM32L0xx_HAL_Driver/Src/stm32l0xx_ll_usb.o
                0x000000000800298c                USB_EnableGlobalInt
 .text.USB_DisableGlobalInt
                0x00000000080029c0       0x40 Drivers/STM32L0xx_HAL_Driver/Src/stm32l0xx_ll_usb.o
                0x00000000080029c0                USB_DisableGlobalInt
 .text.USB_DevInit
                0x0000000008002a00       0x60 Drivers/STM32L0xx_HAL_Driver/Src/stm32l0xx_ll_usb.o
                0x0000000008002a00                USB_DevInit
 .text.USB_ActivateEndpoint
                0x0000000008002a60      0x5e0 Drivers/STM32L0xx_HAL_Driver/Src/stm32l0xx_ll_usb.o
                0x0000000008002a60                USB_ActivateEndpoint
 .text.USB_DeactivateEndpoint
                0x0000000008003040      0x2ec Drivers/STM32L0xx_HAL_Driver/Src/stm32l0xx_ll_usb.o
                0x0000000008003040                USB_DeactivateEndpoint
 .text.USB_EPStartXfer
                0x000000000800332c      0x560 Drivers/STM32L0xx_HAL_Driver/Src/stm32l0xx_ll_usb.o
                0x000000000800332c                USB_EPStartXfer
 .text.USB_EPSetStall
                0x000000000800388c       0x84 Drivers/STM32L0xx_HAL_Driver/Src/stm32l0xx_ll_usb.o
                0x000000000800388c                USB_EPSetStall
 .text.USB_EPClearStall
                0x0000000008003910      0x118 Drivers/STM32L0xx_HAL_Driver/Src/stm32l0xx_ll_usb.o
                0x0000000008003910                USB_EPClearStall
 .text.USB_SetDevAddress
                0x0000000008003a28       0x28 Drivers/STM32L0xx_HAL_Driver/Src/stm32l0xx_ll_usb.o
                0x0000000008003a28                USB_SetDevAddress
 .text.USB_DevConnect
                0x0000000008003a50       0x2c Drivers/STM32L0xx_HAL_Driver/Src/stm32l0xx_ll_usb.o
                0x0000000008003a50                USB_DevConnect
 .text.USB_ReadInterrupts
                0x0000000008003a7c       0x1c Drivers/STM32L0xx_HAL_Driver/Src/stm32l0xx_ll_usb.o
                0x0000000008003a7c                USB_ReadInterrupts
 .text.USB_EP0_OutStart
                0x0000000008003a98       0x14 Drivers/STM32L0xx_HAL_Driver/Src/stm32l0xx_ll_usb.o
                0x0000000008003a98                USB_EP0_OutStart
 .text.USB_WritePMA
                0x0000000008003aac       0x86 Drivers/STM32L0xx_HAL_Driver/Src/stm32l0xx_ll_usb.o
                0x0000000008003aac                USB_WritePMA
 .text.USB_ReadPMA
                0x0000000008003b32       0x9a Drivers/STM32L0xx_HAL_Driver/Src/stm32l0xx_ll_usb.o
                0x0000000008003b32                USB_ReadPMA
 .text.USBD_CDC_Init
                0x0000000008003bcc      0x118 Middlewares/ST/STM32_USB_Device_Library/Class/CDC/Src/usbd_cdc.o
 .text.USBD_CDC_DeInit
                0x0000000008003ce4       0x88 Middlewares/ST/STM32_USB_Device_Library/Class/CDC/Src/usbd_cdc.o
 .text.USBD_CDC_Setup
                0x0000000008003d6c      0x18c Middlewares/ST/STM32_USB_Device_Library/Class/CDC/Src/usbd_cdc.o
 .text.USBD_CDC_DataIn
                0x0000000008003ef8       0xb0 Middlewares/ST/STM32_USB_Device_Library/Class/CDC/Src/usbd_cdc.o
 .text.USBD_CDC_DataOut
                0x0000000008003fa8       0x6a Middlewares/ST/STM32_USB_Device_Library/Class/CDC/Src/usbd_cdc.o
 *fill*         0x0000000008004012        0x2 
 .text.USBD_CDC_EP0_RxReady
                0x0000000008004014       0x64 Middlewares/ST/STM32_USB_Device_Library/Class/CDC/Src/usbd_cdc.o
 .text.USBD_CDC_GetFSCfgDesc
                0x0000000008004078       0x1c Middlewares/ST/STM32_USB_Device_Library/Class/CDC/Src/usbd_cdc.o
 .text.USBD_CDC_GetHSCfgDesc
                0x0000000008004094       0x1c Middlewares/ST/STM32_USB_Device_Library/Class/CDC/Src/usbd_cdc.o
 .text.USBD_CDC_GetOtherSpeedCfgDesc
                0x00000000080040b0       0x1c Middlewares/ST/STM32_USB_Device_Library/Class/CDC/Src/usbd_cdc.o
 .text.USBD_CDC_GetDeviceQualifierDescriptor
                0x00000000080040cc       0x1c Middlewares/ST/STM32_USB_Device_Library/Class/CDC/Src/usbd_cdc.o
                0x00000000080040cc                USBD_CDC_GetDeviceQualifierDescriptor
 .text.USBD_CDC_RegisterInterface
                0x00000000080040e8       0x38 Middlewares/ST/STM32_USB_Device_Library/Class/CDC/Src/usbd_cdc.o
                0x00000000080040e8                USBD_CDC_RegisterInterface
 .text.USBD_CDC_SetTxBuffer
                0x0000000008004120       0x38 Middlewares/ST/STM32_USB_Device_Library/Class/CDC/Src/usbd_cdc.o
                0x0000000008004120                USBD_CDC_SetTxBuffer
 .text.USBD_CDC_SetRxBuffer
                0x0000000008004158       0x28 Middlewares/ST/STM32_USB_Device_Library/Class/CDC/Src/usbd_cdc.o
                0x0000000008004158                USBD_CDC_SetRxBuffer
 .text.USBD_CDC_TransmitPacket
                0x0000000008004180       0x6e Middlewares/ST/STM32_USB_Device_Library/Class/CDC/Src/usbd_cdc.o
                0x0000000008004180                USBD_CDC_TransmitPacket
 .text.USBD_CDC_ReceivePacket
                0x00000000080041ee       0x5c Middlewares/ST/STM32_USB_Device_Library/Class/CDC/Src/usbd_cdc.o
                0x00000000080041ee                USBD_CDC_ReceivePacket
 .text.USBD_Init
                0x000000000800424a       0x62 Middlewares/ST/STM32_USB_Device_Library/Core/Src/usbd_core.o
                0x000000000800424a                USBD_Init
 .text.USBD_RegisterClass
                0x00000000080042ac       0x42 Middlewares/ST/STM32_USB_Device_Library/Core/Src/usbd_core.o
                0x00000000080042ac                USBD_RegisterClass
 .text.USBD_Start
                0x00000000080042ee       0x1a Middlewares/ST/STM32_USB_Device_Library/Core/Src/usbd_core.o
                0x00000000080042ee                USBD_Start
 .text.USBD_RunTestMode
                0x0000000008004308       0x12 Middlewares/ST/STM32_USB_Device_Library/Core/Src/usbd_core.o
                0x0000000008004308                USBD_RunTestMode
 .text.USBD_SetClassConfig
                0x000000000800431a       0x50 Middlewares/ST/STM32_USB_Device_Library/Core/Src/usbd_core.o
                0x000000000800431a                USBD_SetClassConfig
 .text.USBD_ClrClassConfig
                0x000000000800436a       0x2c Middlewares/ST/STM32_USB_Device_Library/Core/Src/usbd_core.o
                0x000000000800436a                USBD_ClrClassConfig
 *fill*         0x0000000008004396        0x2 
 .text.USBD_LL_SetupStage
                0x0000000008004398       0xb8 Middlewares/ST/STM32_USB_Device_Library/Core/Src/usbd_core.o
                0x0000000008004398                USBD_LL_SetupStage
 .text.USBD_LL_DataOutStage
                0x0000000008004450      0x104 Middlewares/ST/STM32_USB_Device_Library/Core/Src/usbd_core.o
                0x0000000008004450                USBD_LL_DataOutStage
 .text.USBD_LL_DataInStage
                0x0000000008004554      0x17a Middlewares/ST/STM32_USB_Device_Library/Core/Src/usbd_core.o
                0x0000000008004554                USBD_LL_DataInStage
 .text.USBD_LL_Reset
                0x00000000080046ce       0x90 Middlewares/ST/STM32_USB_Device_Library/Core/Src/usbd_core.o
                0x00000000080046ce                USBD_LL_Reset
 .text.USBD_LL_SetSpeed
                0x000000000800475e       0x20 Middlewares/ST/STM32_USB_Device_Library/Core/Src/usbd_core.o
                0x000000000800475e                USBD_LL_SetSpeed
 *fill*         0x000000000800477e        0x2 
 .text.USBD_LL_Suspend
                0x0000000008004780       0x30 Middlewares/ST/STM32_USB_Device_Library/Core/Src/usbd_core.o
                0x0000000008004780                USBD_LL_Suspend
 .text.USBD_LL_Resume
                0x00000000080047b0       0x24 Middlewares/ST/STM32_USB_Device_Library/Core/Src/usbd_core.o
                0x00000000080047b0                USBD_LL_Resume
 .text.USBD_LL_SOF
                0x00000000080047d4       0x3c Middlewares/ST/STM32_USB_Device_Library/Core/Src/usbd_core.o
                0x00000000080047d4                USBD_LL_SOF
 .text.USBD_StdDevReq
                0x0000000008004810       0xe4 Middlewares/ST/STM32_USB_Device_Library/Core/Src/usbd_ctlreq.o
                0x0000000008004810                USBD_StdDevReq
 .text.USBD_StdItfReq
                0x00000000080048f4       0xae Middlewares/ST/STM32_USB_Device_Library/Core/Src/usbd_ctlreq.o
                0x00000000080048f4                USBD_StdItfReq
 .text.USBD_StdEPReq
                0x00000000080049a2      0x378 Middlewares/ST/STM32_USB_Device_Library/Core/Src/usbd_ctlreq.o
                0x00000000080049a2                USBD_StdEPReq
 *fill*         0x0000000008004d1a        0x2 
 .text.USBD_GetDescriptor
                0x0000000008004d1c      0x224 Middlewares/ST/STM32_USB_Device_Library/Core/Src/usbd_ctlreq.o
 .text.USBD_SetAddress
                0x0000000008004f40       0xa8 Middlewares/ST/STM32_USB_Device_Library/Core/Src/usbd_ctlreq.o
 .text.USBD_SetConfig
                0x0000000008004fe8      0x148 Middlewares/ST/STM32_USB_Device_Library/Core/Src/usbd_ctlreq.o
 .text.USBD_GetConfig
                0x0000000008005130       0x74 Middlewares/ST/STM32_USB_Device_Library/Core/Src/usbd_ctlreq.o
 .text.USBD_GetStatus
                0x00000000080051a4       0x74 Middlewares/ST/STM32_USB_Device_Library/Core/Src/usbd_ctlreq.o
 .text.USBD_SetFeature
                0x0000000008005218       0x2c Middlewares/ST/STM32_USB_Device_Library/Core/Src/usbd_ctlreq.o
 .text.USBD_ClrFeature
                0x0000000008005244       0x4c Middlewares/ST/STM32_USB_Device_Library/Core/Src/usbd_ctlreq.o
 .text.USBD_ParseSetupRequest
                0x0000000008005290       0x76 Middlewares/ST/STM32_USB_Device_Library/Core/Src/usbd_ctlreq.o
                0x0000000008005290                USBD_ParseSetupRequest
 .text.USBD_CtlError
                0x0000000008005306       0x26 Middlewares/ST/STM32_USB_Device_Library/Core/Src/usbd_ctlreq.o
                0x0000000008005306                USBD_CtlError
 .text.USBD_GetString
                0x000000000800532c       0x9e Middlewares/ST/STM32_USB_Device_Library/Core/Src/usbd_ctlreq.o
                0x000000000800532c                USBD_GetString
 .text.USBD_GetLen
                0x00000000080053ca       0x3a Middlewares/ST/STM32_USB_Device_Library/Core/Src/usbd_ctlreq.o
 .text.USBD_CtlSendData
                0x0000000008005404       0x40 Middlewares/ST/STM32_USB_Device_Library/Core/Src/usbd_ioreq.o
                0x0000000008005404                USBD_CtlSendData
 .text.USBD_CtlContinueSendData
                0x0000000008005444       0x26 Middlewares/ST/STM32_USB_Device_Library/Core/Src/usbd_ioreq.o
                0x0000000008005444                USBD_CtlContinueSendData
 .text.USBD_CtlPrepareRx
                0x000000000800546a       0x48 Middlewares/ST/STM32_USB_Device_Library/Core/Src/usbd_ioreq.o
                0x000000000800546a                USBD_CtlPrepareRx
 .text.USBD_CtlContinueRx
                0x00000000080054b2       0x26 Middlewares/ST/STM32_USB_Device_Library/Core/Src/usbd_ioreq.o
                0x00000000080054b2                USBD_CtlContinueRx
 .text.USBD_CtlSendStatus
                0x00000000080054d8       0x28 Middlewares/ST/STM32_USB_Device_Library/Core/Src/usbd_ioreq.o
                0x00000000080054d8                USBD_CtlSendStatus
 .text.USBD_CtlReceiveStatus
                0x0000000008005500       0x28 Middlewares/ST/STM32_USB_Device_Library/Core/Src/usbd_ioreq.o
                0x0000000008005500                USBD_CtlReceiveStatus
 .text.InitGame
                0x0000000008005528       0x30 Src/game.o
                0x0000000008005528                InitGame
 .text.PrintBadInput
                0x0000000008005558       0xc8 Src/game.o
                0x0000000008005558                PrintBadInput
 .text.GameLoop
                0x0000000008005620       0xc0 Src/game.o
                0x0000000008005620                GameLoop
 .text.UseItem  0x00000000080056e0       0xd0 Src/game.o
                0x00000000080056e0                UseItem
 .text.PrintLocation
                0x00000000080057b0      0x174 Src/game.o
                0x00000000080057b0                PrintLocation
 .text.PrintInventory
                0x0000000008005924       0x50 Src/game.o
                0x0000000008005924                PrintInventory
 .text.ExamineItem
                0x0000000008005974       0x40 Src/game.o
                0x0000000008005974                ExamineItem
 .text.GetItem  0x00000000080059b4       0x98 Src/game.o
                0x00000000080059b4                GetItem
 .text.MovePlayer
                0x0000000008005a4c      0x1ec Src/game.o
                0x0000000008005a4c                MovePlayer
 .text.UseItemStateMachine
                0x0000000008005c38       0x70 Src/game.o
                0x0000000008005c38                UseItemStateMachine
 .text.InitItms
                0x0000000008005ca8       0x50 Src/items.o
                0x0000000008005ca8                InitItms
 .text.GetItmByToken
                0x0000000008005cf8       0x60 Src/items.o
                0x0000000008005cf8                GetItmByToken
 .text.TokenizeUserInput
                0x0000000008005d58      0x548 Src/lexer.o
                0x0000000008005d58                TokenizeUserInput
 .text.main     0x00000000080062a0       0x34 Src/main.o
                0x00000000080062a0                main
 .text.SystemClock_Config
                0x00000000080062d4       0xdc Src/main.o
                0x00000000080062d4                SystemClock_Config
 .text.MX_I2C1_Init
                0x00000000080063b0       0x80 Src/main.o
 .text.MX_GPIO_Init
                0x0000000008006430       0xc0 Src/main.o
 .text.Error_Handler
                0x00000000080064f0        0xa Src/main.o
                0x00000000080064f0                Error_Handler
 *fill*         0x00000000080064fa        0x2 
 .text.InitObjs
                0x00000000080064fc       0x44 Src/objects.o
                0x00000000080064fc                InitObjs
 .text.GetObjByToken
                0x0000000008006540       0x60 Src/objects.o
                0x0000000008006540                GetObjByToken
 .text.DeepSleep
                0x00000000080065a0       0x34 Src/power.o
                0x00000000080065a0                DeepSleep
 .text.InitRooms
                0x00000000080065d4      0x2f8 Src/rooms.o
                0x00000000080065d4                InitRooms
 .text.GetRoomByToken
                0x00000000080068cc       0x60 Src/rooms.o
                0x00000000080068cc                GetRoomByToken
 .text.HAL_MspInit
                0x000000000800692c       0x28 Src/stm32l0xx_hal_msp.o
                0x000000000800692c                HAL_MspInit
 .text.HAL_I2C_MspInit
                0x0000000008006954       0x88 Src/stm32l0xx_hal_msp.o
                0x0000000008006954                HAL_I2C_MspInit
 .text.NMI_Handler
                0x00000000080069dc        0xa Src/stm32l0xx_it.o
                0x00000000080069dc                NMI_Handler
 .text.HardFault_Handler
                0x00000000080069e6        0x6 Src/stm32l0xx_it.o
                0x00000000080069e6                HardFault_Handler
 .text.SVC_Handler
                0x00000000080069ec        0xa Src/stm32l0xx_it.o
                0x00000000080069ec                SVC_Handler
 .text.PendSV_Handler
                0x00000000080069f6        0xa Src/stm32l0xx_it.o
                0x00000000080069f6                PendSV_Handler
 .text.SysTick_Handler
                0x0000000008006a00        0xe Src/stm32l0xx_it.o
                0x0000000008006a00                SysTick_Handler
 *fill*         0x0000000008006a0e        0x2 
 .text.EXTI4_15_IRQHandler
                0x0000000008006a10       0x20 Src/stm32l0xx_it.o
                0x0000000008006a10                EXTI4_15_IRQHandler
 .text.USB_IRQHandler
                0x0000000008006a30       0x18 Src/stm32l0xx_it.o
                0x0000000008006a30                USB_IRQHandler
 .text._sbrk    0x0000000008006a48       0x58 Src/sysmem.o
                0x0000000008006a48                _sbrk
 .text.SystemInit
                0x0000000008006aa0       0x7c Src/system_stm32l0xx.o
                0x0000000008006aa0                SystemInit
 .text.MX_USB_DEVICE_Init
                0x0000000008006b1c       0x68 Src/usb_device.o
                0x0000000008006b1c                MX_USB_DEVICE_Init
 .text.CDC_Init_FS
                0x0000000008006b84       0x44 Src/usbd_cdc_if.o
 .text.CDC_DeInit_FS
                0x0000000008006bc8        0xc Src/usbd_cdc_if.o
 .text.CDC_Control_FS
                0x0000000008006bd4       0x38 Src/usbd_cdc_if.o
 .text.CDC_Receive_FS
                0x0000000008006c0c      0x124 Src/usbd_cdc_if.o
 .text.CDC_Transmit_FS
                0x0000000008006d30       0x60 Src/usbd_cdc_if.o
                0x0000000008006d30                CDC_Transmit_FS
 .text.GetUserDataBuf
                0x0000000008006d90       0x10 Src/usbd_cdc_if.o
                0x0000000008006d90                GetUserDataBuf
 .text.ClearUserDataBuf
                0x0000000008006da0       0x30 Src/usbd_cdc_if.o
                0x0000000008006da0                ClearUserDataBuf
 .text.ClearTxBuffer
                0x0000000008006dd0       0x1c Src/usbd_cdc_if.o
                0x0000000008006dd0                ClearTxBuffer
 .text.PrintToConsole
                0x0000000008006dec       0x90 Src/usbd_cdc_if.o
                0x0000000008006dec                PrintToConsole
 .text.CheckUserDataReady
                0x0000000008006e7c       0x14 Src/usbd_cdc_if.o
                0x0000000008006e7c                CheckUserDataReady
 .text.GetUserDataSize
                0x0000000008006e90       0x14 Src/usbd_cdc_if.o
                0x0000000008006e90                GetUserDataSize
 .text.PrintStrToConsole
                0x0000000008006ea4       0x80 Src/usbd_cdc_if.o
                0x0000000008006ea4                PrintStrToConsole
 .text.HAL_PCD_MspInit
                0x0000000008006f24       0x40 Src/usbd_conf.o
                0x0000000008006f24                HAL_PCD_MspInit
 .text.HAL_PCD_SetupStageCallback
                0x0000000008006f64       0x2a Src/usbd_conf.o
                0x0000000008006f64                HAL_PCD_SetupStageCallback
 .text.HAL_PCD_DataOutStageCallback
                0x0000000008006f8e       0x3a Src/usbd_conf.o
                0x0000000008006f8e                HAL_PCD_DataOutStageCallback
 .text.HAL_PCD_DataInStageCallback
                0x0000000008006fc8       0x36 Src/usbd_conf.o
                0x0000000008006fc8                HAL_PCD_DataInStageCallback
 .text.HAL_PCD_SOFCallback
                0x0000000008006ffe       0x1e Src/usbd_conf.o
                0x0000000008006ffe                HAL_PCD_SOFCallback
 .text.HAL_PCD_ResetCallback
                0x000000000800701c       0x48 Src/usbd_conf.o
                0x000000000800701c                HAL_PCD_ResetCallback
 .text.HAL_PCD_SuspendCallback
                0x0000000008007064       0x38 Src/usbd_conf.o
                0x0000000008007064                HAL_PCD_SuspendCallback
 .text.HAL_PCD_ResumeCallback
                0x000000000800709c       0x3c Src/usbd_conf.o
                0x000000000800709c                HAL_PCD_ResumeCallback
 .text.USBD_LL_Init
                0x00000000080070d8       0xc8 Src/usbd_conf.o
                0x00000000080070d8                USBD_LL_Init
 .text.USBD_LL_Start
                0x00000000080071a0       0x4c Src/usbd_conf.o
                0x00000000080071a0                USBD_LL_Start
 .text.USBD_LL_OpenEP
                0x00000000080071ec       0x6e Src/usbd_conf.o
                0x00000000080071ec                USBD_LL_OpenEP
 .text.USBD_LL_CloseEP
                0x000000000800725a       0x58 Src/usbd_conf.o
                0x000000000800725a                USBD_LL_CloseEP
 .text.USBD_LL_StallEP
                0x00000000080072b2       0x58 Src/usbd_conf.o
                0x00000000080072b2                USBD_LL_StallEP
 .text.USBD_LL_ClearStallEP
                0x000000000800730a       0x58 Src/usbd_conf.o
                0x000000000800730a                USBD_LL_ClearStallEP
 .text.USBD_LL_IsStallEP
                0x0000000008007362       0x56 Src/usbd_conf.o
                0x0000000008007362                USBD_LL_IsStallEP
 .text.USBD_LL_SetUSBAddress
                0x00000000080073b8       0x58 Src/usbd_conf.o
                0x00000000080073b8                USBD_LL_SetUSBAddress
 .text.USBD_LL_Transmit
                0x0000000008007410       0x70 Src/usbd_conf.o
                0x0000000008007410                USBD_LL_Transmit
 .text.USBD_LL_PrepareReceive
                0x0000000008007480       0x70 Src/usbd_conf.o
                0x0000000008007480                USBD_LL_PrepareReceive
 .text.USBD_LL_GetRxDataSize
                0x00000000080074f0       0x2c Src/usbd_conf.o
                0x00000000080074f0                USBD_LL_GetRxDataSize
 .text.USBD_static_malloc
                0x000000000800751c       0x18 Src/usbd_conf.o
                0x000000000800751c                USBD_static_malloc
 .text.USBD_static_free
                0x0000000008007534       0x10 Src/usbd_conf.o
                0x0000000008007534                USBD_static_free
 .text.SystemClockConfig_Resume
                0x0000000008007544        0xe Src/usbd_conf.o
 .text.USBD_Get_USB_Status
                0x0000000008007552       0x6e Src/usbd_conf.o
 .text.USBD_FS_DeviceDescriptor
                0x00000000080075c0       0x24 Src/usbd_desc.o
                0x00000000080075c0                USBD_FS_DeviceDescriptor
 .text.USBD_FS_LangIDStrDescriptor
                0x00000000080075e4       0x24 Src/usbd_desc.o
                0x00000000080075e4                USBD_FS_LangIDStrDescriptor
 .text.USBD_FS_ProductStrDescriptor
                0x0000000008007608       0x44 Src/usbd_desc.o
                0x0000000008007608                USBD_FS_ProductStrDescriptor
 .text.USBD_FS_ManufacturerStrDescriptor
                0x000000000800764c       0x2c Src/usbd_desc.o
                0x000000000800764c                USBD_FS_ManufacturerStrDescriptor
 .text.USBD_FS_SerialStrDescriptor
                0x0000000008007678       0x28 Src/usbd_desc.o
                0x0000000008007678                USBD_FS_SerialStrDescriptor
 .text.USBD_FS_ConfigStrDescriptor
                0x00000000080076a0       0x44 Src/usbd_desc.o
                0x00000000080076a0                USBD_FS_ConfigStrDescriptor
 .text.USBD_FS_InterfaceStrDescriptor
                0x00000000080076e4       0x44 Src/usbd_desc.o
                0x00000000080076e4                USBD_FS_InterfaceStrDescriptor
 .text.Get_SerialNum
                0x0000000008007728       0x5c Src/usbd_desc.o
 .text.IntToUnicode
                0x0000000008007784       0x94 Src/usbd_desc.o
 .text.Reset_Handler
                0x0000000008007818       0x50 Startup/startup_stm32l073rztx.o
                0x0000000008007818                Reset_Handler
 .text.Default_Handler
                0x0000000008007868        0x2 Startup/startup_stm32l073rztx.o
                0x0000000008007868                TSC_IRQHandler
                0x0000000008007868                ADC1_COMP_IRQHandler
                0x0000000008007868                PVD_IRQHandler
                0x0000000008007868                I2C1_IRQHandler
                0x0000000008007868                RCC_CRS_IRQHandler
                0x0000000008007868                SPI1_IRQHandler
                0x0000000008007868                TIM6_DAC_IRQHandler
                0x0000000008007868                EXTI2_3_IRQHandler
                0x0000000008007868                I2C2_IRQHandler
                0x0000000008007868                RTC_IRQHandler
                0x0000000008007868                LCD_IRQHandler
                0x0000000008007868                DMA1_Channel4_5_6_7_IRQHandler
                0x0000000008007868                TIM3_IRQHandler
                0x0000000008007868                DMA1_Channel1_IRQHandler
                0x0000000008007868                USART4_5_IRQHandler
                0x0000000008007868                Default_Handler
                0x0000000008007868                TIM22_IRQHandler
                0x0000000008007868                TIM7_IRQHandler
                0x0000000008007868                EXTI0_1_IRQHandler
                0x0000000008007868                I2C3_IRQHandler
                0x0000000008007868                SPI2_IRQHandler
                0x0000000008007868                TIM21_IRQHandler
                0x0000000008007868                WWDG_IRQHandler
                0x0000000008007868                TIM2_IRQHandler
                0x0000000008007868                DMA1_Channel2_3_IRQHandler
                0x0000000008007868                USART2_IRQHandler
                0x0000000008007868                FLASH_IRQHandler
                0x0000000008007868                USART1_IRQHandler
                0x0000000008007868                RNG_LPUART1_IRQHandler
                0x0000000008007868                LPTIM1_IRQHandler
 *fill*         0x000000000800786a        0x2 
 .text.__errno  0x000000000800786c        0xc /opt/st/stm32cubeide_1.0.1/plugins/com.st.stm32cube.ide.mcu.externaltools.gnu-tools-for-stm32.7-2018-q2-update.linux64_1.0.0.201904181610/tools/bin/../lib/gcc/arm-none-eabi/7.3.1/../../../../arm-none-eabi/lib/thumb/v6-m/libc_nano.a(lib_a-errno.o)
                0x000000000800786c                __errno
 .text.__libc_init_array
                0x0000000008007878       0x48 /opt/st/stm32cubeide_1.0.1/plugins/com.st.stm32cube.ide.mcu.externaltools.gnu-tools-for-stm32.7-2018-q2-update.linux64_1.0.0.201904181610/tools/bin/../lib/gcc/arm-none-eabi/7.3.1/../../../../arm-none-eabi/lib/thumb/v6-m/libc_nano.a(lib_a-init.o)
                0x0000000008007878                __libc_init_array
 .text.memcpy   0x00000000080078c0       0x12 /opt/st/stm32cubeide_1.0.1/plugins/com.st.stm32cube.ide.mcu.externaltools.gnu-tools-for-stm32.7-2018-q2-update.linux64_1.0.0.201904181610/tools/bin/../lib/gcc/arm-none-eabi/7.3.1/../../../../arm-none-eabi/lib/thumb/v6-m/libc_nano.a(lib_a-memcpy-stub.o)
                0x00000000080078c0                memcpy
 .text.memset   0x00000000080078d2       0x10 /opt/st/stm32cubeide_1.0.1/plugins/com.st.stm32cube.ide.mcu.externaltools.gnu-tools-for-stm32.7-2018-q2-update.linux64_1.0.0.201904181610/tools/bin/../lib/gcc/arm-none-eabi/7.3.1/../../../../arm-none-eabi/lib/thumb/v6-m/libc_nano.a(lib_a-memset.o)
                0x00000000080078d2                memset
 *fill*         0x00000000080078e2        0x2 
 .text.snprintf
                0x00000000080078e4       0x64 /opt/st/stm32cubeide_1.0.1/plugins/com.st.stm32cube.ide.mcu.externaltools.gnu-tools-for-stm32.7-2018-q2-update.linux64_1.0.0.201904181610/tools/bin/../lib/gcc/arm-none-eabi/7.3.1/../../../../arm-none-eabi/lib/thumb/v6-m/libc_nano.a(lib_a-snprintf.o)
                0x00000000080078e4                snprintf
                0x00000000080078e4                sniprintf
 .text.strncmp  0x0000000008007948       0x22 /opt/st/stm32cubeide_1.0.1/plugins/com.st.stm32cube.ide.mcu.externaltools.gnu-tools-for-stm32.7-2018-q2-update.linux64_1.0.0.201904181610/tools/bin/../lib/gcc/arm-none-eabi/7.3.1/../../../../arm-none-eabi/lib/thumb/v6-m/libc_nano.a(lib_a-strncmp.o)
                0x0000000008007948                strncmp
 *fill*         0x000000000800796a        0x2 
 .text.__ssputs_r
                0x000000000800796c       0xc4 /opt/st/stm32cubeide_1.0.1/plugins/com.st.stm32cube.ide.mcu.externaltools.gnu-tools-for-stm32.7-2018-q2-update.linux64_1.0.0.201904181610/tools/bin/../lib/gcc/arm-none-eabi/7.3.1/../../../../arm-none-eabi/lib/thumb/v6-m/libc_nano.a(lib_a-nano-svfprintf.o)
                0x000000000800796c                __ssputs_r
 .text._svfprintf_r
                0x0000000008007a30      0x1fc /opt/st/stm32cubeide_1.0.1/plugins/com.st.stm32cube.ide.mcu.externaltools.gnu-tools-for-stm32.7-2018-q2-update.linux64_1.0.0.201904181610/tools/bin/../lib/gcc/arm-none-eabi/7.3.1/../../../../arm-none-eabi/lib/thumb/v6-m/libc_nano.a(lib_a-nano-svfprintf.o)
                0x0000000008007a30                _svfprintf_r
                0x0000000008007a30                _svfiprintf_r
 .text._printf_common
                0x0000000008007c2c       0xda /opt/st/stm32cubeide_1.0.1/plugins/com.st.stm32cube.ide.mcu.externaltools.gnu-tools-for-stm32.7-2018-q2-update.linux64_1.0.0.201904181610/tools/bin/../lib/gcc/arm-none-eabi/7.3.1/../../../../arm-none-eabi/lib/thumb/v6-m/libc_nano.a(lib_a-nano-vfprintf_i.o)
                0x0000000008007c2c                _printf_common
 *fill*         0x0000000008007d06        0x2 
 .text._printf_i
                0x0000000008007d08      0x210 /opt/st/stm32cubeide_1.0.1/plugins/com.st.stm32cube.ide.mcu.externaltools.gnu-tools-for-stm32.7-2018-q2-update.linux64_1.0.0.201904181610/tools/bin/../lib/gcc/arm-none-eabi/7.3.1/../../../../arm-none-eabi/lib/thumb/v6-m/libc_nano.a(lib_a-nano-vfprintf_i.o)
                0x0000000008007d08                _printf_i
 .text.memchr   0x0000000008007f18       0x16 /opt/st/stm32cubeide_1.0.1/plugins/com.st.stm32cube.ide.mcu.externaltools.gnu-tools-for-stm32.7-2018-q2-update.linux64_1.0.0.201904181610/tools/bin/../lib/gcc/arm-none-eabi/7.3.1/../../../../arm-none-eabi/lib/thumb/v6-m/libc_nano.a(lib_a-memchr-stub.o)
                0x0000000008007f18                memchr
 .text.memmove  0x0000000008007f2e       0x26 /opt/st/stm32cubeide_1.0.1/plugins/com.st.stm32cube.ide.mcu.externaltools.gnu-tools-for-stm32.7-2018-q2-update.linux64_1.0.0.201904181610/tools/bin/../lib/gcc/arm-none-eabi/7.3.1/../../../../arm-none-eabi/lib/thumb/v6-m/libc_nano.a(lib_a-memmove.o)
                0x0000000008007f2e                memmove
 .text._free_r  0x0000000008007f54       0x94 /opt/st/stm32cubeide_1.0.1/plugins/com.st.stm32cube.ide.mcu.externaltools.gnu-tools-for-stm32.7-2018-q2-update.linux64_1.0.0.201904181610/tools/bin/../lib/gcc/arm-none-eabi/7.3.1/../../../../arm-none-eabi/lib/thumb/v6-m/libc_nano.a(lib_a-nano-freer.o)
                0x0000000008007f54                _free_r
 .text._malloc_r
                0x0000000008007fe8       0xbc /opt/st/stm32cubeide_1.0.1/plugins/com.st.stm32cube.ide.mcu.externaltools.gnu-tools-for-stm32.7-2018-q2-update.linux64_1.0.0.201904181610/tools/bin/../lib/gcc/arm-none-eabi/7.3.1/../../../../arm-none-eabi/lib/thumb/v6-m/libc_nano.a(lib_a-nano-mallocr.o)
                0x0000000008007fe8                _malloc_r
 .text._realloc_r
                0x00000000080080a4       0x4c /opt/st/stm32cubeide_1.0.1/plugins/com.st.stm32cube.ide.mcu.externaltools.gnu-tools-for-stm32.7-2018-q2-update.linux64_1.0.0.201904181610/tools/bin/../lib/gcc/arm-none-eabi/7.3.1/../../../../arm-none-eabi/lib/thumb/v6-m/libc_nano.a(lib_a-nano-reallocr.o)
                0x00000000080080a4                _realloc_r
 .text._sbrk_r  0x00000000080080f0       0x24 /opt/st/stm32cubeide_1.0.1/plugins/com.st.stm32cube.ide.mcu.externaltools.gnu-tools-for-stm32.7-2018-q2-update.linux64_1.0.0.201904181610/tools/bin/../lib/gcc/arm-none-eabi/7.3.1/../../../../arm-none-eabi/lib/thumb/v6-m/libc_nano.a(lib_a-sbrkr.o)
                0x00000000080080f0                _sbrk_r
 .text.__malloc_lock
                0x0000000008008114        0x2 /opt/st/stm32cubeide_1.0.1/plugins/com.st.stm32cube.ide.mcu.externaltools.gnu-tools-for-stm32.7-2018-q2-update.linux64_1.0.0.201904181610/tools/bin/../lib/gcc/arm-none-eabi/7.3.1/../../../../arm-none-eabi/lib/thumb/v6-m/libc_nano.a(lib_a-mlock.o)
                0x0000000008008114                __malloc_lock
 .text.__malloc_unlock
                0x0000000008008116        0x2 /opt/st/stm32cubeide_1.0.1/plugins/com.st.stm32cube.ide.mcu.externaltools.gnu-tools-for-stm32.7-2018-q2-update.linux64_1.0.0.201904181610/tools/bin/../lib/gcc/arm-none-eabi/7.3.1/../../../../arm-none-eabi/lib/thumb/v6-m/libc_nano.a(lib_a-mlock.o)
                0x0000000008008116                __malloc_unlock
 .text._malloc_usable_size_r
                0x0000000008008118       0x10 /opt/st/stm32cubeide_1.0.1/plugins/com.st.stm32cube.ide.mcu.externaltools.gnu-tools-for-stm32.7-2018-q2-update.linux64_1.0.0.201904181610/tools/bin/../lib/gcc/arm-none-eabi/7.3.1/../../../../arm-none-eabi/lib/thumb/v6-m/libc_nano.a(lib_a-nano-msizer.o)
                0x0000000008008118                _malloc_usable_size_r
 *(.glue_7)
 .glue_7        0x0000000008008128        0x0 linker stubs
 *(.glue_7t)
 .glue_7t       0x0000000008008128        0x0 linker stubs
 *(.eh_frame)
 .eh_frame      0x0000000008008128        0x0 /opt/st/stm32cubeide_1.0.1/plugins/com.st.stm32cube.ide.mcu.externaltools.gnu-tools-for-stm32.7-2018-q2-update.linux64_1.0.0.201904181610/tools/bin/../lib/gcc/arm-none-eabi/7.3.1/thumb/v6-m/crtbegin.o
 *(.init)
 .init          0x0000000008008128        0x4 /opt/st/stm32cubeide_1.0.1/plugins/com.st.stm32cube.ide.mcu.externaltools.gnu-tools-for-stm32.7-2018-q2-update.linux64_1.0.0.201904181610/tools/bin/../lib/gcc/arm-none-eabi/7.3.1/thumb/v6-m/crti.o
                0x0000000008008128                _init
 .init          0x000000000800812c        0x8 /opt/st/stm32cubeide_1.0.1/plugins/com.st.stm32cube.ide.mcu.externaltools.gnu-tools-for-stm32.7-2018-q2-update.linux64_1.0.0.201904181610/tools/bin/../lib/gcc/arm-none-eabi/7.3.1/thumb/v6-m/crtn.o
 *(.fini)
 .fini          0x0000000008008134        0x4 /opt/st/stm32cubeide_1.0.1/plugins/com.st.stm32cube.ide.mcu.externaltools.gnu-tools-for-stm32.7-2018-q2-update.linux64_1.0.0.201904181610/tools/bin/../lib/gcc/arm-none-eabi/7.3.1/thumb/v6-m/crti.o
                0x0000000008008134                _fini
 .fini          0x0000000008008138        0x8 /opt/st/stm32cubeide_1.0.1/plugins/com.st.stm32cube.ide.mcu.externaltools.gnu-tools-for-stm32.7-2018-q2-update.linux64_1.0.0.201904181610/tools/bin/../lib/gcc/arm-none-eabi/7.3.1/thumb/v6-m/crtn.o
                0x0000000008008140                . = ALIGN (0x4)
                0x0000000008008140                _etext = .

.vfp11_veneer   0x0000000008008140        0x0
 .vfp11_veneer  0x0000000008008140        0x0 linker stubs

.v4_bx          0x0000000008008140        0x0
 .v4_bx         0x0000000008008140        0x0 linker stubs

.iplt           0x0000000008008140        0x0
 .iplt          0x0000000008008140        0x0 /opt/st/stm32cubeide_1.0.1/plugins/com.st.stm32cube.ide.mcu.externaltools.gnu-tools-for-stm32.7-2018-q2-update.linux64_1.0.0.201904181610/tools/bin/../lib/gcc/arm-none-eabi/7.3.1/thumb/v6-m/crtbegin.o

.rodata         0x0000000008008140      0x728
                0x0000000008008140                . = ALIGN (0x4)
 *(.rodata)
 .rodata        0x0000000008008140      0x1db Src/game.o
 *fill*         0x000000000800831b        0x1 
 .rodata        0x000000000800831c       0xac Src/lexer.o
 .rodata        0x00000000080083c8       0x33 Src/power.o
 *fill*         0x00000000080083fb        0x1 
 .rodata        0x00000000080083fc        0x7 Src/usbd_cdc_if.o
 *fill*         0x0000000008008403        0x1 
 .rodata        0x0000000008008404       0x2e Src/usbd_desc.o
 *(.rodata*)
 *fill*         0x0000000008008432        0x2 
 .rodata.USBD_StdDevReq
                0x0000000008008434       0x28 Middlewares/ST/STM32_USB_Device_Library/Core/Src/usbd_ctlreq.o
 .rodata.USBD_GetDescriptor
                0x000000000800845c       0x38 Middlewares/ST/STM32_USB_Device_Library/Core/Src/usbd_ctlreq.o
 .rodata.rm_flvr_teststart_up_unlocked
                0x0000000008008494       0x43 Src/game.o
 *fill*         0x00000000080084d7        0x1 
 .rodata.itm_testitem_name
                0x00000000080084d8        0xa Src/items.o
                0x00000000080084d8                itm_testitem_name
 *fill*         0x00000000080084e2        0x2 
 .rodata.itm_testitm_seen
                0x00000000080084e4       0x26 Src/items.o
                0x00000000080084e4                itm_testitm_seen
 *fill*         0x000000000800850a        0x2 
 .rodata.itm_testitm_exmn
                0x000000000800850c       0x2b Src/items.o
                0x000000000800850c                itm_testitm_exmn
 *fill*         0x0000000008008537        0x1 
 .rodata.obj_testobject_name
                0x0000000008008538        0xc Src/objects.o
                0x0000000008008538                obj_testobject_name
 .rodata.obj_testobj_seen
                0x0000000008008544       0x42 Src/objects.o
                0x0000000008008544                obj_testobj_seen
 *fill*         0x0000000008008586        0x2 
 .rodata.obj_testobj_examine
                0x0000000008008588       0x31 Src/objects.o
                0x0000000008008588                obj_testobj_examine
 *fill*         0x00000000080085b9        0x3 
 .rodata.rm_name_teststart
                0x00000000080085bc       0x10 Src/rooms.o
                0x00000000080085bc                rm_name_teststart
 .rodata.rm_name_testnorth
                0x00000000080085cc       0x10 Src/rooms.o
                0x00000000080085cc                rm_name_testnorth
 .rodata.rm_name_testeast
                0x00000000080085dc        0xf Src/rooms.o
                0x00000000080085dc                rm_name_testeast
 *fill*         0x00000000080085eb        0x1 
 .rodata.rm_name_testsouth
                0x00000000080085ec       0x10 Src/rooms.o
                0x00000000080085ec                rm_name_testsouth
 .rodata.rm_name_testwest
                0x00000000080085fc        0xf Src/rooms.o
                0x00000000080085fc                rm_name_testwest
 *fill*         0x000000000800860b        0x1 
 .rodata.rm_name_testdown
                0x000000000800860c        0xf Src/rooms.o
                0x000000000800860c                rm_name_testdown
 *fill*         0x000000000800861b        0x1 
 .rodata.rm_name_testup
                0x000000000800861c        0xd Src/rooms.o
                0x000000000800861c                rm_name_testup
 *fill*         0x0000000008008629        0x3 
 .rodata.rm_flvr_teststart
                0x000000000800862c       0x1d Src/rooms.o
                0x000000000800862c                rm_flvr_teststart
 *fill*         0x0000000008008649        0x3 
 .rodata.rm_flvr_testnorth
                0x000000000800864c       0x3c Src/rooms.o
                0x000000000800864c                rm_flvr_testnorth
 .rodata.rm_flvr_testeast
                0x0000000008008688       0x25 Src/rooms.o
                0x0000000008008688                rm_flvr_testeast
 *fill*         0x00000000080086ad        0x3 
 .rodata.rm_flvr_testsouth
                0x00000000080086b0       0x26 Src/rooms.o
                0x00000000080086b0                rm_flvr_testsouth
 *fill*         0x00000000080086d6        0x2 
 .rodata.rm_flvr_testwest
                0x00000000080086d8       0x32 Src/rooms.o
                0x00000000080086d8                rm_flvr_testwest
 *fill*         0x000000000800870a        0x2 
 .rodata.rm_flvr_testdown
                0x000000000800870c       0x31 Src/rooms.o
                0x000000000800870c                rm_flvr_testdown
 *fill*         0x000000000800873d        0x3 
 .rodata.rm_flvr_testup
                0x0000000008008740       0x46 Src/rooms.o
                0x0000000008008740                rm_flvr_testup
 *fill*         0x0000000008008786        0x2 
 .rodata.AHBPrescTable
                0x0000000008008788       0x10 Src/system_stm32l0xx.o
                0x0000000008008788                AHBPrescTable
 .rodata.PLLMulTable
                0x0000000008008798        0x9 Src/system_stm32l0xx.o
                0x0000000008008798                PLLMulTable
 *fill*         0x00000000080087a1        0x3 
 .rodata.CDC_Control_FS
                0x00000000080087a4       0x90 Src/usbd_cdc_if.o
 .rodata._svfprintf_r.str1.1
                0x0000000008008834       0x11 /opt/st/stm32cubeide_1.0.1/plugins/com.st.stm32cube.ide.mcu.externaltools.gnu-tools-for-stm32.7-2018-q2-update.linux64_1.0.0.201904181610/tools/bin/../lib/gcc/arm-none-eabi/7.3.1/../../../../arm-none-eabi/lib/thumb/v6-m/libc_nano.a(lib_a-nano-svfprintf.o)
 .rodata._printf_i.str1.1
                0x0000000008008845       0x22 /opt/st/stm32cubeide_1.0.1/plugins/com.st.stm32cube.ide.mcu.externaltools.gnu-tools-for-stm32.7-2018-q2-update.linux64_1.0.0.201904181610/tools/bin/../lib/gcc/arm-none-eabi/7.3.1/../../../../arm-none-eabi/lib/thumb/v6-m/libc_nano.a(lib_a-nano-vfprintf_i.o)
                0x0000000008008868                . = ALIGN (0x4)
 *fill*         0x0000000008008867        0x1 

.rel.dyn        0x0000000008008868        0x0
 .rel.iplt      0x0000000008008868        0x0 /opt/st/stm32cubeide_1.0.1/plugins/com.st.stm32cube.ide.mcu.externaltools.gnu-tools-for-stm32.7-2018-q2-update.linux64_1.0.0.201904181610/tools/bin/../lib/gcc/arm-none-eabi/7.3.1/thumb/v6-m/crtbegin.o

.ARM.extab      0x0000000008008868        0x0
                0x0000000008008868                . = ALIGN (0x4)
 *(.ARM.extab* .gnu.linkonce.armextab.*)
                0x0000000008008868                . = ALIGN (0x4)

.ARM            0x0000000008008868        0x0
                0x0000000008008868                . = ALIGN (0x4)
                0x0000000008008868                __exidx_start = .
 *(.ARM.exidx*)
                0x0000000008008868                __exidx_end = .
                0x0000000008008868                . = ALIGN (0x4)

.preinit_array  0x0000000008008868        0x0
                0x0000000008008868                . = ALIGN (0x4)
                0x0000000008008868                PROVIDE (__preinit_array_start = .)
 *(.preinit_array*)
                0x0000000008008868                PROVIDE (__preinit_array_end = .)
                0x0000000008008868                . = ALIGN (0x4)

.init_array     0x0000000008008868        0x4
                0x0000000008008868                . = ALIGN (0x4)
                0x0000000008008868                PROVIDE (__init_array_start = .)
 *(SORT_BY_NAME(.init_array.*))
 *(.init_array*)
 .init_array    0x0000000008008868        0x4 /opt/st/stm32cubeide_1.0.1/plugins/com.st.stm32cube.ide.mcu.externaltools.gnu-tools-for-stm32.7-2018-q2-update.linux64_1.0.0.201904181610/tools/bin/../lib/gcc/arm-none-eabi/7.3.1/thumb/v6-m/crtbegin.o
                0x000000000800886c                PROVIDE (__init_array_end = .)
                0x000000000800886c                . = ALIGN (0x4)

.fini_array     0x000000000800886c        0x4
                0x000000000800886c                . = ALIGN (0x4)
                [!provide]                        PROVIDE (__fini_array_start = .)
 *(SORT_BY_NAME(.fini_array.*))
 *(.fini_array*)
 .fini_array    0x000000000800886c        0x4 /opt/st/stm32cubeide_1.0.1/plugins/com.st.stm32cube.ide.mcu.externaltools.gnu-tools-for-stm32.7-2018-q2-update.linux64_1.0.0.201904181610/tools/bin/../lib/gcc/arm-none-eabi/7.3.1/thumb/v6-m/crtbegin.o
                [!provide]                        PROVIDE (__fini_array_end = .)
                0x0000000008008870                . = ALIGN (0x4)
                0x0000000008008870                _sidata = LOADADDR (.data)

.data           0x0000000020000000      0x1dc load address 0x0000000008008870
                0x0000000020000000                . = ALIGN (0x4)
                0x0000000020000000                _sdata = .
 *(.data)
 *(.data*)
 .data.USBD_CDC_DeviceQualifierDesc
                0x0000000020000000        0xa Middlewares/ST/STM32_USB_Device_Library/Class/CDC/Src/usbd_cdc.o
 *fill*         0x000000002000000a        0x2 
 .data.USBD_CDC
                0x000000002000000c       0x38 Middlewares/ST/STM32_USB_Device_Library/Class/CDC/Src/usbd_cdc.o
                0x000000002000000c                USBD_CDC
 .data.USBD_CDC_CfgHSDesc
                0x0000000020000044       0x43 Middlewares/ST/STM32_USB_Device_Library/Class/CDC/Src/usbd_cdc.o
                0x0000000020000044                USBD_CDC_CfgHSDesc
 *fill*         0x0000000020000087        0x1 
 .data.USBD_CDC_CfgFSDesc
                0x0000000020000088       0x43 Middlewares/ST/STM32_USB_Device_Library/Class/CDC/Src/usbd_cdc.o
                0x0000000020000088                USBD_CDC_CfgFSDesc
 *fill*         0x00000000200000cb        0x1 
 .data.USBD_CDC_OtherSpeedCfgDesc
                0x00000000200000cc       0x43 Middlewares/ST/STM32_USB_Device_Library/Class/CDC/Src/usbd_cdc.o
                0x00000000200000cc                USBD_CDC_OtherSpeedCfgDesc
 *fill*         0x000000002000010f        0x1 
 .data.SystemCoreClock
                0x0000000020000110        0x4 Src/system_stm32l0xx.o
                0x0000000020000110                SystemCoreClock
 .data.LocalEcho
                0x0000000020000114        0x1 Src/usbd_cdc_if.o
                0x0000000020000114                LocalEcho
 *fill*         0x0000000020000115        0x3 
 .data.USBD_Interface_fops_FS
                0x0000000020000118       0x10 Src/usbd_cdc_if.o
                0x0000000020000118                USBD_Interface_fops_FS
 .data.FS_Desc  0x0000000020000128       0x1c Src/usbd_desc.o
                0x0000000020000128                FS_Desc
 .data.USBD_FS_DeviceDesc
                0x0000000020000144       0x12 Src/usbd_desc.o
                0x0000000020000144                USBD_FS_DeviceDesc
 *fill*         0x0000000020000156        0x2 
 .data.USBD_LangIDDesc
                0x0000000020000158        0x4 Src/usbd_desc.o
                0x0000000020000158                USBD_LangIDDesc
 .data.USBD_StringSerial
                0x000000002000015c       0x1a Src/usbd_desc.o
                0x000000002000015c                USBD_StringSerial
 *fill*         0x0000000020000176        0x2 
 .data._impure_ptr
                0x0000000020000178        0x4 /opt/st/stm32cubeide_1.0.1/plugins/com.st.stm32cube.ide.mcu.externaltools.gnu-tools-for-stm32.7-2018-q2-update.linux64_1.0.0.201904181610/tools/bin/../lib/gcc/arm-none-eabi/7.3.1/../../../../arm-none-eabi/lib/thumb/v6-m/libc_nano.a(lib_a-impure.o)
                0x0000000020000178                _impure_ptr
 .data.impure_data
                0x000000002000017c       0x60 /opt/st/stm32cubeide_1.0.1/plugins/com.st.stm32cube.ide.mcu.externaltools.gnu-tools-for-stm32.7-2018-q2-update.linux64_1.0.0.201904181610/tools/bin/../lib/gcc/arm-none-eabi/7.3.1/../../../../arm-none-eabi/lib/thumb/v6-m/libc_nano.a(lib_a-impure.o)
                0x00000000200001dc                . = ALIGN (0x4)
                0x00000000200001dc                _edata = .

.igot.plt       0x00000000200001dc        0x0 load address 0x0000000008008a4c
 .igot.plt      0x00000000200001dc        0x0 /opt/st/stm32cubeide_1.0.1/plugins/com.st.stm32cube.ide.mcu.externaltools.gnu-tools-for-stm32.7-2018-q2-update.linux64_1.0.0.201904181610/tools/bin/../lib/gcc/arm-none-eabi/7.3.1/thumb/v6-m/crtbegin.o
                0x00000000200001dc                . = ALIGN (0x4)

.bss            0x00000000200001dc     0x1044 load address 0x0000000008008a4c
                0x00000000200001dc                _sbss = .
                0x00000000200001dc                __bss_start__ = _sbss
 *(.bss)
 .bss           0x00000000200001dc       0x1c /opt/st/stm32cubeide_1.0.1/plugins/com.st.stm32cube.ide.mcu.externaltools.gnu-tools-for-stm32.7-2018-q2-update.linux64_1.0.0.201904181610/tools/bin/../lib/gcc/arm-none-eabi/7.3.1/thumb/v6-m/crtbegin.o
 *(.bss*)
 .bss.cfgidx.7767
                0x00000000200001f8        0x1 Middlewares/ST/STM32_USB_Device_Library/Core/Src/usbd_ctlreq.o
 .bss.stopState
                0x00000000200001f9        0x1 Src/main.o
                0x00000000200001f9                stopState
 *fill*         0x00000000200001fa        0x2 
 .bss.heap_end.5149
                0x00000000200001fc        0x4 Src/sysmem.o
 .bss.UserDataReady
                0x0000000020000200        0x1 Src/usbd_cdc_if.o
                0x0000000020000200                UserDataReady
 .bss.UserDataIndex
                0x0000000020000201        0x1 Src/usbd_cdc_if.o
                0x0000000020000201                UserDataIndex
 *fill*         0x0000000020000202        0x2 
 .bss.mem.7836  0x0000000020000204      0x220 Src/usbd_conf.o
 .bss.__malloc_free_list
                0x0000000020000424        0x4 /opt/st/stm32cubeide_1.0.1/plugins/com.st.stm32cube.ide.mcu.externaltools.gnu-tools-for-stm32.7-2018-q2-update.linux64_1.0.0.201904181610/tools/bin/../lib/gcc/arm-none-eabi/7.3.1/../../../../arm-none-eabi/lib/thumb/v6-m/libc_nano.a(lib_a-nano-mallocr.o)
                0x0000000020000424                __malloc_free_list
 .bss.__malloc_sbrk_start
                0x0000000020000428        0x4 /opt/st/stm32cubeide_1.0.1/plugins/com.st.stm32cube.ide.mcu.externaltools.gnu-tools-for-stm32.7-2018-q2-update.linux64_1.0.0.201904181610/tools/bin/../lib/gcc/arm-none-eabi/7.3.1/../../../../arm-none-eabi/lib/thumb/v6-m/libc_nano.a(lib_a-nano-mallocr.o)
                0x0000000020000428                __malloc_sbrk_start
 *(COMMON)
 COMMON         0x000000002000042c        0x4 Drivers/STM32L0xx_HAL_Driver/Src/stm32l0xx_hal.o
                0x000000002000042c                uwTick
 COMMON         0x0000000020000430      0x410 Src/game.o
                0x0000000020000430                current_room
                0x0000000020000434                game_tokens
                0x0000000020000438                game_itms
                0x000000002000043c                current_state
                0x0000000020000440                game_output_buffer
                0x0000000020000640                UserTxBufferFS
 COMMON         0x0000000020000840       0x10 Src/items.o
                0x0000000020000840                itm_testitm
 COMMON         0x0000000020000850       0x4c Src/main.o
                0x0000000020000850                hi2c1
 COMMON         0x000000002000089c       0x14 Src/objects.o
                0x000000002000089c                obj_testobject
                0x00000000200008ac                game_objs
 COMMON         0x00000000200008b0      0x158 Src/rooms.o
                0x00000000200008b0                game_rooms
                0x00000000200008cc                rm_testeast
                0x00000000200008f8                rm_teststart
                0x0000000020000924                rm_testup
                0x0000000020000950                rm_testsouth
                0x000000002000097c                rm_testeast_itms
                0x0000000020000980                rm_testnorth
                0x00000000200009ac                rm_testwest
                0x00000000200009d8                rm_testdown
                0x0000000020000a04                rm_testdown_objs
 COMMON         0x0000000020000a08      0x29c Src/usb_device.o
                0x0000000020000a08                hUsbDeviceFS
 COMMON         0x0000000020000ca4      0x104 Src/usbd_cdc_if.o
                0x0000000020000ca4                UserRxBufferFS
                0x0000000020000ca8                UserData
 COMMON         0x0000000020000da8      0x274 Src/usbd_conf.o
                0x0000000020000da8                hpcd_USB_FS
 COMMON         0x000000002000101c      0x200 Src/usbd_desc.o
                0x000000002000101c                USBD_StrDesc
 COMMON         0x000000002000121c        0x4 /opt/st/stm32cubeide_1.0.1/plugins/com.st.stm32cube.ide.mcu.externaltools.gnu-tools-for-stm32.7-2018-q2-update.linux64_1.0.0.201904181610/tools/bin/../lib/gcc/arm-none-eabi/7.3.1/../../../../arm-none-eabi/lib/thumb/v6-m/libc_nano.a(lib_a-reent.o)
                0x000000002000121c                errno
                0x0000000020001220                . = ALIGN (0x4)
                0x0000000020001220                _ebss = .
                0x0000000020001220                __bss_end__ = _ebss

._user_heap_stack
                0x0000000020001220      0x600 load address 0x0000000008008a4c
                0x0000000020001220                . = ALIGN (0x8)
                0x0000000020001220                PROVIDE (end = .)
                [!provide]                        PROVIDE (_end = .)
                0x0000000020001420                . = (. + _Min_Heap_Size)
 *fill*         0x0000000020001220      0x200 
                0x0000000020001820                . = (. + _Min_Stack_Size)
 *fill*         0x0000000020001420      0x400 
                0x0000000020001820                . = ALIGN (0x8)

/DISCARD/
 libc.a(*)
 libm.a(*)
 libgcc.a(*)

.ARM.attributes
                0x0000000000000000       0x28
 *(.ARM.attributes)
 .ARM.attributes
                0x0000000000000000       0x1e /opt/st/stm32cubeide_1.0.1/plugins/com.st.stm32cube.ide.mcu.externaltools.gnu-tools-for-stm32.7-2018-q2-update.linux64_1.0.0.201904181610/tools/bin/../lib/gcc/arm-none-eabi/7.3.1/thumb/v6-m/crti.o
 .ARM.attributes
                0x000000000000001e       0x2c /opt/st/stm32cubeide_1.0.1/plugins/com.st.stm32cube.ide.mcu.externaltools.gnu-tools-for-stm32.7-2018-q2-update.linux64_1.0.0.201904181610/tools/bin/../lib/gcc/arm-none-eabi/7.3.1/thumb/v6-m/crtbegin.o
 .ARM.attributes
                0x000000000000004a       0x32 Drivers/STM32L0xx_HAL_Driver/Src/stm32l0xx_hal.o
 .ARM.attributes
                0x000000000000007c       0x32 Drivers/STM32L0xx_HAL_Driver/Src/stm32l0xx_hal_cortex.o
 .ARM.attributes
                0x00000000000000ae       0x32 Drivers/STM32L0xx_HAL_Driver/Src/stm32l0xx_hal_gpio.o
 .ARM.attributes
                0x00000000000000e0       0x32 Drivers/STM32L0xx_HAL_Driver/Src/stm32l0xx_hal_i2c.o
 .ARM.attributes
                0x0000000000000112       0x32 Drivers/STM32L0xx_HAL_Driver/Src/stm32l0xx_hal_i2c_ex.o
 .ARM.attributes
                0x0000000000000144       0x32 Drivers/STM32L0xx_HAL_Driver/Src/stm32l0xx_hal_pcd.o
 .ARM.attributes
                0x0000000000000176       0x32 Drivers/STM32L0xx_HAL_Driver/Src/stm32l0xx_hal_pcd_ex.o
 .ARM.attributes
                0x00000000000001a8       0x32 Drivers/STM32L0xx_HAL_Driver/Src/stm32l0xx_hal_pwr.o
 .ARM.attributes
                0x00000000000001da       0x32 Drivers/STM32L0xx_HAL_Driver/Src/stm32l0xx_hal_rcc.o
 .ARM.attributes
                0x000000000000020c       0x32 Drivers/STM32L0xx_HAL_Driver/Src/stm32l0xx_hal_rcc_ex.o
 .ARM.attributes
                0x000000000000023e       0x32 Drivers/STM32L0xx_HAL_Driver/Src/stm32l0xx_ll_usb.o
 .ARM.attributes
                0x0000000000000270       0x32 Middlewares/ST/STM32_USB_Device_Library/Class/CDC/Src/usbd_cdc.o
 .ARM.attributes
                0x00000000000002a2       0x32 Middlewares/ST/STM32_USB_Device_Library/Core/Src/usbd_core.o
 .ARM.attributes
                0x00000000000002d4       0x32 Middlewares/ST/STM32_USB_Device_Library/Core/Src/usbd_ctlreq.o
 .ARM.attributes
                0x0000000000000306       0x32 Middlewares/ST/STM32_USB_Device_Library/Core/Src/usbd_ioreq.o
 .ARM.attributes
                0x0000000000000338       0x32 Src/game.o
 .ARM.attributes
                0x000000000000036a       0x32 Src/items.o
 .ARM.attributes
                0x000000000000039c       0x32 Src/lexer.o
 .ARM.attributes
                0x00000000000003ce       0x32 Src/main.o
 .ARM.attributes
                0x0000000000000400       0x32 Src/objects.o
 .ARM.attributes
                0x0000000000000432       0x32 Src/power.o
 .ARM.attributes
                0x0000000000000464       0x32 Src/rooms.o
 .ARM.attributes
                0x0000000000000496       0x32 Src/stm32l0xx_hal_msp.o
 .ARM.attributes
                0x00000000000004c8       0x32 Src/stm32l0xx_it.o
 .ARM.attributes
                0x00000000000004fa       0x32 Src/sysmem.o
 .ARM.attributes
                0x000000000000052c       0x32 Src/system_stm32l0xx.o
 .ARM.attributes
                0x000000000000055e       0x32 Src/usb_device.o
 .ARM.attributes
                0x0000000000000590       0x32 Src/usbd_cdc_if.o
 .ARM.attributes
                0x00000000000005c2       0x32 Src/usbd_conf.o
 .ARM.attributes
                0x00000000000005f4       0x32 Src/usbd_desc.o
 .ARM.attributes
                0x0000000000000626       0x22 Startup/startup_stm32l073rztx.o
 .ARM.attributes
                0x0000000000000648       0x2c /opt/st/stm32cubeide_1.0.1/plugins/com.st.stm32cube.ide.mcu.externaltools.gnu-tools-for-stm32.7-2018-q2-update.linux64_1.0.0.201904181610/tools/bin/../lib/gcc/arm-none-eabi/7.3.1/../../../../arm-none-eabi/lib/thumb/v6-m/libc_nano.a(lib_a-errno.o)
 .ARM.attributes
                0x0000000000000674       0x2c /opt/st/stm32cubeide_1.0.1/plugins/com.st.stm32cube.ide.mcu.externaltools.gnu-tools-for-stm32.7-2018-q2-update.linux64_1.0.0.201904181610/tools/bin/../lib/gcc/arm-none-eabi/7.3.1/../../../../arm-none-eabi/lib/thumb/v6-m/libc_nano.a(lib_a-impure.o)
 .ARM.attributes
                0x00000000000006a0       0x2c /opt/st/stm32cubeide_1.0.1/plugins/com.st.stm32cube.ide.mcu.externaltools.gnu-tools-for-stm32.7-2018-q2-update.linux64_1.0.0.201904181610/tools/bin/../lib/gcc/arm-none-eabi/7.3.1/../../../../arm-none-eabi/lib/thumb/v6-m/libc_nano.a(lib_a-init.o)
 .ARM.attributes
                0x00000000000006cc       0x2c /opt/st/stm32cubeide_1.0.1/plugins/com.st.stm32cube.ide.mcu.externaltools.gnu-tools-for-stm32.7-2018-q2-update.linux64_1.0.0.201904181610/tools/bin/../lib/gcc/arm-none-eabi/7.3.1/../../../../arm-none-eabi/lib/thumb/v6-m/libc_nano.a(lib_a-memcpy-stub.o)
 .ARM.attributes
                0x00000000000006f8       0x2c /opt/st/stm32cubeide_1.0.1/plugins/com.st.stm32cube.ide.mcu.externaltools.gnu-tools-for-stm32.7-2018-q2-update.linux64_1.0.0.201904181610/tools/bin/../lib/gcc/arm-none-eabi/7.3.1/../../../../arm-none-eabi/lib/thumb/v6-m/libc_nano.a(lib_a-memset.o)
 .ARM.attributes
                0x0000000000000724       0x2c /opt/st/stm32cubeide_1.0.1/plugins/com.st.stm32cube.ide.mcu.externaltools.gnu-tools-for-stm32.7-2018-q2-update.linux64_1.0.0.201904181610/tools/bin/../lib/gcc/arm-none-eabi/7.3.1/../../../../arm-none-eabi/lib/thumb/v6-m/libc_nano.a(lib_a-snprintf.o)
 .ARM.attributes
                0x0000000000000750       0x2c /opt/st/stm32cubeide_1.0.1/plugins/com.st.stm32cube.ide.mcu.externaltools.gnu-tools-for-stm32.7-2018-q2-update.linux64_1.0.0.201904181610/tools/bin/../lib/gcc/arm-none-eabi/7.3.1/../../../../arm-none-eabi/lib/thumb/v6-m/libc_nano.a(lib_a-strncmp.o)
 .ARM.attributes
                0x000000000000077c       0x2c /opt/st/stm32cubeide_1.0.1/plugins/com.st.stm32cube.ide.mcu.externaltools.gnu-tools-for-stm32.7-2018-q2-update.linux64_1.0.0.201904181610/tools/bin/../lib/gcc/arm-none-eabi/7.3.1/../../../../arm-none-eabi/lib/thumb/v6-m/libc_nano.a(lib_a-nano-svfprintf.o)
 .ARM.attributes
                0x00000000000007a8       0x2c /opt/st/stm32cubeide_1.0.1/plugins/com.st.stm32cube.ide.mcu.externaltools.gnu-tools-for-stm32.7-2018-q2-update.linux64_1.0.0.201904181610/tools/bin/../lib/gcc/arm-none-eabi/7.3.1/../../../../arm-none-eabi/lib/thumb/v6-m/libc_nano.a(lib_a-nano-vfprintf_i.o)
 .ARM.attributes
                0x00000000000007d4       0x2c /opt/st/stm32cubeide_1.0.1/plugins/com.st.stm32cube.ide.mcu.externaltools.gnu-tools-for-stm32.7-2018-q2-update.linux64_1.0.0.201904181610/tools/bin/../lib/gcc/arm-none-eabi/7.3.1/../../../../arm-none-eabi/lib/thumb/v6-m/libc_nano.a(lib_a-memchr-stub.o)
 .ARM.attributes
                0x0000000000000800       0x2c /opt/st/stm32cubeide_1.0.1/plugins/com.st.stm32cube.ide.mcu.externaltools.gnu-tools-for-stm32.7-2018-q2-update.linux64_1.0.0.201904181610/tools/bin/../lib/gcc/arm-none-eabi/7.3.1/../../../../arm-none-eabi/lib/thumb/v6-m/libc_nano.a(lib_a-memmove.o)
 .ARM.attributes
                0x000000000000082c       0x2c /opt/st/stm32cubeide_1.0.1/plugins/com.st.stm32cube.ide.mcu.externaltools.gnu-tools-for-stm32.7-2018-q2-update.linux64_1.0.0.201904181610/tools/bin/../lib/gcc/arm-none-eabi/7.3.1/../../../../arm-none-eabi/lib/thumb/v6-m/libc_nano.a(lib_a-nano-freer.o)
 .ARM.attributes
                0x0000000000000858       0x2c /opt/st/stm32cubeide_1.0.1/plugins/com.st.stm32cube.ide.mcu.externaltools.gnu-tools-for-stm32.7-2018-q2-update.linux64_1.0.0.201904181610/tools/bin/../lib/gcc/arm-none-eabi/7.3.1/../../../../arm-none-eabi/lib/thumb/v6-m/libc_nano.a(lib_a-nano-mallocr.o)
 .ARM.attributes
                0x0000000000000884       0x2c /opt/st/stm32cubeide_1.0.1/plugins/com.st.stm32cube.ide.mcu.externaltools.gnu-tools-for-stm32.7-2018-q2-update.linux64_1.0.0.201904181610/tools/bin/../lib/gcc/arm-none-eabi/7.3.1/../../../../arm-none-eabi/lib/thumb/v6-m/libc_nano.a(lib_a-nano-reallocr.o)
 .ARM.attributes
                0x00000000000008b0       0x2c /opt/st/stm32cubeide_1.0.1/plugins/com.st.stm32cube.ide.mcu.externaltools.gnu-tools-for-stm32.7-2018-q2-update.linux64_1.0.0.201904181610/tools/bin/../lib/gcc/arm-none-eabi/7.3.1/../../../../arm-none-eabi/lib/thumb/v6-m/libc_nano.a(lib_a-sbrkr.o)
 .ARM.attributes
                0x00000000000008dc       0x2c /opt/st/stm32cubeide_1.0.1/plugins/com.st.stm32cube.ide.mcu.externaltools.gnu-tools-for-stm32.7-2018-q2-update.linux64_1.0.0.201904181610/tools/bin/../lib/gcc/arm-none-eabi/7.3.1/../../../../arm-none-eabi/lib/thumb/v6-m/libc_nano.a(lib_a-mlock.o)
 .ARM.attributes
                0x0000000000000908       0x2c /opt/st/stm32cubeide_1.0.1/plugins/com.st.stm32cube.ide.mcu.externaltools.gnu-tools-for-stm32.7-2018-q2-update.linux64_1.0.0.201904181610/tools/bin/../lib/gcc/arm-none-eabi/7.3.1/../../../../arm-none-eabi/lib/thumb/v6-m/libc_nano.a(lib_a-nano-msizer.o)
 .ARM.attributes
                0x0000000000000934       0x2c /opt/st/stm32cubeide_1.0.1/plugins/com.st.stm32cube.ide.mcu.externaltools.gnu-tools-for-stm32.7-2018-q2-update.linux64_1.0.0.201904181610/tools/bin/../lib/gcc/arm-none-eabi/7.3.1/../../../../arm-none-eabi/lib/thumb/v6-m/libc_nano.a(lib_a-reent.o)
 .ARM.attributes
                0x0000000000000960       0x1e /opt/st/stm32cubeide_1.0.1/plugins/com.st.stm32cube.ide.mcu.externaltools.gnu-tools-for-stm32.7-2018-q2-update.linux64_1.0.0.201904181610/tools/bin/../lib/gcc/arm-none-eabi/7.3.1/thumb/v6-m/libgcc.a(_udivsi3.o)
 .ARM.attributes
                0x000000000000097e       0x1e /opt/st/stm32cubeide_1.0.1/plugins/com.st.stm32cube.ide.mcu.externaltools.gnu-tools-for-stm32.7-2018-q2-update.linux64_1.0.0.201904181610/tools/bin/../lib/gcc/arm-none-eabi/7.3.1/thumb/v6-m/libgcc.a(_dvmd_tls.o)
 .ARM.attributes
                0x000000000000099c       0x1e /opt/st/stm32cubeide_1.0.1/plugins/com.st.stm32cube.ide.mcu.externaltools.gnu-tools-for-stm32.7-2018-q2-update.linux64_1.0.0.201904181610/tools/bin/../lib/gcc/arm-none-eabi/7.3.1/thumb/v6-m/crtn.o
OUTPUT(lixie.elf elf32-littlearm)

.debug_info     0x0000000000000000    0x19c73
 .debug_info    0x0000000000000000      0x7f2 Drivers/STM32L0xx_HAL_Driver/Src/stm32l0xx_hal.o
 .debug_info    0x00000000000007f2      0x8e5 Drivers/STM32L0xx_HAL_Driver/Src/stm32l0xx_hal_cortex.o
 .debug_info    0x00000000000010d7      0x6cb Drivers/STM32L0xx_HAL_Driver/Src/stm32l0xx_hal_gpio.o
 .debug_info    0x00000000000017a2     0x1eef Drivers/STM32L0xx_HAL_Driver/Src/stm32l0xx_hal_i2c.o
 .debug_info    0x0000000000003691      0x8e8 Drivers/STM32L0xx_HAL_Driver/Src/stm32l0xx_hal_i2c_ex.o
 .debug_info    0x0000000000003f79      0xe40 Drivers/STM32L0xx_HAL_Driver/Src/stm32l0xx_hal_pcd.o
 .debug_info    0x0000000000004db9      0x856 Drivers/STM32L0xx_HAL_Driver/Src/stm32l0xx_hal_pcd_ex.o
 .debug_info    0x000000000000560f      0x667 Drivers/STM32L0xx_HAL_Driver/Src/stm32l0xx_hal_pwr.o
 .debug_info    0x0000000000005c76      0x9a0 Drivers/STM32L0xx_HAL_Driver/Src/stm32l0xx_hal_rcc.o
 .debug_info    0x0000000000006616      0x824 Drivers/STM32L0xx_HAL_Driver/Src/stm32l0xx_hal_rcc_ex.o
 .debug_info    0x0000000000006e3a     0x14d9 Drivers/STM32L0xx_HAL_Driver/Src/stm32l0xx_ll_usb.o
 .debug_info    0x0000000000008313     0x17a3 Middlewares/ST/STM32_USB_Device_Library/Class/CDC/Src/usbd_cdc.o
 .debug_info    0x0000000000009ab6     0x119b Middlewares/ST/STM32_USB_Device_Library/Core/Src/usbd_core.o
 .debug_info    0x000000000000ac51     0x10fc Middlewares/ST/STM32_USB_Device_Library/Core/Src/usbd_ctlreq.o
 .debug_info    0x000000000000bd4d      0xefc Middlewares/ST/STM32_USB_Device_Library/Core/Src/usbd_ioreq.o
 .debug_info    0x000000000000cc49     0x11ed Src/game.o
 .debug_info    0x000000000000de36      0xa1a Src/items.o
 .debug_info    0x000000000000e850      0x90e Src/lexer.o
 .debug_info    0x000000000000f15e     0x19c2 Src/main.o
 .debug_info    0x0000000000010b20      0xa02 Src/objects.o
 .debug_info    0x0000000000011522      0xeed Src/power.o
 .debug_info    0x000000000001240f     0x12bf Src/rooms.o
 .debug_info    0x00000000000136ce      0x8ec Src/stm32l0xx_hal_msp.o
 .debug_info    0x0000000000013fba      0x660 Src/stm32l0xx_it.o
 .debug_info    0x000000000001461a      0x91c Src/sysmem.o
 .debug_info    0x0000000000014f36      0x390 Src/system_stm32l0xx.o
 .debug_info    0x00000000000152c6      0xe66 Src/usb_device.o
 .debug_info    0x000000000001612c     0x11a4 Src/usbd_cdc_if.o
 .debug_info    0x00000000000172d0     0x1ca1 Src/usbd_conf.o
 .debug_info    0x0000000000018f71      0xce0 Src/usbd_desc.o
 .debug_info    0x0000000000019c51       0x22 Startup/startup_stm32l073rztx.o

.debug_abbrev   0x0000000000000000     0x3e64
 .debug_abbrev  0x0000000000000000      0x219 Drivers/STM32L0xx_HAL_Driver/Src/stm32l0xx_hal.o
 .debug_abbrev  0x0000000000000219      0x261 Drivers/STM32L0xx_HAL_Driver/Src/stm32l0xx_hal_cortex.o
 .debug_abbrev  0x000000000000047a      0x1c0 Drivers/STM32L0xx_HAL_Driver/Src/stm32l0xx_hal_gpio.o
 .debug_abbrev  0x000000000000063a      0x239 Drivers/STM32L0xx_HAL_Driver/Src/stm32l0xx_hal_i2c.o
 .debug_abbrev  0x0000000000000873      0x1b0 Drivers/STM32L0xx_HAL_Driver/Src/stm32l0xx_hal_i2c_ex.o
 .debug_abbrev  0x0000000000000a23      0x263 Drivers/STM32L0xx_HAL_Driver/Src/stm32l0xx_hal_pcd.o
 .debug_abbrev  0x0000000000000c86      0x1eb Drivers/STM32L0xx_HAL_Driver/Src/stm32l0xx_hal_pcd_ex.o
 .debug_abbrev  0x0000000000000e71      0x19a Drivers/STM32L0xx_HAL_Driver/Src/stm32l0xx_hal_pwr.o
 .debug_abbrev  0x000000000000100b      0x21a Drivers/STM32L0xx_HAL_Driver/Src/stm32l0xx_hal_rcc.o
 .debug_abbrev  0x0000000000001225      0x1ea Drivers/STM32L0xx_HAL_Driver/Src/stm32l0xx_hal_rcc_ex.o
 .debug_abbrev  0x000000000000140f      0x239 Drivers/STM32L0xx_HAL_Driver/Src/stm32l0xx_ll_usb.o
 .debug_abbrev  0x0000000000001648      0x2c7 Middlewares/ST/STM32_USB_Device_Library/Class/CDC/Src/usbd_cdc.o
 .debug_abbrev  0x000000000000190f      0x281 Middlewares/ST/STM32_USB_Device_Library/Core/Src/usbd_core.o
 .debug_abbrev  0x0000000000001b90      0x2b1 Middlewares/ST/STM32_USB_Device_Library/Core/Src/usbd_ctlreq.o
 .debug_abbrev  0x0000000000001e41      0x1f1 Middlewares/ST/STM32_USB_Device_Library/Core/Src/usbd_ioreq.o
 .debug_abbrev  0x0000000000002032      0x256 Src/game.o
 .debug_abbrev  0x0000000000002288      0x1c4 Src/items.o
 .debug_abbrev  0x000000000000244c      0x194 Src/lexer.o
 .debug_abbrev  0x00000000000025e0      0x271 Src/main.o
 .debug_abbrev  0x0000000000002851      0x1c4 Src/objects.o
 .debug_abbrev  0x0000000000002a15      0x1e3 Src/power.o
 .debug_abbrev  0x0000000000002bf8      0x226 Src/rooms.o
 .debug_abbrev  0x0000000000002e1e      0x19d Src/stm32l0xx_hal_msp.o
 .debug_abbrev  0x0000000000002fbb      0x166 Src/stm32l0xx_it.o
 .debug_abbrev  0x0000000000003121      0x1bb Src/sysmem.o
 .debug_abbrev  0x00000000000032dc      0x111 Src/system_stm32l0xx.o
 .debug_abbrev  0x00000000000033ed      0x1c7 Src/usb_device.o
 .debug_abbrev  0x00000000000035b4      0x315 Src/usbd_cdc_if.o
 .debug_abbrev  0x00000000000038c9      0x2e8 Src/usbd_conf.o
 .debug_abbrev  0x0000000000003bb1      0x2a1 Src/usbd_desc.o
 .debug_abbrev  0x0000000000003e52       0x12 Startup/startup_stm32l073rztx.o

.debug_aranges  0x0000000000000000      0xfd8
 .debug_aranges
                0x0000000000000000       0xf8 Drivers/STM32L0xx_HAL_Driver/Src/stm32l0xx_hal.o
 .debug_aranges
                0x00000000000000f8       0xd8 Drivers/STM32L0xx_HAL_Driver/Src/stm32l0xx_hal_cortex.o
 .debug_aranges
                0x00000000000001d0       0x58 Drivers/STM32L0xx_HAL_Driver/Src/stm32l0xx_hal_gpio.o
 .debug_aranges
                0x0000000000000228      0x288 Drivers/STM32L0xx_HAL_Driver/Src/stm32l0xx_hal_i2c.o
 .debug_aranges
                0x00000000000004b0       0x48 Drivers/STM32L0xx_HAL_Driver/Src/stm32l0xx_hal_i2c_ex.o
 .debug_aranges
                0x00000000000004f8      0x120 Drivers/STM32L0xx_HAL_Driver/Src/stm32l0xx_hal_pcd.o
 .debug_aranges
                0x0000000000000618       0x58 Drivers/STM32L0xx_HAL_Driver/Src/stm32l0xx_hal_pcd_ex.o
 .debug_aranges
                0x0000000000000670       0xa0 Drivers/STM32L0xx_HAL_Driver/Src/stm32l0xx_hal_pwr.o
 .debug_aranges
                0x0000000000000710       0x80 Drivers/STM32L0xx_HAL_Driver/Src/stm32l0xx_hal_rcc.o
 .debug_aranges
                0x0000000000000790       0xb0 Drivers/STM32L0xx_HAL_Driver/Src/stm32l0xx_hal_rcc_ex.o
 .debug_aranges
                0x0000000000000840      0x108 Drivers/STM32L0xx_HAL_Driver/Src/stm32l0xx_ll_usb.o
 .debug_aranges
                0x0000000000000948       0x90 Middlewares/ST/STM32_USB_Device_Library/Class/CDC/Src/usbd_cdc.o
 .debug_aranges
                0x00000000000009d8       0xb8 Middlewares/ST/STM32_USB_Device_Library/Core/Src/usbd_core.o
 .debug_aranges
                0x0000000000000a90       0x88 Middlewares/ST/STM32_USB_Device_Library/Core/Src/usbd_ctlreq.o
 .debug_aranges
                0x0000000000000b18       0x50 Middlewares/ST/STM32_USB_Device_Library/Core/Src/usbd_ioreq.o
 .debug_aranges
                0x0000000000000b68       0x68 Src/game.o
 .debug_aranges
                0x0000000000000bd0       0x28 Src/items.o
 .debug_aranges
                0x0000000000000bf8       0x20 Src/lexer.o
 .debug_aranges
                0x0000000000000c18       0x40 Src/main.o
 .debug_aranges
                0x0000000000000c58       0x28 Src/objects.o
 .debug_aranges
                0x0000000000000c80       0x20 Src/power.o
 .debug_aranges
                0x0000000000000ca0       0x28 Src/rooms.o
 .debug_aranges
                0x0000000000000cc8       0x30 Src/stm32l0xx_hal_msp.o
 .debug_aranges
                0x0000000000000cf8       0x50 Src/stm32l0xx_it.o
 .debug_aranges
                0x0000000000000d48       0x20 Src/sysmem.o
 .debug_aranges
                0x0000000000000d68       0x28 Src/system_stm32l0xx.o
 .debug_aranges
                0x0000000000000d90       0x20 Src/usb_device.o
 .debug_aranges
                0x0000000000000db0       0x88 Src/usbd_cdc_if.o
 .debug_aranges
                0x0000000000000e38      0x118 Src/usbd_conf.o
 .debug_aranges
                0x0000000000000f50       0x60 Src/usbd_desc.o
 .debug_aranges
                0x0000000000000fb0       0x28 Startup/startup_stm32l073rztx.o

.debug_ranges   0x0000000000000000      0xdf0
 .debug_ranges  0x0000000000000000       0xe8 Drivers/STM32L0xx_HAL_Driver/Src/stm32l0xx_hal.o
 .debug_ranges  0x00000000000000e8       0xc8 Drivers/STM32L0xx_HAL_Driver/Src/stm32l0xx_hal_cortex.o
 .debug_ranges  0x00000000000001b0       0x48 Drivers/STM32L0xx_HAL_Driver/Src/stm32l0xx_hal_gpio.o
 .debug_ranges  0x00000000000001f8      0x278 Drivers/STM32L0xx_HAL_Driver/Src/stm32l0xx_hal_i2c.o
 .debug_ranges  0x0000000000000470       0x38 Drivers/STM32L0xx_HAL_Driver/Src/stm32l0xx_hal_i2c_ex.o
 .debug_ranges  0x00000000000004a8      0x110 Drivers/STM32L0xx_HAL_Driver/Src/stm32l0xx_hal_pcd.o
 .debug_ranges  0x00000000000005b8       0x48 Drivers/STM32L0xx_HAL_Driver/Src/stm32l0xx_hal_pcd_ex.o
 .debug_ranges  0x0000000000000600       0x90 Drivers/STM32L0xx_HAL_Driver/Src/stm32l0xx_hal_pwr.o
 .debug_ranges  0x0000000000000690       0x70 Drivers/STM32L0xx_HAL_Driver/Src/stm32l0xx_hal_rcc.o
 .debug_ranges  0x0000000000000700       0xa0 Drivers/STM32L0xx_HAL_Driver/Src/stm32l0xx_hal_rcc_ex.o
 .debug_ranges  0x00000000000007a0       0xf8 Drivers/STM32L0xx_HAL_Driver/Src/stm32l0xx_ll_usb.o
 .debug_ranges  0x0000000000000898       0x80 Middlewares/ST/STM32_USB_Device_Library/Class/CDC/Src/usbd_cdc.o
 .debug_ranges  0x0000000000000918       0xa8 Middlewares/ST/STM32_USB_Device_Library/Core/Src/usbd_core.o
 .debug_ranges  0x00000000000009c0       0x78 Middlewares/ST/STM32_USB_Device_Library/Core/Src/usbd_ctlreq.o
 .debug_ranges  0x0000000000000a38       0x40 Middlewares/ST/STM32_USB_Device_Library/Core/Src/usbd_ioreq.o
 .debug_ranges  0x0000000000000a78       0x58 Src/game.o
 .debug_ranges  0x0000000000000ad0       0x18 Src/items.o
 .debug_ranges  0x0000000000000ae8       0x10 Src/lexer.o
 .debug_ranges  0x0000000000000af8       0x30 Src/main.o
 .debug_ranges  0x0000000000000b28       0x18 Src/objects.o
 .debug_ranges  0x0000000000000b40       0x10 Src/power.o
 .debug_ranges  0x0000000000000b50       0x18 Src/rooms.o
 .debug_ranges  0x0000000000000b68       0x20 Src/stm32l0xx_hal_msp.o
 .debug_ranges  0x0000000000000b88       0x40 Src/stm32l0xx_it.o
 .debug_ranges  0x0000000000000bc8       0x10 Src/sysmem.o
 .debug_ranges  0x0000000000000bd8       0x18 Src/system_stm32l0xx.o
 .debug_ranges  0x0000000000000bf0       0x10 Src/usb_device.o
 .debug_ranges  0x0000000000000c00       0x78 Src/usbd_cdc_if.o
 .debug_ranges  0x0000000000000c78      0x108 Src/usbd_conf.o
 .debug_ranges  0x0000000000000d80       0x50 Src/usbd_desc.o
 .debug_ranges  0x0000000000000dd0       0x20 Startup/startup_stm32l073rztx.o

.debug_macro    0x0000000000000000    0x18344
 .debug_macro   0x0000000000000000      0x1d8 Drivers/STM32L0xx_HAL_Driver/Src/stm32l0xx_hal.o
 .debug_macro   0x00000000000001d8      0xa48 Drivers/STM32L0xx_HAL_Driver/Src/stm32l0xx_hal.o
 .debug_macro   0x0000000000000c20       0x9b Drivers/STM32L0xx_HAL_Driver/Src/stm32l0xx_hal.o
 .debug_macro   0x0000000000000cbb       0x2e Drivers/STM32L0xx_HAL_Driver/Src/stm32l0xx_hal.o
 .debug_macro   0x0000000000000ce9       0x28 Drivers/STM32L0xx_HAL_Driver/Src/stm32l0xx_hal.o
 .debug_macro   0x0000000000000d11       0x22 Drivers/STM32L0xx_HAL_Driver/Src/stm32l0xx_hal.o
 .debug_macro   0x0000000000000d33       0x8e Drivers/STM32L0xx_HAL_Driver/Src/stm32l0xx_hal.o
 .debug_macro   0x0000000000000dc1       0x51 Drivers/STM32L0xx_HAL_Driver/Src/stm32l0xx_hal.o
 .debug_macro   0x0000000000000e12       0xef Drivers/STM32L0xx_HAL_Driver/Src/stm32l0xx_hal.o
 .debug_macro   0x0000000000000f01       0x6a Drivers/STM32L0xx_HAL_Driver/Src/stm32l0xx_hal.o
 .debug_macro   0x0000000000000f6b      0x1df Drivers/STM32L0xx_HAL_Driver/Src/stm32l0xx_hal.o
 .debug_macro   0x000000000000114a       0x34 Drivers/STM32L0xx_HAL_Driver/Src/stm32l0xx_hal.o
 .debug_macro   0x000000000000117e       0x26 Drivers/STM32L0xx_HAL_Driver/Src/stm32l0xx_hal.o
 .debug_macro   0x00000000000011a4      0x44f Drivers/STM32L0xx_HAL_Driver/Src/stm32l0xx_hal.o
 .debug_macro   0x00000000000015f3     0xa43e Drivers/STM32L0xx_HAL_Driver/Src/stm32l0xx_hal.o
 .debug_macro   0x000000000000ba31       0x3c Drivers/STM32L0xx_HAL_Driver/Src/stm32l0xx_hal.o
 .debug_macro   0x000000000000ba6d     0x352c Drivers/STM32L0xx_HAL_Driver/Src/stm32l0xx_hal.o
 .debug_macro   0x000000000000ef99      0x174 Drivers/STM32L0xx_HAL_Driver/Src/stm32l0xx_hal.o
 .debug_macro   0x000000000000f10d       0x5b Drivers/STM32L0xx_HAL_Driver/Src/stm32l0xx_hal.o
 .debug_macro   0x000000000000f168      0x8e4 Drivers/STM32L0xx_HAL_Driver/Src/stm32l0xx_hal.o
 .debug_macro   0x000000000000fa4c      0xbb4 Drivers/STM32L0xx_HAL_Driver/Src/stm32l0xx_hal.o
 .debug_macro   0x0000000000010600      0x13f Drivers/STM32L0xx_HAL_Driver/Src/stm32l0xx_hal.o
 .debug_macro   0x000000000001073f      0x1d1 Drivers/STM32L0xx_HAL_Driver/Src/stm32l0xx_hal.o
 .debug_macro   0x0000000000010910      0x28e Drivers/STM32L0xx_HAL_Driver/Src/stm32l0xx_hal.o
 .debug_macro   0x0000000000010b9e      0x1e9 Drivers/STM32L0xx_HAL_Driver/Src/stm32l0xx_hal.o
 .debug_macro   0x0000000000010d87      0x13e Drivers/STM32L0xx_HAL_Driver/Src/stm32l0xx_hal.o
 .debug_macro   0x0000000000010ec5      0x4b5 Drivers/STM32L0xx_HAL_Driver/Src/stm32l0xx_hal.o
 .debug_macro   0x000000000001137a      0x22c Drivers/STM32L0xx_HAL_Driver/Src/stm32l0xx_hal.o
 .debug_macro   0x00000000000115a6       0x5b Drivers/STM32L0xx_HAL_Driver/Src/stm32l0xx_hal.o
 .debug_macro   0x0000000000011601       0xa5 Drivers/STM32L0xx_HAL_Driver/Src/stm32l0xx_hal.o
 .debug_macro   0x00000000000116a6      0x18d Drivers/STM32L0xx_HAL_Driver/Src/stm32l0xx_hal.o
 .debug_macro   0x0000000000011833       0x16 Drivers/STM32L0xx_HAL_Driver/Src/stm32l0xx_hal.o
 .debug_macro   0x0000000000011849       0x57 Drivers/STM32L0xx_HAL_Driver/Src/stm32l0xx_hal.o
 .debug_macro   0x00000000000118a0      0x25e Drivers/STM32L0xx_HAL_Driver/Src/stm32l0xx_hal.o
 .debug_macro   0x0000000000011afe      0x199 Drivers/STM32L0xx_HAL_Driver/Src/stm32l0xx_hal.o
 .debug_macro   0x0000000000011c97      0x1b4 Drivers/STM32L0xx_HAL_Driver/Src/stm32l0xx_hal_cortex.o
 .debug_macro   0x0000000000011e4b      0x1ec Drivers/STM32L0xx_HAL_Driver/Src/stm32l0xx_hal_gpio.o
 .debug_macro   0x0000000000012037      0x279 Drivers/STM32L0xx_HAL_Driver/Src/stm32l0xx_hal_i2c.o
 .debug_macro   0x00000000000122b0      0x1b4 Drivers/STM32L0xx_HAL_Driver/Src/stm32l0xx_hal_i2c_ex.o
 .debug_macro   0x0000000000012464      0x1c0 Drivers/STM32L0xx_HAL_Driver/Src/stm32l0xx_hal_pcd.o
 .debug_macro   0x0000000000012624      0x1b4 Drivers/STM32L0xx_HAL_Driver/Src/stm32l0xx_hal_pcd_ex.o
 .debug_macro   0x00000000000127d8      0x1cc Drivers/STM32L0xx_HAL_Driver/Src/stm32l0xx_hal_pwr.o
 .debug_macro   0x00000000000129a4      0x1ea Drivers/STM32L0xx_HAL_Driver/Src/stm32l0xx_hal_rcc.o
 .debug_macro   0x0000000000012b8e      0x1b4 Drivers/STM32L0xx_HAL_Driver/Src/stm32l0xx_hal_rcc_ex.o
 .debug_macro   0x0000000000012d42      0x1b4 Drivers/STM32L0xx_HAL_Driver/Src/stm32l0xx_ll_usb.o
 .debug_macro   0x0000000000012ef6      0x3d0 Middlewares/ST/STM32_USB_Device_Library/Class/CDC/Src/usbd_cdc.o
 .debug_macro   0x00000000000132c6       0x40 Middlewares/ST/STM32_USB_Device_Library/Class/CDC/Src/usbd_cdc.o
 .debug_macro   0x0000000000013306       0x18 Middlewares/ST/STM32_USB_Device_Library/Class/CDC/Src/usbd_cdc.o
 .debug_macro   0x000000000001331e       0x94 Middlewares/ST/STM32_USB_Device_Library/Class/CDC/Src/usbd_cdc.o
 .debug_macro   0x00000000000133b2       0x3c Middlewares/ST/STM32_USB_Device_Library/Class/CDC/Src/usbd_cdc.o
 .debug_macro   0x00000000000133ee       0x34 Middlewares/ST/STM32_USB_Device_Library/Class/CDC/Src/usbd_cdc.o
 .debug_macro   0x0000000000013422       0x16 Middlewares/ST/STM32_USB_Device_Library/Class/CDC/Src/usbd_cdc.o
 .debug_macro   0x0000000000013438       0x57 Middlewares/ST/STM32_USB_Device_Library/Class/CDC/Src/usbd_cdc.o
 .debug_macro   0x000000000001348f       0x97 Middlewares/ST/STM32_USB_Device_Library/Class/CDC/Src/usbd_cdc.o
 .debug_macro   0x0000000000013526      0x330 Middlewares/ST/STM32_USB_Device_Library/Class/CDC/Src/usbd_cdc.o
 .debug_macro   0x0000000000013856       0xfd Middlewares/ST/STM32_USB_Device_Library/Class/CDC/Src/usbd_cdc.o
 .debug_macro   0x0000000000013953       0x10 Middlewares/ST/STM32_USB_Device_Library/Class/CDC/Src/usbd_cdc.o
 .debug_macro   0x0000000000013963       0x52 Middlewares/ST/STM32_USB_Device_Library/Class/CDC/Src/usbd_cdc.o
 .debug_macro   0x00000000000139b5       0x1f Middlewares/ST/STM32_USB_Device_Library/Class/CDC/Src/usbd_cdc.o
 .debug_macro   0x00000000000139d4       0x43 Middlewares/ST/STM32_USB_Device_Library/Class/CDC/Src/usbd_cdc.o
 .debug_macro   0x0000000000013a17       0x20 Middlewares/ST/STM32_USB_Device_Library/Class/CDC/Src/usbd_cdc.o
 .debug_macro   0x0000000000013a37      0x1a3 Middlewares/ST/STM32_USB_Device_Library/Class/CDC/Src/usbd_cdc.o
 .debug_macro   0x0000000000013bda       0x10 Middlewares/ST/STM32_USB_Device_Library/Class/CDC/Src/usbd_cdc.o
 .debug_macro   0x0000000000013bea       0x1c Middlewares/ST/STM32_USB_Device_Library/Class/CDC/Src/usbd_cdc.o
 .debug_macro   0x0000000000013c06       0x52 Middlewares/ST/STM32_USB_Device_Library/Class/CDC/Src/usbd_cdc.o
 .debug_macro   0x0000000000013c58       0x40 Middlewares/ST/STM32_USB_Device_Library/Class/CDC/Src/usbd_cdc.o