Archive member included to satisfy reference by file (symbol)

/opt/st/stm32cubeide_1.2.0/plugins/com.st.stm32cube.ide.mcu.externaltools.gnu-tools-for-stm32.7-2018-q2-update.linux64_1.0.0.201904181610/tools/bin/../lib/gcc/arm-none-eabi/7.3.1/../../../../arm-none-eabi/lib/thumb/v6-m/libc_nano.a(lib_a-errno.o)
                              Src/syscalls.o (__errno)
/opt/st/stm32cubeide_1.2.0/plugins/com.st.stm32cube.ide.mcu.externaltools.gnu-tools-for-stm32.7-2018-q2-update.linux64_1.0.0.201904181610/tools/bin/../lib/gcc/arm-none-eabi/7.3.1/../../../../arm-none-eabi/lib/thumb/v6-m/libc_nano.a(lib_a-exit.o)
                              /opt/st/stm32cubeide_1.2.0/plugins/com.st.stm32cube.ide.mcu.externaltools.gnu-tools-for-stm32.7-2018-q2-update.linux64_1.0.0.201904181610/tools/bin/../lib/gcc/arm-none-eabi/7.3.1/../../../../arm-none-eabi/lib/thumb/v6-m/crt0.o (exit)
/opt/st/stm32cubeide_1.2.0/plugins/com.st.stm32cube.ide.mcu.externaltools.gnu-tools-for-stm32.7-2018-q2-update.linux64_1.0.0.201904181610/tools/bin/../lib/gcc/arm-none-eabi/7.3.1/../../../../arm-none-eabi/lib/thumb/v6-m/libc_nano.a(lib_a-impure.o)
                              /opt/st/stm32cubeide_1.2.0/plugins/com.st.stm32cube.ide.mcu.externaltools.gnu-tools-for-stm32.7-2018-q2-update.linux64_1.0.0.201904181610/tools/bin/../lib/gcc/arm-none-eabi/7.3.1/../../../../arm-none-eabi/lib/thumb/v6-m/libc_nano.a(lib_a-exit.o) (_global_impure_ptr)
/opt/st/stm32cubeide_1.2.0/plugins/com.st.stm32cube.ide.mcu.externaltools.gnu-tools-for-stm32.7-2018-q2-update.linux64_1.0.0.201904181610/tools/bin/../lib/gcc/arm-none-eabi/7.3.1/../../../../arm-none-eabi/lib/thumb/v6-m/libc_nano.a(lib_a-init.o)
                              /opt/st/stm32cubeide_1.2.0/plugins/com.st.stm32cube.ide.mcu.externaltools.gnu-tools-for-stm32.7-2018-q2-update.linux64_1.0.0.201904181610/tools/bin/../lib/gcc/arm-none-eabi/7.3.1/../../../../arm-none-eabi/lib/thumb/v6-m/crt0.o (__libc_init_array)
/opt/st/stm32cubeide_1.2.0/plugins/com.st.stm32cube.ide.mcu.externaltools.gnu-tools-for-stm32.7-2018-q2-update.linux64_1.0.0.201904181610/tools/bin/../lib/gcc/arm-none-eabi/7.3.1/../../../../arm-none-eabi/lib/thumb/v6-m/libc_nano.a(lib_a-memcpy-stub.o)
                              Src/game.o (memcpy)
/opt/st/stm32cubeide_1.2.0/plugins/com.st.stm32cube.ide.mcu.externaltools.gnu-tools-for-stm32.7-2018-q2-update.linux64_1.0.0.201904181610/tools/bin/../lib/gcc/arm-none-eabi/7.3.1/../../../../arm-none-eabi/lib/thumb/v6-m/libc_nano.a(lib_a-memset.o)
                              /opt/st/stm32cubeide_1.2.0/plugins/com.st.stm32cube.ide.mcu.externaltools.gnu-tools-for-stm32.7-2018-q2-update.linux64_1.0.0.201904181610/tools/bin/../lib/gcc/arm-none-eabi/7.3.1/../../../../arm-none-eabi/lib/thumb/v6-m/crt0.o (memset)
/opt/st/stm32cubeide_1.2.0/plugins/com.st.stm32cube.ide.mcu.externaltools.gnu-tools-for-stm32.7-2018-q2-update.linux64_1.0.0.201904181610/tools/bin/../lib/gcc/arm-none-eabi/7.3.1/../../../../arm-none-eabi/lib/thumb/v6-m/libc_nano.a(lib_a-snprintf.o)
                              Src/game.o (snprintf)
/opt/st/stm32cubeide_1.2.0/plugins/com.st.stm32cube.ide.mcu.externaltools.gnu-tools-for-stm32.7-2018-q2-update.linux64_1.0.0.201904181610/tools/bin/../lib/gcc/arm-none-eabi/7.3.1/../../../../arm-none-eabi/lib/thumb/v6-m/libc_nano.a(lib_a-strncmp.o)
                              Src/lexer.o (strncmp)
/opt/st/stm32cubeide_1.2.0/plugins/com.st.stm32cube.ide.mcu.externaltools.gnu-tools-for-stm32.7-2018-q2-update.linux64_1.0.0.201904181610/tools/bin/../lib/gcc/arm-none-eabi/7.3.1/../../../../arm-none-eabi/lib/thumb/v6-m/libc_nano.a(lib_a-nano-svfprintf.o)
                              /opt/st/stm32cubeide_1.2.0/plugins/com.st.stm32cube.ide.mcu.externaltools.gnu-tools-for-stm32.7-2018-q2-update.linux64_1.0.0.201904181610/tools/bin/../lib/gcc/arm-none-eabi/7.3.1/../../../../arm-none-eabi/lib/thumb/v6-m/libc_nano.a(lib_a-snprintf.o) (_svfprintf_r)
/opt/st/stm32cubeide_1.2.0/plugins/com.st.stm32cube.ide.mcu.externaltools.gnu-tools-for-stm32.7-2018-q2-update.linux64_1.0.0.201904181610/tools/bin/../lib/gcc/arm-none-eabi/7.3.1/../../../../arm-none-eabi/lib/thumb/v6-m/libc_nano.a(lib_a-nano-vfprintf_i.o)
                              /opt/st/stm32cubeide_1.2.0/plugins/com.st.stm32cube.ide.mcu.externaltools.gnu-tools-for-stm32.7-2018-q2-update.linux64_1.0.0.201904181610/tools/bin/../lib/gcc/arm-none-eabi/7.3.1/../../../../arm-none-eabi/lib/thumb/v6-m/libc_nano.a(lib_a-nano-svfprintf.o) (_printf_i)
/opt/st/stm32cubeide_1.2.0/plugins/com.st.stm32cube.ide.mcu.externaltools.gnu-tools-for-stm32.7-2018-q2-update.linux64_1.0.0.201904181610/tools/bin/../lib/gcc/arm-none-eabi/7.3.1/../../../../arm-none-eabi/lib/thumb/v6-m/libc_nano.a(lib_a-memchr-stub.o)
[...]
Memory Configuration

Name             Origin             Length             Attributes
FLASH            0x0000000008000000 0x0000000000030000 xr
RAM              0x0000000020000000 0x0000000000005000 xrw
*default*        0x0000000000000000 0xffffffffffffffff

Linker script and memory map

LOAD /opt/st/stm32cubeide_1.2.0/plugins/com.st.stm32cube.ide.mcu.externaltools.gnu-tools-for-stm32.7-2018-q2-update.linux64_1.0.0.201904181610/tools/bin/../lib/gcc/arm-none-eabi/7.3.1/thumb/v6-m/crti.o
LOAD /opt/st/stm32cubeide_1.2.0/plugins/com.st.stm32cube.ide.mcu.externaltools.gnu-tools-for-stm32.7-2018-q2-update.linux64_1.0.0.201904181610/tools/bin/../lib/gcc/arm-none-eabi/7.3.1/thumb/v6-m/crtbegin.o
LOAD /opt/st/stm32cubeide_1.2.0/plugins/com.st.stm32cube.ide.mcu.externaltools.gnu-tools-for-stm32.7-2018-q2-update.linux64_1.0.0.201904181610/tools/bin/../lib/gcc/arm-none-eabi/7.3.1/../../../../arm-none-eabi/lib/thumb/v6-m/crt0.o
LOAD Drivers/STM32L0xx_HAL_Driver/Src/stm32l0xx_hal.o
LOAD Drivers/STM32L0xx_HAL_Driver/Src/stm32l0xx_hal_cortex.o
LOAD Drivers/STM32L0xx_HAL_Driver/Src/stm32l0xx_hal_dma.o
LOAD Drivers/STM32L0xx_HAL_Driver/Src/stm32l0xx_hal_flash.o
LOAD Drivers/STM32L0xx_HAL_Driver/Src/stm32l0xx_hal_flash_ex.o
LOAD Drivers/STM32L0xx_HAL_Driver/Src/stm32l0xx_hal_flash_ramfunc.o
LOAD Drivers/STM32L0xx_HAL_Driver/Src/stm32l0xx_hal_gpio.o
LOAD Drivers/STM32L0xx_HAL_Driver/Src/stm32l0xx_hal_i2c.o
LOAD Drivers/STM32L0xx_HAL_Driver/Src/stm32l0xx_hal_i2c_ex.o
LOAD Drivers/STM32L0xx_HAL_Driver/Src/stm32l0xx_hal_pcd.o
LOAD Drivers/STM32L0xx_HAL_Driver/Src/stm32l0xx_hal_pcd_ex.o
LOAD Drivers/STM32L0xx_HAL_Driver/Src/stm32l0xx_hal_pwr.o
LOAD Drivers/STM32L0xx_HAL_Driver/Src/stm32l0xx_hal_pwr_ex.o
LOAD Drivers/STM32L0xx_HAL_Driver/Src/stm32l0xx_hal_rcc.o
LOAD Drivers/STM32L0xx_HAL_Driver/Src/stm32l0xx_hal_rcc_ex.o
LOAD Drivers/STM32L0xx_HAL_Driver/Src/stm32l0xx_hal_tim.o
LOAD Drivers/STM32L0xx_HAL_Driver/Src/stm32l0xx_hal_tim_ex.o
LOAD Drivers/STM32L0xx_HAL_Driver/Src/stm32l0xx_ll_usb.o
LOAD Middlewares/ST/STM32_USB_Device_Library/Class/CDC/Src/usbd_cdc.o
LOAD Middlewares/ST/STM32_USB_Device_Library/Core/Src/usbd_core.o
LOAD Middlewares/ST/STM32_USB_Device_Library/Core/Src/usbd_ctlreq.o
LOAD Middlewares/ST/STM32_USB_Device_Library/Core/Src/usbd_ioreq.o
LOAD Src/game.o
LOAD Src/items.o
LOAD Src/lexer.o
LOAD Src/main.o
LOAD Src/objects.o
LOAD Src/power.o
LOAD Src/rooms.o
LOAD Src/stm32l0xx_hal_msp.o
LOAD Src/stm32l0xx_it.o
LOAD Src/syscalls.o
LOAD Src/sysmem.o
LOAD Src/system_stm32l0xx.o
LOAD Src/usb_device.o
LOAD Src/usbd_cdc_if.o
LOAD Src/usbd_conf.o
LOAD Src/usbd_desc.o
LOAD Startup/startup_stm32l073rztx.o
START GROUP
LOAD /opt/st/stm32cubeide_1.2.0/plugins/com.st.stm32cube.ide.mcu.externaltools.gnu-tools-for-stm32.7-2018-q2-update.linux64_1.0.0.201904181610/tools/bin/../lib/gcc/arm-none-eabi/7.3.1/../../../../arm-none-eabi/lib/thumb/v6-m/libc_nano.a
LOAD /opt/st/stm32cubeide_1.2.0/plugins/com.st.stm32cube.ide.mcu.externaltools.gnu-tools-for-stm32.7-2018-q2-update.linux64_1.0.0.201904181610/tools/bin/../lib/gcc/arm-none-eabi/7.3.1/../../../../arm-none-eabi/lib/thumb/v6-m/libm.a
END GROUP
START GROUP
LOAD /opt/st/stm32cubeide_1.2.0/plugins/com.st.stm32cube.ide.mcu.externaltools.gnu-tools-for-stm32.7-2018-q2-update.linux64_1.0.0.201904181610/tools/bin/../lib/gcc/arm-none-eabi/7.3.1/thumb/v6-m/libgcc.a
LOAD /opt/st/stm32cubeide_1.2.0/plugins/com.st.stm32cube.ide.mcu.externaltools.gnu-tools-for-stm32.7-2018-q2-update.linux64_1.0.0.201904181610/tools/bin/../lib/gcc/arm-none-eabi/7.3.1/../../../../arm-none-eabi/lib/thumb/v6-m/libc_nano.a
END GROUP
START GROUP
LOAD /opt/st/stm32cubeide_1.2.0/plugins/com.st.stm32cube.ide.mcu.externaltools.gnu-tools-for-stm32.7-2018-q2-update.linux64_1.0.0.201904181610/tools/bin/../lib/gcc/arm-none-eabi/7.3.1/thumb/v6-m/libgcc.a
LOAD /opt/st/stm32cubeide_1.2.0/plugins/com.st.stm32cube.ide.mcu.externaltools.gnu-tools-for-stm32.7-2018-q2-update.linux64_1.0.0.201904181610/tools/bin/../lib/gcc/arm-none-eabi/7.3.1/../../../../arm-none-eabi/lib/thumb/v6-m/libc_nano.a
LOAD /opt/st/stm32cubeide_1.2.0/plugins/com.st.stm32cube.ide.mcu.externaltools.gnu-tools-for-stm32.7-2018-q2-update.linux64_1.0.0.201904181610/tools/bin/../lib/gcc/arm-none-eabi/7.3.1/../../../../arm-none-eabi/lib/thumb/v6-m/libnosys.a
END GROUP
START GROUP
LOAD /opt/st/stm32cubeide_1.2.0/plugins/com.st.stm32cube.ide.mcu.externaltools.gnu-tools-for-stm32.7-2018-q2-update.linux64_1.0.0.201904181610/tools/bin/../lib/gcc/arm-none-eabi/7.3.1/thumb/v6-m/libgcc.a
LOAD /opt/st/stm32cubeide_1.2.0/plugins/com.st.stm32cube.ide.mcu.externaltools.gnu-tools-for-stm32.7-2018-q2-update.linux64_1.0.0.201904181610/tools/bin/../lib/gcc/arm-none-eabi/7.3.1/../../../../arm-none-eabi/lib/thumb/v6-m/libc_nano.a
LOAD /opt/st/stm32cubeide_1.2.0/plugins/com.st.stm32cube.ide.mcu.externaltools.gnu-tools-for-stm32.7-2018-q2-update.linux64_1.0.0.201904181610/tools/bin/../lib/gcc/arm-none-eabi/7.3.1/../../../../arm-none-eabi/lib/thumb/v6-m/libnosys.a
END GROUP
LOAD /opt/st/stm32cubeide_1.2.0/plugins/com.st.stm32cube.ide.mcu.externaltools.gnu-tools-for-stm32.7-2018-q2-update.linux64_1.0.0.201904181610/tools/bin/../lib/gcc/arm-none-eabi/7.3.1/thumb/v6-m/crtend.o
LOAD /opt/st/stm32cubeide_1.2.0/plugins/com.st.stm32cube.ide.mcu.externaltools.gnu-tools-for-stm32.7-2018-q2-update.linux64_1.0.0.201904181610/tools/bin/../lib/gcc/arm-none-eabi/7.3.1/thumb/v6-m/crtn.o
                0x0000000020005000                _estack = 0x20005000
                0x0000000000000200                _Min_Heap_Size = 0x200
                0x0000000000000400                _Min_Stack_Size = 0x400

.isr_vector     0x0000000008000000       0xc0
                0x0000000008000000                . = ALIGN (0x4)
 *(.isr_vector)
 .isr_vector    0x0000000008000000       0xc0 Startup/startup_stm32l073rztx.o
                0x0000000008000000                g_pfnVectors
                0x00000000080000c0                . = ALIGN (0x4)

.text           0x00000000080000c0     0x826c
                0x00000000080000c0                . = ALIGN (0x4)
 *(.text)
 .text          0x00000000080000c0       0x48 /opt/st/stm32cubeide_1.2.0/plugins/com.st.stm32cube.ide.mcu.externaltools.gnu-tools-for-stm32.7-2018-q2-update.linux64_1.0.0.201904181610/tools/bin/../lib/gcc/arm-none-eabi/7.3.1/thumb/v6-m/crtbegin.o
 .text          0x0000000008000108      0x114 /opt/st/stm32cubeide_1.2.0/plugins/com.st.stm32cube.ide.mcu.externaltools.gnu-tools-for-stm32.7-2018-q2-update.linux64_1.0.0.201904181610/tools/bin/../lib/gcc/arm-none-eabi/7.3.1/thumb/v6-m/libgcc.a(_udivsi3.o)
                0x0000000008000108                __udivsi3
                0x0000000008000108                __aeabi_uidiv
                0x0000000008000214                __aeabi_uidivmod
 .text          0x000000000800021c        0x4 /opt/st/stm32cubeide_1.2.0/plugins/com.st.stm32cube.ide.mcu.externaltools.gnu-tools-for-stm32.7-2018-q2-update.linux64_1.0.0.201904181610/tools/bin/../lib/gcc/arm-none-eabi/7.3.1/thumb/v6-m/libgcc.a(_dvmd_tls.o)
                0x000000000800021c                __aeabi_ldiv0
                0x000000000800021c                __aeabi_idiv0
 *(.text*)
 .text.HAL_Init
                0x0000000008000220       0x40 Drivers/STM32L0xx_HAL_Driver/Src/stm32l0xx_hal.o
                0x0000000008000220                HAL_Init
 .text.HAL_InitTick
                0x0000000008000260       0x54 Drivers/STM32L0xx_HAL_Driver/Src/stm32l0xx_hal.o
                0x0000000008000260                HAL_InitTick
 .text.HAL_IncTick
                0x00000000080002b4       0x18 Drivers/STM32L0xx_HAL_Driver/Src/stm32l0xx_hal.o
                0x00000000080002b4                HAL_IncTick
 .text.HAL_GetTick
                0x00000000080002cc       0x14 Drivers/STM32L0xx_HAL_Driver/Src/stm32l0xx_hal.o
                0x00000000080002cc                HAL_GetTick
 .text.HAL_Delay
                0x00000000080002e0       0x3a Drivers/STM32L0xx_HAL_Driver/Src/stm32l0xx_hal.o
                0x00000000080002e0                HAL_Delay
 *fill*         0x000000000800031a        0x2 
 .text.NVIC_EnableIRQ
                0x000000000800031c       0x2c Drivers/STM32L0xx_HAL_Driver/Src/stm32l0xx_hal_cortex.o
 .text.NVIC_SetPriority
                0x0000000008000348       0xdc Drivers/STM32L0xx_HAL_Driver/Src/stm32l0xx_hal_cortex.o
 .text.SysTick_Config
                0x0000000008000424       0x48 Drivers/STM32L0xx_HAL_Driver/Src/stm32l0xx_hal_cortex.o
 .text.HAL_NVIC_SetPriority
                0x000000000800046c       0x2a Drivers/STM32L0xx_HAL_Driver/Src/stm32l0xx_hal_cortex.o
                0x000000000800046c                HAL_NVIC_SetPriority
 .text.HAL_NVIC_EnableIRQ
                0x0000000008000496       0x20 Drivers/STM32L0xx_HAL_Driver/Src/stm32l0xx_hal_cortex.o
                0x0000000008000496                HAL_NVIC_EnableIRQ
 .text.HAL_SYSTICK_Config
                0x00000000080004b6       0x1a Drivers/STM32L0xx_HAL_Driver/Src/stm32l0xx_hal_cortex.o
                0x00000000080004b6                HAL_SYSTICK_Config
 .text.HAL_GPIO_Init
                0x00000000080004d0      0x2fc Drivers/STM32L0xx_HAL_Driver/Src/stm32l0xx_hal_gpio.o
                0x00000000080004d0                HAL_GPIO_Init
 .text.HAL_GPIO_WritePin
                0x00000000080007cc       0x3a Drivers/STM32L0xx_HAL_Driver/Src/stm32l0xx_hal_gpio.o
                0x00000000080007cc                HAL_GPIO_WritePin
 *fill*         0x0000000008000806        0x2 
 .text.HAL_GPIO_EXTI_IRQHandler
                0x0000000008000808       0x38 Drivers/STM32L0xx_HAL_Driver/Src/stm32l0xx_hal_gpio.o
                0x0000000008000808                HAL_GPIO_EXTI_IRQHandler
 .text.HAL_GPIO_EXTI_Callback
                0x0000000008000840       0x14 Drivers/STM32L0xx_HAL_Driver/Src/stm32l0xx_hal_gpio.o
                0x0000000008000840                HAL_GPIO_EXTI_Callback
 .text.HAL_I2C_Init
                0x0000000008000854      0x12c Drivers/STM32L0xx_HAL_Driver/Src/stm32l0xx_hal_i2c.o
                0x0000000008000854                HAL_I2C_Init
 .text.HAL_I2CEx_ConfigAnalogFilter
                0x0000000008000980       0x98 Drivers/STM32L0xx_HAL_Driver/Src/stm32l0xx_hal_i2c_ex.o
                0x0000000008000980                HAL_I2CEx_ConfigAnalogFilter
 .text.HAL_I2CEx_ConfigDigitalFilter
                0x0000000008000a18       0x98 Drivers/STM32L0xx_HAL_Driver/Src/stm32l0xx_hal_i2c_ex.o
                0x0000000008000a18                HAL_I2CEx_ConfigDigitalFilter
 .text.HAL_PCD_Init
                0x0000000008000ab0      0x1e8 Drivers/STM32L0xx_HAL_Driver/Src/stm32l0xx_hal_pcd.o
                0x0000000008000ab0                HAL_PCD_Init
 .text.HAL_PCD_Start
                0x0000000008000c98       0x4a Drivers/STM32L0xx_HAL_Driver/Src/stm32l0xx_hal_pcd.o
                0x0000000008000c98                HAL_PCD_Start
 *fill*         0x0000000008000ce2        0x2 
 .text.HAL_PCD_IRQHandler
                0x0000000008000ce4      0x310 Drivers/STM32L0xx_HAL_Driver/Src/stm32l0xx_hal_pcd.o
                0x0000000008000ce4                HAL_PCD_IRQHandler
 .text.HAL_PCD_SetAddress
                0x0000000008000ff4       0x56 Drivers/STM32L0xx_HAL_Driver/Src/stm32l0xx_hal_pcd.o
                0x0000000008000ff4                HAL_PCD_SetAddress
 .text.HAL_PCD_EP_Open
                0x000000000800104a       0xe4 Drivers/STM32L0xx_HAL_Driver/Src/stm32l0xx_hal_pcd.o
                0x000000000800104a                HAL_PCD_EP_Open
 .text.HAL_PCD_EP_Close
                0x000000000800112e       0x96 Drivers/STM32L0xx_HAL_Driver/Src/stm32l0xx_hal_pcd.o
                0x000000000800112e                HAL_PCD_EP_Close
 .text.HAL_PCD_EP_Receive
                0x00000000080011c4       0x82 Drivers/STM32L0xx_HAL_Driver/Src/stm32l0xx_hal_pcd.o
                0x00000000080011c4                HAL_PCD_EP_Receive
 .text.HAL_PCD_EP_GetRxCount
                0x0000000008001246       0x2a Drivers/STM32L0xx_HAL_Driver/Src/stm32l0xx_hal_pcd.o
                0x0000000008001246                HAL_PCD_EP_GetRxCount
 .text.HAL_PCD_EP_Transmit
                0x0000000008001270       0x80 Drivers/STM32L0xx_HAL_Driver/Src/stm32l0xx_hal_pcd.o
                0x0000000008001270                HAL_PCD_EP_Transmit
 .text.HAL_PCD_EP_SetStall
                0x00000000080012f0       0xcc Drivers/STM32L0xx_HAL_Driver/Src/stm32l0xx_hal_pcd.o
                0x00000000080012f0                HAL_PCD_EP_SetStall
 .text.HAL_PCD_EP_ClrStall
                0x00000000080013bc       0xb0 Drivers/STM32L0xx_HAL_Driver/Src/stm32l0xx_hal_pcd.o
                0x00000000080013bc                HAL_PCD_EP_ClrStall
 .text.PCD_EP_ISR_Handler
                0x000000000800146c      0x590 Drivers/STM32L0xx_HAL_Driver/Src/stm32l0xx_hal_pcd.o
 .text.HAL_PCDEx_PMAConfig
                0x00000000080019fc       0x90 Drivers/STM32L0xx_HAL_Driver/Src/stm32l0xx_hal_pcd_ex.o
                0x00000000080019fc                HAL_PCDEx_PMAConfig
 .text.HAL_PCDEx_ActivateBCD
                0x0000000008001a8c       0x4a Drivers/STM32L0xx_HAL_Driver/Src/stm32l0xx_hal_pcd_ex.o
                0x0000000008001a8c                HAL_PCDEx_ActivateBCD
 .text.HAL_PCDEx_ActivateLPM
                0x0000000008001ad6       0x54 Drivers/STM32L0xx_HAL_Driver/Src/stm32l0xx_hal_pcd_ex.o
                0x0000000008001ad6                HAL_PCDEx_ActivateLPM
 .text.HAL_PCDEx_LPM_Callback
                0x0000000008001b2a       0x16 Drivers/STM32L0xx_HAL_Driver/Src/stm32l0xx_hal_pcd_ex.o
                0x0000000008001b2a                HAL_PCDEx_LPM_Callback
 .text.HAL_PWR_EnterSTOPMode
                0x0000000008001b40       0x68 Drivers/STM32L0xx_HAL_Driver/Src/stm32l0xx_hal_pwr.o
                0x0000000008001b40                HAL_PWR_EnterSTOPMode
 .text.HAL_RCC_OscConfig
                0x0000000008001ba8      0x7a0 Drivers/STM32L0xx_HAL_Driver/Src/stm32l0xx_hal_rcc.o
                0x0000000008001ba8                HAL_RCC_OscConfig
 .text.HAL_RCC_ClockConfig
                0x0000000008002348      0x254 Drivers/STM32L0xx_HAL_Driver/Src/stm32l0xx_hal_rcc.o
                0x0000000008002348                HAL_RCC_ClockConfig
 .text.HAL_RCC_GetSysClockFreq
                0x000000000800259c      0x108 Drivers/STM32L0xx_HAL_Driver/Src/stm32l0xx_hal_rcc.o
                0x000000000800259c                HAL_RCC_GetSysClockFreq
 .text.HAL_RCCEx_PeriphCLKConfig
                0x00000000080026a4      0x2e8 Drivers/STM32L0xx_HAL_Driver/Src/stm32l0xx_hal_rcc_ex.o
                0x00000000080026a4                HAL_RCCEx_PeriphCLKConfig
 .text.USB_EnableGlobalInt
                0x000000000800298c       0x34 Drivers/STM32L0xx_HAL_Driver/Src/stm32l0xx_ll_usb.o
                0x000000000800298c                USB_EnableGlobalInt
 .text.USB_DisableGlobalInt
                0x00000000080029c0       0x40 Drivers/STM32L0xx_HAL_Driver/Src/stm32l0xx_ll_usb.o
                0x00000000080029c0                USB_DisableGlobalInt
 .text.USB_DevInit
                0x0000000008002a00       0x60 Drivers/STM32L0xx_HAL_Driver/Src/stm32l0xx_ll_usb.o
                0x0000000008002a00                USB_DevInit
 .text.USB_ActivateEndpoint
                0x0000000008002a60      0x5e0 Drivers/STM32L0xx_HAL_Driver/Src/stm32l0xx_ll_usb.o
                0x0000000008002a60                USB_ActivateEndpoint
 .text.USB_DeactivateEndpoint
                0x0000000008003040      0x2ec Drivers/STM32L0xx_HAL_Driver/Src/stm32l0xx_ll_usb.o
                0x0000000008003040                USB_DeactivateEndpoint
 .text.USB_EPStartXfer
                0x000000000800332c      0x560 Drivers/STM32L0xx_HAL_Driver/Src/stm32l0xx_ll_usb.o
                0x000000000800332c                USB_EPStartXfer
 .text.USB_EPSetStall
                0x000000000800388c       0x84 Drivers/STM32L0xx_HAL_Driver/Src/stm32l0xx_ll_usb.o
                0x000000000800388c                USB_EPSetStall
 .text.USB_EPClearStall
                0x0000000008003910      0x118 Drivers/STM32L0xx_HAL_Driver/Src/stm32l0xx_ll_usb.o
                0x0000000008003910                USB_EPClearStall
 .text.USB_SetDevAddress
                0x0000000008003a28       0x28 Drivers/STM32L0xx_HAL_Driver/Src/stm32l0xx_ll_usb.o
                0x0000000008003a28                USB_SetDevAddress
 .text.USB_DevConnect
                0x0000000008003a50       0x2c Drivers/STM32L0xx_HAL_Driver/Src/stm32l0xx_ll_usb.o
                0x0000000008003a50                USB_DevConnect
 .text.USB_ReadInterrupts
                0x0000000008003a7c       0x1c Drivers/STM32L0xx_HAL_Driver/Src/stm32l0xx_ll_usb.o
                0x0000000008003a7c                USB_ReadInterrupts
 .text.USB_EP0_OutStart
                0x0000000008003a98       0x14 Drivers/STM32L0xx_HAL_Driver/Src/stm32l0xx_ll_usb.o
                0x0000000008003a98                USB_EP0_OutStart
 .text.USB_WritePMA
                0x0000000008003aac       0x86 Drivers/STM32L0xx_HAL_Driver/Src/stm32l0xx_ll_usb.o
                0x0000000008003aac                USB_WritePMA
 .text.USB_ReadPMA
                0x0000000008003b32       0x9a Drivers/STM32L0xx_HAL_Driver/Src/stm32l0xx_ll_usb.o
                0x0000000008003b32                USB_ReadPMA
 .text.USBD_CDC_Init
                0x0000000008003bcc      0x118 Middlewares/ST/STM32_USB_Device_Library/Class/CDC/Src/usbd_cdc.o
 .text.USBD_CDC_DeInit
                0x0000000008003ce4       0x88 Middlewares/ST/STM32_USB_Device_Library/Class/CDC/Src/usbd_cdc.o
 .text.USBD_CDC_Setup
                0x0000000008003d6c      0x18c Middlewares/ST/STM32_USB_Device_Library/Class/CDC/Src/usbd_cdc.o
 .text.USBD_CDC_DataIn
                0x0000000008003ef8       0xb0 Middlewares/ST/STM32_USB_Device_Library/Class/CDC/Src/usbd_cdc.o
 .text.USBD_CDC_DataOut
                0x0000000008003fa8       0x6a Middlewares/ST/STM32_USB_Device_Library/Class/CDC/Src/usbd_cdc.o
 *fill*         0x0000000008004012        0x2 
 .text.USBD_CDC_EP0_RxReady
                0x0000000008004014       0x64 Middlewares/ST/STM32_USB_Device_Library/Class/CDC/Src/usbd_cdc.o
 .text.USBD_CDC_GetFSCfgDesc
                0x0000000008004078       0x1c Middlewares/ST/STM32_USB_Device_Library/Class/CDC/Src/usbd_cdc.o
 .text.USBD_CDC_GetHSCfgDesc
                0x0000000008004094       0x1c Middlewares/ST/STM32_USB_Device_Library/Class/CDC/Src/usbd_cdc.o
 .text.USBD_CDC_GetOtherSpeedCfgDesc
                0x00000000080040b0       0x1c Middlewares/ST/STM32_USB_Device_Library/Class/CDC/Src/usbd_cdc.o
 .text.USBD_CDC_GetDeviceQualifierDescriptor
                0x00000000080040cc       0x1c Middlewares/ST/STM32_USB_Device_Library/Class/CDC/Src/usbd_cdc.o
                0x00000000080040cc                USBD_CDC_GetDeviceQualifierDescriptor
 .text.USBD_CDC_RegisterInterface
                0x00000000080040e8       0x38 Middlewares/ST/STM32_USB_Device_Library/Class/CDC/Src/usbd_cdc.o
                0x00000000080040e8                USBD_CDC_RegisterInterface
 .text.USBD_CDC_SetTxBuffer
                0x0000000008004120       0x38 Middlewares/ST/STM32_USB_Device_Library/Class/CDC/Src/usbd_cdc.o
                0x0000000008004120                USBD_CDC_SetTxBuffer
 .text.USBD_CDC_SetRxBuffer
                0x0000000008004158       0x28 Middlewares/ST/STM32_USB_Device_Library/Class/CDC/Src/usbd_cdc.o
                0x0000000008004158                USBD_CDC_SetRxBuffer
 .text.USBD_CDC_TransmitPacket
                0x0000000008004180       0x6e Middlewares/ST/STM32_USB_Device_Library/Class/CDC/Src/usbd_cdc.o
                0x0000000008004180                USBD_CDC_TransmitPacket
 .text.USBD_CDC_ReceivePacket
                0x00000000080041ee       0x5c Middlewares/ST/STM32_USB_Device_Library/Class/CDC/Src/usbd_cdc.o
                0x00000000080041ee                USBD_CDC_ReceivePacket
 .text.USBD_Init
                0x000000000800424a       0x62 Middlewares/ST/STM32_USB_Device_Library/Core/Src/usbd_core.o
                0x000000000800424a                USBD_Init
 .text.USBD_RegisterClass
                0x00000000080042ac       0x42 Middlewares/ST/STM32_USB_Device_Library/Core/Src/usbd_core.o
                0x00000000080042ac                USBD_RegisterClass
 .text.USBD_Start
                0x00000000080042ee       0x1a Middlewares/ST/STM32_USB_Device_Library/Core/Src/usbd_core.o
                0x00000000080042ee                USBD_Start
 .text.USBD_RunTestMode
                0x0000000008004308       0x12 Middlewares/ST/STM32_USB_Device_Library/Core/Src/usbd_core.o
                0x0000000008004308                USBD_RunTestMode
 .text.USBD_SetClassConfig
                0x000000000800431a       0x50 Middlewares/ST/STM32_USB_Device_Library/Core/Src/usbd_core.o
                0x000000000800431a                USBD_SetClassConfig
 .text.USBD_ClrClassConfig
                0x000000000800436a       0x2c Middlewares/ST/STM32_USB_Device_Library/Core/Src/usbd_core.o
                0x000000000800436a                USBD_ClrClassConfig
 *fill*         0x0000000008004396        0x2 
 .text.USBD_LL_SetupStage
                0x0000000008004398       0xb8 Middlewares/ST/STM32_USB_Device_Library/Core/Src/usbd_core.o
                0x0000000008004398                USBD_LL_SetupStage
 .text.USBD_LL_DataOutStage
                0x0000000008004450      0x104 Middlewares/ST/STM32_USB_Device_Library/Core/Src/usbd_core.o
                0x0000000008004450                USBD_LL_DataOutStage
 .text.USBD_LL_DataInStage
                0x0000000008004554      0x17a Middlewares/ST/STM32_USB_Device_Library/Core/Src/usbd_core.o
                0x0000000008004554                USBD_LL_DataInStage
 .text.USBD_LL_Reset
                0x00000000080046ce       0x90 Middlewares/ST/STM32_USB_Device_Library/Core/Src/usbd_core.o
                0x00000000080046ce                USBD_LL_Reset
 .text.USBD_LL_SetSpeed
                0x000000000800475e       0x20 Middlewares/ST/STM32_USB_Device_Library/Core/Src/usbd_core.o
                0x000000000800475e                USBD_LL_SetSpeed
 *fill*         0x000000000800477e        0x2 
 .text.USBD_LL_Suspend
                0x0000000008004780       0x30 Middlewares/ST/STM32_USB_Device_Library/Core/Src/usbd_core.o
                0x0000000008004780                USBD_LL_Suspend
 .text.USBD_LL_Resume
                0x00000000080047b0       0x24 Middlewares/ST/STM32_USB_Device_Library/Core/Src/usbd_core.o
                0x00000000080047b0                USBD_LL_Resume
 .text.USBD_LL_SOF
                0x00000000080047d4       0x3c Middlewares/ST/STM32_USB_Device_Library/Core/Src/usbd_core.o
                0x00000000080047d4                USBD_LL_SOF
 .text.USBD_StdDevReq
                0x0000000008004810       0xe4 Middlewares/ST/STM32_USB_Device_Library/Core/Src/usbd_ctlreq.o
                0x0000000008004810                USBD_StdDevReq
 .text.USBD_StdItfReq
                0x00000000080048f4       0xae Middlewares/ST/STM32_USB_Device_Library/Core/Src/usbd_ctlreq.o
                0x00000000080048f4                USBD_StdItfReq
 .text.USBD_StdEPReq
                0x00000000080049a2      0x378 Middlewares/ST/STM32_USB_Device_Library/Core/Src/usbd_ctlreq.o
                0x00000000080049a2                USBD_StdEPReq
 *fill*         0x0000000008004d1a        0x2 
 .text.USBD_GetDescriptor
                0x0000000008004d1c      0x224 Middlewares/ST/STM32_USB_Device_Library/Core/Src/usbd_ctlreq.o
 .text.USBD_SetAddress
                0x0000000008004f40       0xa8 Middlewares/ST/STM32_USB_Device_Library/Core/Src/usbd_ctlreq.o
 .text.USBD_SetConfig
                0x0000000008004fe8      0x148 Middlewares/ST/STM32_USB_Device_Library/Core/Src/usbd_ctlreq.o
 .text.USBD_GetConfig
                0x0000000008005130       0x74 Middlewares/ST/STM32_USB_Device_Library/Core/Src/usbd_ctlreq.o
 .text.USBD_GetStatus
                0x00000000080051a4       0x74 Middlewares/ST/STM32_USB_Device_Library/Core/Src/usbd_ctlreq.o
 .text.USBD_SetFeature
                0x0000000008005218       0x2c Middlewares/ST/STM32_USB_Device_Library/Core/Src/usbd_ctlreq.o
 .text.USBD_ClrFeature
                0x0000000008005244       0x4c Middlewares/ST/STM32_USB_Device_Library/Core/Src/usbd_ctlreq.o
 .text.USBD_ParseSetupRequest
                0x0000000008005290       0x76 Middlewares/ST/STM32_USB_Device_Library/Core/Src/usbd_ctlreq.o
                0x0000000008005290                USBD_ParseSetupRequest
 .text.USBD_CtlError
                0x0000000008005306       0x26 Middlewares/ST/STM32_USB_Device_Library/Core/Src/usbd_ctlreq.o
                0x0000000008005306                USBD_CtlError
 .text.USBD_GetString
                0x000000000800532c       0x9e Middlewares/ST/STM32_USB_Device_Library/Core/Src/usbd_ctlreq.o
                0x000000000800532c                USBD_GetString
 .text.USBD_GetLen
                0x00000000080053ca       0x3a Middlewares/ST/STM32_USB_Device_Library/Core/Src/usbd_ctlreq.o
 .text.USBD_CtlSendData
                0x0000000008005404       0x40 Middlewares/ST/STM32_USB_Device_Library/Core/Src/usbd_ioreq.o
                0x0000000008005404                USBD_CtlSendData
 .text.USBD_CtlContinueSendData
                0x0000000008005444       0x26 Middlewares/ST/STM32_USB_Device_Library/Core/Src/usbd_ioreq.o
                0x0000000008005444                USBD_CtlContinueSendData
 .text.USBD_CtlPrepareRx
                0x000000000800546a       0x48 Middlewares/ST/STM32_USB_Device_Library/Core/Src/usbd_ioreq.o
                0x000000000800546a                USBD_CtlPrepareRx
 .text.USBD_CtlContinueRx
                0x00000000080054b2       0x26 Middlewares/ST/STM32_USB_Device_Library/Core/Src/usbd_ioreq.o
                0x00000000080054b2                USBD_CtlContinueRx
 .text.USBD_CtlSendStatus
                0x00000000080054d8       0x28 Middlewares/ST/STM32_USB_Device_Library/Core/Src/usbd_ioreq.o
                0x00000000080054d8                USBD_CtlSendStatus
 .text.USBD_CtlReceiveStatus
                0x0000000008005500       0x28 Middlewares/ST/STM32_USB_Device_Library/Core/Src/usbd_ioreq.o
                0x0000000008005500                USBD_CtlReceiveStatus
 .text.InitGame
                0x0000000008005528       0x30 Src/game.o
                0x0000000008005528                InitGame
 .text.PrintBadInput
                0x0000000008005558       0xc8 Src/game.o
                0x0000000008005558                PrintBadInput
 .text.GameLoop
                0x0000000008005620       0xd0 Src/game.o
                0x0000000008005620                GameLoop
 .text.UseItem  0x00000000080056f0       0xd0 Src/game.o
                0x00000000080056f0                UseItem
 .text.PrintLocation
                0x00000000080057c0      0x174 Src/game.o
                0x00000000080057c0                PrintLocation
 .text.PrintInventory
                0x0000000008005934       0x50 Src/game.o
                0x0000000008005934                PrintInventory
 .text.ExamineItem
                0x0000000008005984       0x48 Src/game.o
                0x0000000008005984                ExamineItem
 .text.GetItem  0x00000000080059cc       0x98 Src/game.o
                0x00000000080059cc                GetItem
 .text.MovePlayer
                0x0000000008005a64      0x1ec Src/game.o
                0x0000000008005a64                MovePlayer
 .text.MixItems
                0x0000000008005c50       0x7c Src/game.o
                0x0000000008005c50                MixItems
 .text.MixItemsMixer
                0x0000000008005ccc       0x5c Src/game.o
                0x0000000008005ccc                MixItemsMixer
 .text.UseItemStateMachine
                0x0000000008005d28       0x70 Src/game.o
                0x0000000008005d28                UseItemStateMachine
 .text.InitItms
                0x0000000008005d98       0xd0 Src/items.o
                0x0000000008005d98                InitItms
 .text.GetItmByToken
                0x0000000008005e68       0x60 Src/items.o
                0x0000000008005e68                GetItmByToken
 .text.TokenizeUserInput
                0x0000000008005ec8      0x5b4 Src/lexer.o
                0x0000000008005ec8                TokenizeUserInput
 .text.main     0x000000000800647c       0x34 Src/main.o
                0x000000000800647c                main
 .text.SystemClock_Config
                0x00000000080064b0       0xdc Src/main.o
                0x00000000080064b0                SystemClock_Config
 .text.MX_I2C1_Init
                0x000000000800658c       0x80 Src/main.o
 .text.MX_GPIO_Init
                0x000000000800660c       0xc0 Src/main.o
 .text.Error_Handler
                0x00000000080066cc        0xa Src/main.o
                0x00000000080066cc                Error_Handler
 *fill*         0x00000000080066d6        0x2 
 .text.InitObjs
                0x00000000080066d8       0x44 Src/objects.o
                0x00000000080066d8                InitObjs
 .text.GetObjByToken
                0x000000000800671c       0x60 Src/objects.o
                0x000000000800671c                GetObjByToken
 .text.DeepSleep
                0x000000000800677c       0x34 Src/power.o
                0x000000000800677c                DeepSleep
 .text.InitRooms
                0x00000000080067b0      0x308 Src/rooms.o
                0x00000000080067b0                InitRooms
 .text.GetRoomByToken
                0x0000000008006ab8       0x60 Src/rooms.o
                0x0000000008006ab8                GetRoomByToken
 .text.HAL_MspInit
                0x0000000008006b18       0x28 Src/stm32l0xx_hal_msp.o
                0x0000000008006b18                HAL_MspInit
 .text.HAL_I2C_MspInit
                0x0000000008006b40       0x88 Src/stm32l0xx_hal_msp.o
                0x0000000008006b40                HAL_I2C_MspInit
 .text.NMI_Handler
                0x0000000008006bc8        0xa Src/stm32l0xx_it.o
                0x0000000008006bc8                NMI_Handler
 .text.HardFault_Handler
                0x0000000008006bd2        0x6 Src/stm32l0xx_it.o
                0x0000000008006bd2                HardFault_Handler
 .text.SVC_Handler
                0x0000000008006bd8        0xa Src/stm32l0xx_it.o
                0x0000000008006bd8                SVC_Handler
 .text.PendSV_Handler
                0x0000000008006be2        0xa Src/stm32l0xx_it.o
                0x0000000008006be2                PendSV_Handler
 .text.SysTick_Handler
                0x0000000008006bec        0xe Src/stm32l0xx_it.o
                0x0000000008006bec                SysTick_Handler
 *fill*         0x0000000008006bfa        0x2 
 .text.EXTI4_15_IRQHandler
                0x0000000008006bfc       0x20 Src/stm32l0xx_it.o
                0x0000000008006bfc                EXTI4_15_IRQHandler
 .text.USB_IRQHandler
                0x0000000008006c1c       0x18 Src/stm32l0xx_it.o
                0x0000000008006c1c                USB_IRQHandler
 .text._sbrk    0x0000000008006c34       0x58 Src/sysmem.o
                0x0000000008006c34                _sbrk
 .text.SystemInit
                0x0000000008006c8c       0x7c Src/system_stm32l0xx.o
                0x0000000008006c8c                SystemInit
 .text.MX_USB_DEVICE_Init
                0x0000000008006d08       0x68 Src/usb_device.o
                0x0000000008006d08                MX_USB_DEVICE_Init
 .text.CDC_Init_FS
                0x0000000008006d70       0x44 Src/usbd_cdc_if.o
 .text.CDC_DeInit_FS
                0x0000000008006db4        0xc Src/usbd_cdc_if.o
 .text.CDC_Control_FS
                0x0000000008006dc0       0x38 Src/usbd_cdc_if.o
 .text.CDC_Receive_FS
                0x0000000008006df8      0x124 Src/usbd_cdc_if.o
 .text.CDC_Transmit_FS
                0x0000000008006f1c       0x60 Src/usbd_cdc_if.o
                0x0000000008006f1c                CDC_Transmit_FS
 .text.GetUserDataBuf
                0x0000000008006f7c       0x10 Src/usbd_cdc_if.o
                0x0000000008006f7c                GetUserDataBuf
 .text.ClearUserDataBuf
                0x0000000008006f8c       0x30 Src/usbd_cdc_if.o
                0x0000000008006f8c                ClearUserDataBuf
 .text.ClearTxBuffer
                0x0000000008006fbc       0x1c Src/usbd_cdc_if.o
                0x0000000008006fbc                ClearTxBuffer
 .text.PrintToConsole
                0x0000000008006fd8       0x90 Src/usbd_cdc_if.o
                0x0000000008006fd8                PrintToConsole
 .text.CheckUserDataReady
                0x0000000008007068       0x14 Src/usbd_cdc_if.o
                0x0000000008007068                CheckUserDataReady
 .text.GetUserDataSize
                0x000000000800707c       0x14 Src/usbd_cdc_if.o
                0x000000000800707c                GetUserDataSize
 .text.PrintStrToConsole
                0x0000000008007090       0x80 Src/usbd_cdc_if.o
                0x0000000008007090                PrintStrToConsole
 .text.HAL_PCD_MspInit
                0x0000000008007110       0x40 Src/usbd_conf.o
                0x0000000008007110                HAL_PCD_MspInit
 .text.HAL_PCD_SetupStageCallback
                0x0000000008007150       0x2a Src/usbd_conf.o
                0x0000000008007150                HAL_PCD_SetupStageCallback
 .text.HAL_PCD_DataOutStageCallback
                0x000000000800717a       0x3a Src/usbd_conf.o
                0x000000000800717a                HAL_PCD_DataOutStageCallback
 .text.HAL_PCD_DataInStageCallback
                0x00000000080071b4       0x36 Src/usbd_conf.o
                0x00000000080071b4                HAL_PCD_DataInStageCallback
 .text.HAL_PCD_SOFCallback
                0x00000000080071ea       0x1e Src/usbd_conf.o
                0x00000000080071ea                HAL_PCD_SOFCallback
 .text.HAL_PCD_ResetCallback
                0x0000000008007208       0x48 Src/usbd_conf.o
                0x0000000008007208                HAL_PCD_ResetCallback
 .text.HAL_PCD_SuspendCallback
                0x0000000008007250       0x38 Src/usbd_conf.o
                0x0000000008007250                HAL_PCD_SuspendCallback
 .text.HAL_PCD_ResumeCallback
                0x0000000008007288       0x3c Src/usbd_conf.o
                0x0000000008007288                HAL_PCD_ResumeCallback
 .text.USBD_LL_Init
                0x00000000080072c4       0xc8 Src/usbd_conf.o
                0x00000000080072c4                USBD_LL_Init
 .text.USBD_LL_Start
                0x000000000800738c       0x4c Src/usbd_conf.o
                0x000000000800738c                USBD_LL_Start
 .text.USBD_LL_OpenEP
                0x00000000080073d8       0x6e Src/usbd_conf.o
                0x00000000080073d8                USBD_LL_OpenEP
 .text.USBD_LL_CloseEP
                0x0000000008007446       0x58 Src/usbd_conf.o
                0x0000000008007446                USBD_LL_CloseEP
 .text.USBD_LL_StallEP
                0x000000000800749e       0x58 Src/usbd_conf.o
                0x000000000800749e                USBD_LL_StallEP
 .text.USBD_LL_ClearStallEP
                0x00000000080074f6       0x58 Src/usbd_conf.o
                0x00000000080074f6                USBD_LL_ClearStallEP
 .text.USBD_LL_IsStallEP
                0x000000000800754e       0x56 Src/usbd_conf.o
                0x000000000800754e                USBD_LL_IsStallEP
 .text.USBD_LL_SetUSBAddress
                0x00000000080075a4       0x58 Src/usbd_conf.o
                0x00000000080075a4                USBD_LL_SetUSBAddress
 .text.USBD_LL_Transmit
                0x00000000080075fc       0x70 Src/usbd_conf.o
                0x00000000080075fc                USBD_LL_Transmit
 .text.USBD_LL_PrepareReceive
                0x000000000800766c       0x70 Src/usbd_conf.o
                0x000000000800766c                USBD_LL_PrepareReceive
 .text.USBD_LL_GetRxDataSize
                0x00000000080076dc       0x2c Src/usbd_conf.o
                0x00000000080076dc                USBD_LL_GetRxDataSize
 .text.USBD_static_malloc
                0x0000000008007708       0x18 Src/usbd_conf.o
                0x0000000008007708                USBD_static_malloc
 .text.USBD_static_free
                0x0000000008007720       0x10 Src/usbd_conf.o
                0x0000000008007720                USBD_static_free
 .text.SystemClockConfig_Resume
                0x0000000008007730        0xe Src/usbd_conf.o
 .text.USBD_Get_USB_Status
                0x000000000800773e       0x6e Src/usbd_conf.o
 .text.USBD_FS_DeviceDescriptor
                0x00000000080077ac       0x24 Src/usbd_desc.o
                0x00000000080077ac                USBD_FS_DeviceDescriptor
 .text.USBD_FS_LangIDStrDescriptor
                0x00000000080077d0       0x24 Src/usbd_desc.o
                0x00000000080077d0                USBD_FS_LangIDStrDescriptor
 .text.USBD_FS_ProductStrDescriptor
                0x00000000080077f4       0x44 Src/usbd_desc.o
                0x00000000080077f4                USBD_FS_ProductStrDescriptor
 .text.USBD_FS_ManufacturerStrDescriptor
                0x0000000008007838       0x2c Src/usbd_desc.o
                0x0000000008007838                USBD_FS_ManufacturerStrDescriptor
 .text.USBD_FS_SerialStrDescriptor
                0x0000000008007864       0x28 Src/usbd_desc.o
                0x0000000008007864                USBD_FS_SerialStrDescriptor
 .text.USBD_FS_ConfigStrDescriptor
                0x000000000800788c       0x44 Src/usbd_desc.o
                0x000000000800788c                USBD_FS_ConfigStrDescriptor
 .text.USBD_FS_InterfaceStrDescriptor
                0x00000000080078d0       0x44 Src/usbd_desc.o
                0x00000000080078d0                USBD_FS_InterfaceStrDescriptor
 .text.Get_SerialNum
                0x0000000008007914       0x5c Src/usbd_desc.o
 .text.IntToUnicode
                0x0000000008007970       0x94 Src/usbd_desc.o
 .text.Reset_Handler
                0x0000000008007a04       0x50 Startup/startup_stm32l073rztx.o
                0x0000000008007a04                Reset_Handler
 .text.Default_Handler
                0x0000000008007a54        0x2 Startup/startup_stm32l073rztx.o
                0x0000000008007a54                TSC_IRQHandler
                0x0000000008007a54                ADC1_COMP_IRQHandler
                0x0000000008007a54                PVD_IRQHandler
                0x0000000008007a54                I2C1_IRQHandler
                0x0000000008007a54                RCC_CRS_IRQHandler
                0x0000000008007a54                SPI1_IRQHandler
                0x0000000008007a54                TIM6_DAC_IRQHandler
                0x0000000008007a54                EXTI2_3_IRQHandler
                0x0000000008007a54                I2C2_IRQHandler
                0x0000000008007a54                RTC_IRQHandler
                0x0000000008007a54                LCD_IRQHandler
                0x0000000008007a54                DMA1_Channel4_5_6_7_IRQHandler
                0x0000000008007a54                TIM3_IRQHandler
                0x0000000008007a54                DMA1_Channel1_IRQHandler
                0x0000000008007a54                USART4_5_IRQHandler
                0x0000000008007a54                Default_Handler
                0x0000000008007a54                TIM22_IRQHandler
                0x0000000008007a54                TIM7_IRQHandler
                0x0000000008007a54                EXTI0_1_IRQHandler
                0x0000000008007a54                I2C3_IRQHandler
                0x0000000008007a54                SPI2_IRQHandler
                0x0000000008007a54                TIM21_IRQHandler
                0x0000000008007a54                WWDG_IRQHandler
                0x0000000008007a54                TIM2_IRQHandler
                0x0000000008007a54                DMA1_Channel2_3_IRQHandler
                0x0000000008007a54                USART2_IRQHandler
                0x0000000008007a54                FLASH_IRQHandler
                0x0000000008007a54                USART1_IRQHandler
                0x0000000008007a54                RNG_LPUART1_IRQHandler
                0x0000000008007a54                LPTIM1_IRQHandler
 *fill*         0x0000000008007a56        0x2 
 .text.__errno  0x0000000008007a58        0xc /opt/st/stm32cubeide_1.2.0/plugins/com.st.stm32cube.ide.mcu.externaltools.gnu-tools-for-stm32.7-2018-q2-update.linux64_1.0.0.201904181610/tools/bin/../lib/gcc/arm-none-eabi/7.3.1/../../../../arm-none-eabi/lib/thumb/v6-m/libc_nano.a(lib_a-errno.o)
                0x0000000008007a58                __errno
 .text.__libc_init_array
                0x0000000008007a64       0x48 /opt/st/stm32cubeide_1.2.0/plugins/com.st.stm32cube.ide.mcu.externaltools.gnu-tools-for-stm32.7-2018-q2-update.linux64_1.0.0.201904181610/tools/bin/../lib/gcc/arm-none-eabi/7.3.1/../../../../arm-none-eabi/lib/thumb/v6-m/libc_nano.a(lib_a-init.o)
                0x0000000008007a64                __libc_init_array
 .text.memcpy   0x0000000008007aac       0x12 /opt/st/stm32cubeide_1.2.0/plugins/com.st.stm32cube.ide.mcu.externaltools.gnu-tools-for-stm32.7-2018-q2-update.linux64_1.0.0.201904181610/tools/bin/../lib/gcc/arm-none-eabi/7.3.1/../../../../arm-none-eabi/lib/thumb/v6-m/libc_nano.a(lib_a-memcpy-stub.o)
                0x0000000008007aac                memcpy
 .text.memset   0x0000000008007abe       0x10 /opt/st/stm32cubeide_1.2.0/plugins/com.st.stm32cube.ide.mcu.externaltools.gnu-tools-for-stm32.7-2018-q2-update.linux64_1.0.0.201904181610/tools/bin/../lib/gcc/arm-none-eabi/7.3.1/../../../../arm-none-eabi/lib/thumb/v6-m/libc_nano.a(lib_a-memset.o)
                0x0000000008007abe                memset
 *fill*         0x0000000008007ace        0x2 
 .text.snprintf
                0x0000000008007ad0       0x64 /opt/st/stm32cubeide_1.2.0/plugins/com.st.stm32cube.ide.mcu.externaltools.gnu-tools-for-stm32.7-2018-q2-update.linux64_1.0.0.201904181610/tools/bin/../lib/gcc/arm-none-eabi/7.3.1/../../../../arm-none-eabi/lib/thumb/v6-m/libc_nano.a(lib_a-snprintf.o)
                0x0000000008007ad0                snprintf
                0x0000000008007ad0                sniprintf
 .text.strncmp  0x0000000008007b34       0x22 /opt/st/stm32cubeide_1.2.0/plugins/com.st.stm32cube.ide.mcu.externaltools.gnu-tools-for-stm32.7-2018-q2-update.linux64_1.0.0.201904181610/tools/bin/../lib/gcc/arm-none-eabi/7.3.1/../../../../arm-none-eabi/lib/thumb/v6-m/libc_nano.a(lib_a-strncmp.o)
                0x0000000008007b34                strncmp
 *fill*         0x0000000008007b56        0x2 
 .text.__ssputs_r
                0x0000000008007b58       0xc4 /opt/st/stm32cubeide_1.2.0/plugins/com.st.stm32cube.ide.mcu.externaltools.gnu-tools-for-stm32.7-2018-q2-update.linux64_1.0.0.201904181610/tools/bin/../lib/gcc/arm-none-eabi/7.3.1/../../../../arm-none-eabi/lib/thumb/v6-m/libc_nano.a(lib_a-nano-svfprintf.o)
                0x0000000008007b58                __ssputs_r
 .text._svfprintf_r
                0x0000000008007c1c      0x1fc /opt/st/stm32cubeide_1.2.0/plugins/com.st.stm32cube.ide.mcu.externaltools.gnu-tools-for-stm32.7-2018-q2-update.linux64_1.0.0.201904181610/tools/bin/../lib/gcc/arm-none-eabi/7.3.1/../../../../arm-none-eabi/lib/thumb/v6-m/libc_nano.a(lib_a-nano-svfprintf.o)
                0x0000000008007c1c                _svfprintf_r
                0x0000000008007c1c                _svfiprintf_r
 .text._printf_common
                0x0000000008007e18       0xda /opt/st/stm32cubeide_1.2.0/plugins/com.st.stm32cube.ide.mcu.externaltools.gnu-tools-for-stm32.7-2018-q2-update.linux64_1.0.0.201904181610/tools/bin/../lib/gcc/arm-none-eabi/7.3.1/../../../../arm-none-eabi/lib/thumb/v6-m/libc_nano.a(lib_a-nano-vfprintf_i.o)
                0x0000000008007e18                _printf_common
 *fill*         0x0000000008007ef2        0x2 
 .text._printf_i
                0x0000000008007ef4      0x210 /opt/st/stm32cubeide_1.2.0/plugins/com.st.stm32cube.ide.mcu.externaltools.gnu-tools-for-stm32.7-2018-q2-update.linux64_1.0.0.201904181610/tools/bin/../lib/gcc/arm-none-eabi/7.3.1/../../../../arm-none-eabi/lib/thumb/v6-m/libc_nano.a(lib_a-nano-vfprintf_i.o)
                0x0000000008007ef4                _printf_i
 .text.memchr   0x0000000008008104       0x16 /opt/st/stm32cubeide_1.2.0/plugins/com.st.stm32cube.ide.mcu.externaltools.gnu-tools-for-stm32.7-2018-q2-update.linux64_1.0.0.201904181610/tools/bin/../lib/gcc/arm-none-eabi/7.3.1/../../../../arm-none-eabi/lib/thumb/v6-m/libc_nano.a(lib_a-memchr-stub.o)
                0x0000000008008104                memchr
 .text.memmove  0x000000000800811a       0x26 /opt/st/stm32cubeide_1.2.0/plugins/com.st.stm32cube.ide.mcu.externaltools.gnu-tools-for-stm32.7-2018-q2-update.linux64_1.0.0.201904181610/tools/bin/../lib/gcc/arm-none-eabi/7.3.1/../../../../arm-none-eabi/lib/thumb/v6-m/libc_nano.a(lib_a-memmove.o)
                0x000000000800811a                memmove
 .text._free_r  0x0000000008008140       0x94 /opt/st/stm32cubeide_1.2.0/plugins/com.st.stm32cube.ide.mcu.externaltools.gnu-tools-for-stm32.7-2018-q2-update.linux64_1.0.0.201904181610/tools/bin/../lib/gcc/arm-none-eabi/7.3.1/../../../../arm-none-eabi/lib/thumb/v6-m/libc_nano.a(lib_a-nano-freer.o)
                0x0000000008008140                _free_r
 .text._malloc_r
                0x00000000080081d4       0xbc /opt/st/stm32cubeide_1.2.0/plugins/com.st.stm32cube.ide.mcu.externaltools.gnu-tools-for-stm32.7-2018-q2-update.linux64_1.0.0.201904181610/tools/bin/../lib/gcc/arm-none-eabi/7.3.1/../../../../arm-none-eabi/lib/thumb/v6-m/libc_nano.a(lib_a-nano-mallocr.o)
                0x00000000080081d4                _malloc_r
 .text._realloc_r
                0x0000000008008290       0x4c /opt/st/stm32cubeide_1.2.0/plugins/com.st.stm32cube.ide.mcu.externaltools.gnu-tools-for-stm32.7-2018-q2-update.linux64_1.0.0.201904181610/tools/bin/../lib/gcc/arm-none-eabi/7.3.1/../../../../arm-none-eabi/lib/thumb/v6-m/libc_nano.a(lib_a-nano-reallocr.o)
                0x0000000008008290                _realloc_r
 .text._sbrk_r  0x00000000080082dc       0x24 /opt/st/stm32cubeide_1.2.0/plugins/com.st.stm32cube.ide.mcu.externaltools.gnu-tools-for-stm32.7-2018-q2-update.linux64_1.0.0.201904181610/tools/bin/../lib/gcc/arm-none-eabi/7.3.1/../../../../arm-none-eabi/lib/thumb/v6-m/libc_nano.a(lib_a-sbrkr.o)
                0x00000000080082dc                _sbrk_r
 .text.__malloc_lock
                0x0000000008008300        0x2 /opt/st/stm32cubeide_1.2.0/plugins/com.st.stm32cube.ide.mcu.externaltools.gnu-tools-for-stm32.7-2018-q2-update.linux64_1.0.0.201904181610/tools/bin/../lib/gcc/arm-none-eabi/7.3.1/../../../../arm-none-eabi/lib/thumb/v6-m/libc_nano.a(lib_a-mlock.o)
                0x0000000008008300                __malloc_lock
 .text.__malloc_unlock
                0x0000000008008302        0x2 /opt/st/stm32cubeide_1.2.0/plugins/com.st.stm32cube.ide.mcu.externaltools.gnu-tools-for-stm32.7-2018-q2-update.linux64_1.0.0.201904181610/tools/bin/../lib/gcc/arm-none-eabi/7.3.1/../../../../arm-none-eabi/lib/thumb/v6-m/libc_nano.a(lib_a-mlock.o)
                0x0000000008008302                __malloc_unlock
 .text._malloc_usable_size_r
                0x0000000008008304       0x10 /opt/st/stm32cubeide_1.2.0/plugins/com.st.stm32cube.ide.mcu.externaltools.gnu-tools-for-stm32.7-2018-q2-update.linux64_1.0.0.201904181610/tools/bin/../lib/gcc/arm-none-eabi/7.3.1/../../../../arm-none-eabi/lib/thumb/v6-m/libc_nano.a(lib_a-nano-msizer.o)
                0x0000000008008304                _malloc_usable_size_r
 *(.glue_7)
 .glue_7        0x0000000008008314        0x0 linker stubs
 *(.glue_7t)
 .glue_7t       0x0000000008008314        0x0 linker stubs
 *(.eh_frame)
 .eh_frame      0x0000000008008314        0x0 /opt/st/stm32cubeide_1.2.0/plugins/com.st.stm32cube.ide.mcu.externaltools.gnu-tools-for-stm32.7-2018-q2-update.linux64_1.0.0.201904181610/tools/bin/../lib/gcc/arm-none-eabi/7.3.1/thumb/v6-m/crtbegin.o
 *(.init)
 .init          0x0000000008008314        0x4 /opt/st/stm32cubeide_1.2.0/plugins/com.st.stm32cube.ide.mcu.externaltools.gnu-tools-for-stm32.7-2018-q2-update.linux64_1.0.0.201904181610/tools/bin/../lib/gcc/arm-none-eabi/7.3.1/thumb/v6-m/crti.o
                0x0000000008008314                _init
 .init          0x0000000008008318        0x8 /opt/st/stm32cubeide_1.2.0/plugins/com.st.stm32cube.ide.mcu.externaltools.gnu-tools-for-stm32.7-2018-q2-update.linux64_1.0.0.201904181610/tools/bin/../lib/gcc/arm-none-eabi/7.3.1/thumb/v6-m/crtn.o
 *(.fini)
 .fini          0x0000000008008320        0x4 /opt/st/stm32cubeide_1.2.0/plugins/com.st.stm32cube.ide.mcu.externaltools.gnu-tools-for-stm32.7-2018-q2-update.linux64_1.0.0.201904181610/tools/bin/../lib/gcc/arm-none-eabi/7.3.1/thumb/v6-m/crti.o
                0x0000000008008320                _fini
 .fini          0x0000000008008324        0x8 /opt/st/stm32cubeide_1.2.0/plugins/com.st.stm32cube.ide.mcu.externaltools.gnu-tools-for-stm32.7-2018-q2-update.linux64_1.0.0.201904181610/tools/bin/../lib/gcc/arm-none-eabi/7.3.1/thumb/v6-m/crtn.o
                0x000000000800832c                . = ALIGN (0x4)
                0x000000000800832c                _etext = .

.vfp11_veneer   0x000000000800832c        0x0
 .vfp11_veneer  0x000000000800832c        0x0 linker stubs

.v4_bx          0x000000000800832c        0x0
 .v4_bx         0x000000000800832c        0x0 linker stubs

.iplt           0x000000000800832c        0x0
 .iplt          0x000000000800832c        0x0 /opt/st/stm32cubeide_1.2.0/plugins/com.st.stm32cube.ide.mcu.externaltools.gnu-tools-for-stm32.7-2018-q2-update.linux64_1.0.0.201904181610/tools/bin/../lib/gcc/arm-none-eabi/7.3.1/thumb/v6-m/crtbegin.o

.rodata         0x000000000800832c      0x850
                0x000000000800832c                . = ALIGN (0x4)
 *(.rodata)
 .rodata        0x000000000800832c      0x22b Src/game.o
 *fill*         0x0000000008008557        0x1 
 .rodata        0x0000000008008558       0xc4 Src/lexer.o
 .rodata        0x000000000800861c       0x33 Src/power.o
 *fill*         0x000000000800864f        0x1 
 .rodata        0x0000000008008650        0x7 Src/usbd_cdc_if.o
 *fill*         0x0000000008008657        0x1 
 .rodata        0x0000000008008658       0x2e Src/usbd_desc.o
 *(.rodata*)
 *fill*         0x0000000008008686        0x2 
 .rodata.USBD_StdDevReq
                0x0000000008008688       0x28 Middlewares/ST/STM32_USB_Device_Library/Core/Src/usbd_ctlreq.o
 .rodata.USBD_GetDescriptor
                0x00000000080086b0       0x38 Middlewares/ST/STM32_USB_Device_Library/Core/Src/usbd_ctlreq.o
 .rodata.rm_flvr_teststart_up_unlocked
                0x00000000080086e8       0x43 Src/game.o
 *fill*         0x000000000800872b        0x1 
 .rodata.itm_testitem_name
                0x000000000800872c        0xa Src/items.o
                0x000000000800872c                itm_testitem_name
 *fill*         0x0000000008008736        0x2 
 .rodata.itm_testitem1_name
                0x0000000008008738       0x10 Src/items.o
                0x0000000008008738                itm_testitem1_name
 .rodata.itm_testitem2_name
                0x0000000008008748       0x10 Src/items.o
                0x0000000008008748                itm_testitem2_name
 .rodata.itm_testitm_seen
                0x0000000008008758       0x1c Src/items.o
                0x0000000008008758                itm_testitm_seen
 .rodata.itm_testitm1_seen
                0x0000000008008774       0x25 Src/items.o
                0x0000000008008774                itm_testitm1_seen
 *fill*         0x0000000008008799        0x3 
 .rodata.itm_testitm2_seen
                0x000000000800879c       0x22 Src/items.o
                0x000000000800879c                itm_testitm2_seen
 *fill*         0x00000000080087be        0x2 
 .rodata.itm_testitm_exmn
                0x00000000080087c0       0x2b Src/items.o
                0x00000000080087c0                itm_testitm_exmn
 *fill*         0x00000000080087eb        0x1 
 .rodata.itm_testitm1_exmn
                0x00000000080087ec       0x2e Src/items.o
                0x00000000080087ec                itm_testitm1_exmn
 *fill*         0x000000000800881a        0x2 
 .rodata.itm_testitm2_exmn
                0x000000000800881c       0x30 Src/items.o
                0x000000000800881c                itm_testitm2_exmn
 .rodata.obj_testobject_name
                0x000000000800884c        0xc Src/objects.o
                0x000000000800884c                obj_testobject_name
 .rodata.obj_testobj_seen
                0x0000000008008858       0x42 Src/objects.o
                0x0000000008008858                obj_testobj_seen
 *fill*         0x000000000800889a        0x2 
 .rodata.obj_testobj_examine
                0x000000000800889c       0x31 Src/objects.o
                0x000000000800889c                obj_testobj_examine
 *fill*         0x00000000080088cd        0x3 
 .rodata.rm_name_teststart
                0x00000000080088d0       0x10 Src/rooms.o
                0x00000000080088d0                rm_name_teststart
 .rodata.rm_name_testnorth
                0x00000000080088e0       0x10 Src/rooms.o
                0x00000000080088e0                rm_name_testnorth
 .rodata.rm_name_testeast
                0x00000000080088f0        0xf Src/rooms.o
                0x00000000080088f0                rm_name_testeast
 *fill*         0x00000000080088ff        0x1 
 .rodata.rm_name_testsouth
                0x0000000008008900       0x10 Src/rooms.o
                0x0000000008008900                rm_name_testsouth
 .rodata.rm_name_testwest
                0x0000000008008910        0xf Src/rooms.o
                0x0000000008008910                rm_name_testwest
 *fill*         0x000000000800891f        0x1 
 .rodata.rm_name_testdown
                0x0000000008008920        0xf Src/rooms.o
                0x0000000008008920                rm_name_testdown
 *fill*         0x000000000800892f        0x1 
 .rodata.rm_name_testup
                0x0000000008008930        0xd Src/rooms.o
                0x0000000008008930                rm_name_testup
 *fill*         0x000000000800893d        0x3 
 .rodata.rm_flvr_teststart
                0x0000000008008940       0x1d Src/rooms.o
                0x0000000008008940                rm_flvr_teststart
 *fill*         0x000000000800895d        0x3 
 .rodata.rm_flvr_testnorth
                0x0000000008008960       0x3c Src/rooms.o
                0x0000000008008960                rm_flvr_testnorth
 .rodata.rm_flvr_testeast
                0x000000000800899c       0x25 Src/rooms.o
                0x000000000800899c                rm_flvr_testeast
 *fill*         0x00000000080089c1        0x3 
 .rodata.rm_flvr_testsouth
                0x00000000080089c4       0x26 Src/rooms.o
                0x00000000080089c4                rm_flvr_testsouth
 *fill*         0x00000000080089ea        0x2 
 .rodata.rm_flvr_testwest
                0x00000000080089ec       0x32 Src/rooms.o
                0x00000000080089ec                rm_flvr_testwest
 *fill*         0x0000000008008a1e        0x2 
 .rodata.rm_flvr_testdown
                0x0000000008008a20       0x31 Src/rooms.o
                0x0000000008008a20                rm_flvr_testdown
 *fill*         0x0000000008008a51        0x3 
 .rodata.rm_flvr_testup
                0x0000000008008a54       0x46 Src/rooms.o
                0x0000000008008a54                rm_flvr_testup
 *fill*         0x0000000008008a9a        0x2 
 .rodata.AHBPrescTable
                0x0000000008008a9c       0x10 Src/system_stm32l0xx.o
                0x0000000008008a9c                AHBPrescTable
 .rodata.PLLMulTable
                0x0000000008008aac        0x9 Src/system_stm32l0xx.o
                0x0000000008008aac                PLLMulTable
 *fill*         0x0000000008008ab5        0x3 
 .rodata.CDC_Control_FS
                0x0000000008008ab8       0x90 Src/usbd_cdc_if.o
 .rodata._svfprintf_r.str1.1
                0x0000000008008b48       0x11 /opt/st/stm32cubeide_1.2.0/plugins/com.st.stm32cube.ide.mcu.externaltools.gnu-tools-for-stm32.7-2018-q2-update.linux64_1.0.0.201904181610/tools/bin/../lib/gcc/arm-none-eabi/7.3.1/../../../../arm-none-eabi/lib/thumb/v6-m/libc_nano.a(lib_a-nano-svfprintf.o)
 .rodata._printf_i.str1.1
                0x0000000008008b59       0x22 /opt/st/stm32cubeide_1.2.0/plugins/com.st.stm32cube.ide.mcu.externaltools.gnu-tools-for-stm32.7-2018-q2-update.linux64_1.0.0.201904181610/tools/bin/../lib/gcc/arm-none-eabi/7.3.1/../../../../arm-none-eabi/lib/thumb/v6-m/libc_nano.a(lib_a-nano-vfprintf_i.o)
                0x0000000008008b7c                . = ALIGN (0x4)
 *fill*         0x0000000008008b7b        0x1 

.rel.dyn        0x0000000008008b7c        0x0
 .rel.iplt      0x0000000008008b7c        0x0 /opt/st/stm32cubeide_1.2.0/plugins/com.st.stm32cube.ide.mcu.externaltools.gnu-tools-for-stm32.7-2018-q2-update.linux64_1.0.0.201904181610/tools/bin/../lib/gcc/arm-none-eabi/7.3.1/thumb/v6-m/crtbegin.o

.ARM.extab      0x0000000008008b7c        0x0
                0x0000000008008b7c                . = ALIGN (0x4)
 *(.ARM.extab* .gnu.linkonce.armextab.*)
                0x0000000008008b7c                . = ALIGN (0x4)

.ARM            0x0000000008008b7c        0x0
                0x0000000008008b7c                . = ALIGN (0x4)
                0x0000000008008b7c                __exidx_start = .
 *(.ARM.exidx*)
                0x0000000008008b7c                __exidx_end = .
                0x0000000008008b7c                . = ALIGN (0x4)

.preinit_array  0x0000000008008b7c        0x0
                0x0000000008008b7c                . = ALIGN (0x4)
                0x0000000008008b7c                PROVIDE (__preinit_array_start = .)
 *(.preinit_array*)
                0x0000000008008b7c                PROVIDE (__preinit_array_end = .)
                0x0000000008008b7c                . = ALIGN (0x4)

.init_array     0x0000000008008b7c        0x4
                0x0000000008008b7c                . = ALIGN (0x4)
                0x0000000008008b7c                PROVIDE (__init_array_start = .)
 *(SORT_BY_NAME(.init_array.*))
 *(.init_array*)
 .init_array    0x0000000008008b7c        0x4 /opt/st/stm32cubeide_1.2.0/plugins/com.st.stm32cube.ide.mcu.externaltools.gnu-tools-for-stm32.7-2018-q2-update.linux64_1.0.0.201904181610/tools/bin/../lib/gcc/arm-none-eabi/7.3.1/thumb/v6-m/crtbegin.o
                0x0000000008008b80                PROVIDE (__init_array_end = .)
                0x0000000008008b80                . = ALIGN (0x4)

.fini_array     0x0000000008008b80        0x4
                0x0000000008008b80                . = ALIGN (0x4)
                [!provide]                        PROVIDE (__fini_array_start = .)
 *(SORT_BY_NAME(.fini_array.*))
 *(.fini_array*)
 .fini_array    0x0000000008008b80        0x4 /opt/st/stm32cubeide_1.2.0/plugins/com.st.stm32cube.ide.mcu.externaltools.gnu-tools-for-stm32.7-2018-q2-update.linux64_1.0.0.201904181610/tools/bin/../lib/gcc/arm-none-eabi/7.3.1/thumb/v6-m/crtbegin.o
                [!provide]                        PROVIDE (__fini_array_end = .)
                0x0000000008008b84                . = ALIGN (0x4)
                0x0000000008008b84                _sidata = LOADADDR (.data)

.data           0x0000000020000000      0x1dc load address 0x0000000008008b84
                0x0000000020000000                . = ALIGN (0x4)
                0x0000000020000000                _sdata = .
 *(.data)
 *(.data*)
 .data.USBD_CDC_DeviceQualifierDesc
                0x0000000020000000        0xa Middlewares/ST/STM32_USB_Device_Library/Class/CDC/Src/usbd_cdc.o
 *fill*         0x000000002000000a        0x2 
 .data.USBD_CDC
                0x000000002000000c       0x38 Middlewares/ST/STM32_USB_Device_Library/Class/CDC/Src/usbd_cdc.o
                0x000000002000000c                USBD_CDC
 .data.USBD_CDC_CfgHSDesc
                0x0000000020000044       0x43 Middlewares/ST/STM32_USB_Device_Library/Class/CDC/Src/usbd_cdc.o
                0x0000000020000044                USBD_CDC_CfgHSDesc
 *fill*         0x0000000020000087        0x1 
 .data.USBD_CDC_CfgFSDesc
                0x0000000020000088       0x43 Middlewares/ST/STM32_USB_Device_Library/Class/CDC/Src/usbd_cdc.o
                0x0000000020000088                USBD_CDC_CfgFSDesc
 *fill*         0x00000000200000cb        0x1 
 .data.USBD_CDC_OtherSpeedCfgDesc
                0x00000000200000cc       0x43 Middlewares/ST/STM32_USB_Device_Library/Class/CDC/Src/usbd_cdc.o
                0x00000000200000cc                USBD_CDC_OtherSpeedCfgDesc
 *fill*         0x000000002000010f        0x1 
 .data.SystemCoreClock
                0x0000000020000110        0x4 Src/system_stm32l0xx.o
                0x0000000020000110                SystemCoreClock
 .data.LocalEcho
                0x0000000020000114        0x1 Src/usbd_cdc_if.o
                0x0000000020000114                LocalEcho
 *fill*         0x0000000020000115        0x3 
 .data.USBD_Interface_fops_FS
                0x0000000020000118       0x10 Src/usbd_cdc_if.o
                0x0000000020000118                USBD_Interface_fops_FS
 .data.FS_Desc  0x0000000020000128       0x1c Src/usbd_desc.o
                0x0000000020000128                FS_Desc
 .data.USBD_FS_DeviceDesc
                0x0000000020000144       0x12 Src/usbd_desc.o
                0x0000000020000144                USBD_FS_DeviceDesc
 *fill*         0x0000000020000156        0x2 
 .data.USBD_LangIDDesc
                0x0000000020000158        0x4 Src/usbd_desc.o
                0x0000000020000158                USBD_LangIDDesc
 .data.USBD_StringSerial
                0x000000002000015c       0x1a Src/usbd_desc.o
                0x000000002000015c                USBD_StringSerial
 *fill*         0x0000000020000176        0x2 
 .data._impure_ptr
                0x0000000020000178        0x4 /opt/st/stm32cubeide_1.2.0/plugins/com.st.stm32cube.ide.mcu.externaltools.gnu-tools-for-stm32.7-2018-q2-update.linux64_1.0.0.201904181610/tools/bin/../lib/gcc/arm-none-eabi/7.3.1/../../../../arm-none-eabi/lib/thumb/v6-m/libc_nano.a(lib_a-impure.o)
                0x0000000020000178                _impure_ptr
 .data.impure_data
                0x000000002000017c       0x60 /opt/st/stm32cubeide_1.2.0/plugins/com.st.stm32cube.ide.mcu.externaltools.gnu-tools-for-stm32.7-2018-q2-update.linux64_1.0.0.201904181610/tools/bin/../lib/gcc/arm-none-eabi/7.3.1/../../../../arm-none-eabi/lib/thumb/v6-m/libc_nano.a(lib_a-impure.o)
                0x00000000200001dc                . = ALIGN (0x4)
                0x00000000200001dc                _edata = .

.igot.plt       0x00000000200001dc        0x0 load address 0x0000000008008d60
 .igot.plt      0x00000000200001dc        0x0 /opt/st/stm32cubeide_1.2.0/plugins/com.st.stm32cube.ide.mcu.externaltools.gnu-tools-for-stm32.7-2018-q2-update.linux64_1.0.0.201904181610/tools/bin/../lib/gcc/arm-none-eabi/7.3.1/thumb/v6-m/crtbegin.o
                0x00000000200001dc                . = ALIGN (0x4)

.bss            0x00000000200001dc     0x1070 load address 0x0000000008008d60
                0x00000000200001dc                _sbss = .
                0x00000000200001dc                __bss_start__ = _sbss
 *(.bss)
 .bss           0x00000000200001dc       0x1c /opt/st/stm32cubeide_1.2.0/plugins/com.st.stm32cube.ide.mcu.externaltools.gnu-tools-for-stm32.7-2018-q2-update.linux64_1.0.0.201904181610/tools/bin/../lib/gcc/arm-none-eabi/7.3.1/thumb/v6-m/crtbegin.o
 *(.bss*)
 .bss.cfgidx.7767
                0x00000000200001f8        0x1 Middlewares/ST/STM32_USB_Device_Library/Core/Src/usbd_ctlreq.o
 .bss.stopState
                0x00000000200001f9        0x1 Src/main.o
                0x00000000200001f9                stopState
 *fill*         0x00000000200001fa        0x2 
 .bss.heap_end.5149
                0x00000000200001fc        0x4 Src/sysmem.o
 .bss.UserDataReady
                0x0000000020000200        0x1 Src/usbd_cdc_if.o
                0x0000000020000200                UserDataReady
 .bss.UserDataIndex
                0x0000000020000201        0x1 Src/usbd_cdc_if.o
                0x0000000020000201                UserDataIndex
 *fill*         0x0000000020000202        0x2 
 .bss.mem.7836  0x0000000020000204      0x220 Src/usbd_conf.o
 .bss.__malloc_free_list
                0x0000000020000424        0x4 /opt/st/stm32cubeide_1.2.0/plugins/com.st.stm32cube.ide.mcu.externaltools.gnu-tools-for-stm32.7-2018-q2-update.linux64_1.0.0.201904181610/tools/bin/../lib/gcc/arm-none-eabi/7.3.1/../../../../arm-none-eabi/lib/thumb/v6-m/libc_nano.a(lib_a-nano-mallocr.o)
                0x0000000020000424                __malloc_free_list
 .bss.__malloc_sbrk_start
                0x0000000020000428        0x4 /opt/st/stm32cubeide_1.2.0/plugins/com.st.stm32cube.ide.mcu.externaltools.gnu-tools-for-stm32.7-2018-q2-update.linux64_1.0.0.201904181610/tools/bin/../lib/gcc/arm-none-eabi/7.3.1/../../../../arm-none-eabi/lib/thumb/v6-m/libc_nano.a(lib_a-nano-mallocr.o)
                0x0000000020000428                __malloc_sbrk_start
 *(COMMON)
 COMMON         0x000000002000042c        0x4 Drivers/STM32L0xx_HAL_Driver/Src/stm32l0xx_hal.o
                0x000000002000042c                uwTick
 COMMON         0x0000000020000430      0x418 Src/game.o
                0x0000000020000430                current_room
                0x0000000020000434                game_tokens
                0x0000000020000438                game_itms
                0x0000000020000444                current_state
                0x0000000020000448                game_output_buffer
                0x0000000020000648                UserTxBufferFS
 COMMON         0x0000000020000848       0x30 Src/items.o
                0x0000000020000848                itm_testitm2
                0x0000000020000858                itm_testitm1
                0x0000000020000868                itm_testitm
 COMMON         0x0000000020000878       0x4c Src/main.o
                0x0000000020000878                hi2c1
 COMMON         0x00000000200008c4       0x14 Src/objects.o
                0x00000000200008c4                obj_testobject
                0x00000000200008d4                game_objs
 COMMON         0x00000000200008d8      0x15c Src/rooms.o
                0x00000000200008d8                game_rooms
                0x00000000200008f4                rm_testsouth_itms
                0x00000000200008f8                rm_testeast
                0x0000000020000924                rm_teststart
                0x0000000020000950                rm_testup
                0x000000002000097c                rm_testsouth
                0x00000000200009a8                rm_testeast_itms
                0x00000000200009ac                rm_testnorth
                0x00000000200009d8                rm_testwest
                0x0000000020000a04                rm_testdown
                0x0000000020000a30                rm_testdown_objs
 COMMON         0x0000000020000a34      0x29c Src/usb_device.o
                0x0000000020000a34                hUsbDeviceFS
 COMMON         0x0000000020000cd0      0x104 Src/usbd_cdc_if.o
                0x0000000020000cd0                UserRxBufferFS
                0x0000000020000cd4                UserData
 COMMON         0x0000000020000dd4      0x274 Src/usbd_conf.o
                0x0000000020000dd4                hpcd_USB_FS
 COMMON         0x0000000020001048      0x200 Src/usbd_desc.o
                0x0000000020001048                USBD_StrDesc
 COMMON         0x0000000020001248        0x4 /opt/st/stm32cubeide_1.2.0/plugins/com.st.stm32cube.ide.mcu.externaltools.gnu-tools-for-stm32.7-2018-q2-update.linux64_1.0.0.201904181610/tools/bin/../lib/gcc/arm-none-eabi/7.3.1/../../../../arm-none-eabi/lib/thumb/v6-m/libc_nano.a(lib_a-reent.o)
                0x0000000020001248                errno
                0x000000002000124c                . = ALIGN (0x4)
                0x000000002000124c                _ebss = .
                0x000000002000124c                __bss_end__ = _ebss

._user_heap_stack
                0x000000002000124c      0x604 load address 0x0000000008008d60
                0x0000000020001250                . = ALIGN (0x8)
 *fill*         0x000000002000124c        0x4 
                0x0000000020001250                PROVIDE (end = .)
                [!provide]                        PROVIDE (_end = .)
                0x0000000020001450                . = (. + _Min_Heap_Size)
 *fill*         0x0000000020001250      0x200 
                0x0000000020001850                . = (. + _Min_Stack_Size)
 *fill*         0x0000000020001450      0x400 
                0x0000000020001850                . = ALIGN (0x8)

/DISCARD/
 libc.a(*)
 libm.a(*)
 libgcc.a(*)

.ARM.attributes
                0x0000000000000000       0x28
 *(.ARM.attributes)
 .ARM.attributes
                0x0000000000000000       0x1e /opt/st/stm32cubeide_1.2.0/plugins/com.st.stm32cube.ide.mcu.externaltools.gnu-tools-for-stm32.7-2018-q2-update.linux64_1.0.0.201904181610/tools/bin/../lib/gcc/arm-none-eabi/7.3.1/thumb/v6-m/crti.o
 .ARM.attributes
                0x000000000000001e       0x2c /opt/st/stm32cubeide_1.2.0/plugins/com.st.stm32cube.ide.mcu.externaltools.gnu-tools-for-stm32.7-2018-q2-update.linux64_1.0.0.201904181610/tools/bin/../lib/gcc/arm-none-eabi/7.3.1/thumb/v6-m/crtbegin.o
 .ARM.attributes
                0x000000000000004a       0x32 Drivers/STM32L0xx_HAL_Driver/Src/stm32l0xx_hal.o
 .ARM.attributes
                0x000000000000007c       0x32 Drivers/STM32L0xx_HAL_Driver/Src/stm32l0xx_hal_cortex.o
 .ARM.attributes
                0x00000000000000ae       0x32 Drivers/STM32L0xx_HAL_Driver/Src/stm32l0xx_hal_gpio.o
 .ARM.attributes
                0x00000000000000e0       0x32 Drivers/STM32L0xx_HAL_Driver/Src/stm32l0xx_hal_i2c.o
 .ARM.attributes
                0x0000000000000112       0x32 Drivers/STM32L0xx_HAL_Driver/Src/stm32l0xx_hal_i2c_ex.o
 .ARM.attributes
                0x0000000000000144       0x32 Drivers/STM32L0xx_HAL_Driver/Src/stm32l0xx_hal_pcd.o
 .ARM.attributes
                0x0000000000000176       0x32 Drivers/STM32L0xx_HAL_Driver/Src/stm32l0xx_hal_pcd_ex.o
 .ARM.attributes
                0x00000000000001a8       0x32 Drivers/STM32L0xx_HAL_Driver/Src/stm32l0xx_hal_pwr.o
 .ARM.attributes
                0x00000000000001da       0x32 Drivers/STM32L0xx_HAL_Driver/Src/stm32l0xx_hal_rcc.o
 .ARM.attributes
                0x000000000000020c       0x32 Drivers/STM32L0xx_HAL_Driver/Src/stm32l0xx_hal_rcc_ex.o
 .ARM.attributes
                0x000000000000023e       0x32 Drivers/STM32L0xx_HAL_Driver/Src/stm32l0xx_ll_usb.o
 .ARM.attributes
                0x0000000000000270       0x32 Middlewares/ST/STM32_USB_Device_Library/Class/CDC/Src/usbd_cdc.o
 .ARM.attributes
                0x00000000000002a2       0x32 Middlewares/ST/STM32_USB_Device_Library/Core/Src/usbd_core.o
 .ARM.attributes
                0x00000000000002d4       0x32 Middlewares/ST/STM32_USB_Device_Library/Core/Src/usbd_ctlreq.o
 .ARM.attributes
                0x0000000000000306       0x32 Middlewares/ST/STM32_USB_Device_Library/Core/Src/usbd_ioreq.o
 .ARM.attributes
                0x0000000000000338       0x32 Src/game.o
 .ARM.attributes
                0x000000000000036a       0x32 Src/items.o
 .ARM.attributes
                0x000000000000039c       0x32 Src/lexer.o
 .ARM.attributes
                0x00000000000003ce       0x32 Src/main.o
 .ARM.attributes
                0x0000000000000400       0x32 Src/objects.o
 .ARM.attributes
                0x0000000000000432       0x32 Src/power.o
 .ARM.attributes
                0x0000000000000464       0x32 Src/rooms.o
 .ARM.attributes
                0x0000000000000496       0x32 Src/stm32l0xx_hal_msp.o
 .ARM.attributes
                0x00000000000004c8       0x32 Src/stm32l0xx_it.o
 .ARM.attributes
                0x00000000000004fa       0x32 Src/sysmem.o
 .ARM.attributes
                0x000000000000052c       0x32 Src/system_stm32l0xx.o
 .ARM.attributes
                0x000000000000055e       0x32 Src/usb_device.o
 .ARM.attributes
                0x0000000000000590       0x32 Src/usbd_cdc_if.o
 .ARM.attributes
                0x00000000000005c2       0x32 Src/usbd_conf.o
 .ARM.attributes
                0x00000000000005f4       0x32 Src/usbd_desc.o
 .ARM.attributes
                0x0000000000000626       0x22 Startup/startup_stm32l073rztx.o
 .ARM.attributes
                0x0000000000000648       0x2c /opt/st/stm32cubeide_1.2.0/plugins/com.st.stm32cube.ide.mcu.externaltools.gnu-tools-for-stm32.7-2018-q2-update.linux64_1.0.0.201904181610/tools/bin/../lib/gcc/arm-none-eabi/7.3.1/../../../../arm-none-eabi/lib/thumb/v6-m/libc_nano.a(lib_a-errno.o)
 .ARM.attributes
                0x0000000000000674       0x2c /opt/st/stm32cubeide_1.2.0/plugins/com.st.stm32cube.ide.mcu.externaltools.gnu-tools-for-stm32.7-2018-q2-update.linux64_1.0.0.201904181610/tools/bin/../lib/gcc/arm-none-eabi/7.3.1/../../../../arm-none-eabi/lib/thumb/v6-m/libc_nano.a(lib_a-impure.o)
 .ARM.attributes
                0x00000000000006a0       0x2c /opt/st/stm32cubeide_1.2.0/plugins/com.st.stm32cube.ide.mcu.externaltools.gnu-tools-for-stm32.7-2018-q2-update.linux64_1.0.0.201904181610/tools/bin/../lib/gcc/arm-none-eabi/7.3.1/../../../../arm-none-eabi/lib/thumb/v6-m/libc_nano.a(lib_a-init.o)
 .ARM.attributes
                0x00000000000006cc       0x2c /opt/st/stm32cubeide_1.2.0/plugins/com.st.stm32cube.ide.mcu.externaltools.gnu-tools-for-stm32.7-2018-q2-update.linux64_1.0.0.201904181610/tools/bin/../lib/gcc/arm-none-eabi/7.3.1/../../../../arm-none-eabi/lib/thumb/v6-m/libc_nano.a(lib_a-memcpy-stub.o)
 .ARM.attributes
                0x00000000000006f8       0x2c /opt/st/stm32cubeide_1.2.0/plugins/com.st.stm32cube.ide.mcu.externaltools.gnu-tools-for-stm32.7-2018-q2-update.linux64_1.0.0.201904181610/tools/bin/../lib/gcc/arm-none-eabi/7.3.1/../../../../arm-none-eabi/lib/thumb/v6-m/libc_nano.a(lib_a-memset.o)
 .ARM.attributes
                0x0000000000000724       0x2c /opt/st/stm32cubeide_1.2.0/plugins/com.st.stm32cube.ide.mcu.externaltools.gnu-tools-for-stm32.7-2018-q2-update.linux64_1.0.0.201904181610/tools/bin/../lib/gcc/arm-none-eabi/7.3.1/../../../../arm-none-eabi/lib/thumb/v6-m/libc_nano.a(lib_a-snprintf.o)
 .ARM.attributes
                0x0000000000000750       0x2c /opt/st/stm32cubeide_1.2.0/plugins/com.st.stm32cube.ide.mcu.externaltools.gnu-tools-for-stm32.7-2018-q2-update.linux64_1.0.0.201904181610/tools/bin/../lib/gcc/arm-none-eabi/7.3.1/../../../../arm-none-eabi/lib/thumb/v6-m/libc_nano.a(lib_a-strncmp.o)
 .ARM.attributes
                0x000000000000077c       0x2c /opt/st/stm32cubeide_1.2.0/plugins/com.st.stm32cube.ide.mcu.externaltools.gnu-tools-for-stm32.7-2018-q2-update.linux64_1.0.0.201904181610/tools/bin/../lib/gcc/arm-none-eabi/7.3.1/../../../../arm-none-eabi/lib/thumb/v6-m/libc_nano.a(lib_a-nano-svfprintf.o)
 .ARM.attributes
                0x00000000000007a8       0x2c /opt/st/stm32cubeide_1.2.0/plugins/com.st.stm32cube.ide.mcu.externaltools.gnu-tools-for-stm32.7-2018-q2-update.linux64_1.0.0.201904181610/tools/bin/../lib/gcc/arm-none-eabi/7.3.1/../../../../arm-none-eabi/lib/thumb/v6-m/libc_nano.a(lib_a-nano-vfprintf_i.o)
 .ARM.attributes
                0x00000000000007d4       0x2c /opt/st/stm32cubeide_1.2.0/plugins/com.st.stm32cube.ide.mcu.externaltools.gnu-tools-for-stm32.7-2018-q2-update.linux64_1.0.0.201904181610/tools/bin/../lib/gcc/arm-none-eabi/7.3.1/../../../../arm-none-eabi/lib/thumb/v6-m/libc_nano.a(lib_a-memchr-stub.o)
 .ARM.attributes
                0x0000000000000800       0x2c /opt/st/stm32cubeide_1.2.0/plugins/com.st.stm32cube.ide.mcu.externaltools.gnu-tools-for-stm32.7-2018-q2-update.linux64_1.0.0.201904181610/tools/bin/../lib/gcc/arm-none-eabi/7.3.1/../../../../arm-none-eabi/lib/thumb/v6-m/libc_nano.a(lib_a-memmove.o)
 .ARM.attributes
                0x000000000000082c       0x2c /opt/st/stm32cubeide_1.2.0/plugins/com.st.stm32cube.ide.mcu.externaltools.gnu-tools-for-stm32.7-2018-q2-update.linux64_1.0.0.201904181610/tools/bin/../lib/gcc/arm-none-eabi/7.3.1/../../../../arm-none-eabi/lib/thumb/v6-m/libc_nano.a(lib_a-nano-freer.o)
 .ARM.attributes
                0x0000000000000858       0x2c /opt/st/stm32cubeide_1.2.0/plugins/com.st.stm32cube.ide.mcu.externaltools.gnu-tools-for-stm32.7-2018-q2-update.linux64_1.0.0.201904181610/tools/bin/../lib/gcc/arm-none-eabi/7.3.1/../../../../arm-none-eabi/lib/thumb/v6-m/libc_nano.a(lib_a-nano-mallocr.o)
 .ARM.attributes
                0x0000000000000884       0x2c /opt/st/stm32cubeide_1.2.0/plugins/com.st.stm32cube.ide.mcu.externaltools.gnu-tools-for-stm32.7-2018-q2-update.linux64_1.0.0.201904181610/tools/bin/../lib/gcc/arm-none-eabi/7.3.1/../../../../arm-none-eabi/lib/thumb/v6-m/libc_nano.a(lib_a-nano-reallocr.o)
 .ARM.attributes
                0x00000000000008b0       0x2c /opt/st/stm32cubeide_1.2.0/plugins/com.st.stm32cube.ide.mcu.externaltools.gnu-tools-for-stm32.7-2018-q2-update.linux64_1.0.0.201904181610/tools/bin/../lib/gcc/arm-none-eabi/7.3.1/../../../../arm-none-eabi/lib/thumb/v6-m/libc_nano.a(lib_a-sbrkr.o)
 .ARM.attributes
                0x00000000000008dc       0x2c /opt/st/stm32cubeide_1.2.0/plugins/com.st.stm32cube.ide.mcu.externaltools.gnu-tools-for-stm32.7-2018-q2-update.linux64_1.0.0.201904181610/tools/bin/../lib/gcc/arm-none-eabi/7.3.1/../../../../arm-none-eabi/lib/thumb/v6-m/libc_nano.a(lib_a-mlock.o)
 .ARM.attributes
                0x0000000000000908       0x2c /opt/st/stm32cubeide_1.2.0/plugins/com.st.stm32cube.ide.mcu.externaltools.gnu-tools-for-stm32.7-2018-q2-update.linux64_1.0.0.201904181610/tools/bin/../lib/gcc/arm-none-eabi/7.3.1/../../../../arm-none-eabi/lib/thumb/v6-m/libc_nano.a(lib_a-nano-msizer.o)
 .ARM.attributes
                0x0000000000000934       0x2c /opt/st/stm32cubeide_1.2.0/plugins/com.st.stm32cube.ide.mcu.externaltools.gnu-tools-for-stm32.7-2018-q2-update.linux64_1.0.0.201904181610/tools/bin/../lib/gcc/arm-none-eabi/7.3.1/../../../../arm-none-eabi/lib/thumb/v6-m/libc_nano.a(lib_a-reent.o)
 .ARM.attributes
                0x0000000000000960       0x1e /opt/st/stm32cubeide_1.2.0/plugins/com.st.stm32cube.ide.mcu.externaltools.gnu-tools-for-stm32.7-2018-q2-update.linux64_1.0.0.201904181610/tools/bin/../lib/gcc/arm-none-eabi/7.3.1/thumb/v6-m/libgcc.a(_udivsi3.o)
 .ARM.attributes
                0x000000000000097e       0x1e /opt/st/stm32cubeide_1.2.0/plugins/com.st.stm32cube.ide.mcu.externaltools.gnu-tools-for-stm32.7-2018-q2-update.linux64_1.0.0.201904181610/tools/bin/../lib/gcc/arm-none-eabi/7.3.1/thumb/v6-m/libgcc.a(_dvmd_tls.o)
 .ARM.attributes
                0x000000000000099c       0x1e /opt/st/stm32cubeide_1.2.0/plugins/com.st.stm32cube.ide.mcu.externaltools.gnu-tools-for-stm32.7-2018-q2-update.linux64_1.0.0.201904181610/tools/bin/../lib/gcc/arm-none-eabi/7.3.1/thumb/v6-m/crtn.o
OUTPUT(lixie.elf elf32-littlearm)

.debug_info     0x0000000000000000    0x19ded
 .debug_info    0x0000000000000000      0x7f2 Drivers/STM32L0xx_HAL_Driver/Src/stm32l0xx_hal.o
 .debug_info    0x00000000000007f2      0x8e5 Drivers/STM32L0xx_HAL_Driver/Src/stm32l0xx_hal_cortex.o
 .debug_info    0x00000000000010d7      0x6cb Drivers/STM32L0xx_HAL_Driver/Src/stm32l0xx_hal_gpio.o
 .debug_info    0x00000000000017a2     0x1eef Drivers/STM32L0xx_HAL_Driver/Src/stm32l0xx_hal_i2c.o
 .debug_info    0x0000000000003691      0x8e8 Drivers/STM32L0xx_HAL_Driver/Src/stm32l0xx_hal_i2c_ex.o
 .debug_info    0x0000000000003f79      0xe40 Drivers/STM32L0xx_HAL_Driver/Src/stm32l0xx_hal_pcd.o
 .debug_info    0x0000000000004db9      0x856 Drivers/STM32L0xx_HAL_Driver/Src/stm32l0xx_hal_pcd_ex.o
 .debug_info    0x000000000000560f      0x667 Drivers/STM32L0xx_HAL_Driver/Src/stm32l0xx_hal_pwr.o
 .debug_info    0x0000000000005c76      0x9a0 Drivers/STM32L0xx_HAL_Driver/Src/stm32l0xx_hal_rcc.o
 .debug_info    0x0000000000006616      0x824 Drivers/STM32L0xx_HAL_Driver/Src/stm32l0xx_hal_rcc_ex.o
 .debug_info    0x0000000000006e3a     0x14d9 Drivers/STM32L0xx_HAL_Driver/Src/stm32l0xx_ll_usb.o
 .debug_info    0x0000000000008313     0x17a3 Middlewares/ST/STM32_USB_Device_Library/Class/CDC/Src/usbd_cdc.o
 .debug_info    0x0000000000009ab6     0x119b Middlewares/ST/STM32_USB_Device_Library/Core/Src/usbd_core.o
 .debug_info    0x000000000000ac51     0x10fc Middlewares/ST/STM32_USB_Device_Library/Core/Src/usbd_ctlreq.o
 .debug_info    0x000000000000bd4d      0xefc Middlewares/ST/STM32_USB_Device_Library/Core/Src/usbd_ioreq.o
 .debug_info    0x000000000000cc49     0x1255 Src/game.o
 .debug_info    0x000000000000de9e      0xb0b Src/items.o
 .debug_info    0x000000000000e9a9      0x90e Src/lexer.o
 .debug_info    0x000000000000f2b7     0x19c2 Src/main.o
 .debug_info    0x0000000000010c79      0xa02 Src/objects.o
 .debug_info    0x000000000001167b      0xeed Src/power.o
 .debug_info    0x0000000000012568     0x12e0 Src/rooms.o
 .debug_info    0x0000000000013848      0x8ec Src/stm32l0xx_hal_msp.o
 .debug_info    0x0000000000014134      0x660 Src/stm32l0xx_it.o
 .debug_info    0x0000000000014794      0x91c Src/sysmem.o
 .debug_info    0x00000000000150b0      0x390 Src/system_stm32l0xx.o
 .debug_info    0x0000000000015440      0xe66 Src/usb_device.o
 .debug_info    0x00000000000162a6     0x11a4 Src/usbd_cdc_if.o
 .debug_info    0x000000000001744a     0x1ca1 Src/usbd_conf.o
 .debug_info    0x00000000000190eb      0xce0 Src/usbd_desc.o
 .debug_info    0x0000000000019dcb       0x22 Startup/startup_stm32l073rztx.o

.debug_abbrev   0x0000000000000000     0x3ea3
 .debug_abbrev  0x0000000000000000      0x219 Drivers/STM32L0xx_HAL_Driver/Src/stm32l0xx_hal.o
 .debug_abbrev  0x0000000000000219      0x261 Drivers/STM32L0xx_HAL_Driver/Src/stm32l0xx_hal_cortex.o
 .debug_abbrev  0x000000000000047a      0x1c0 Drivers/STM32L0xx_HAL_Driver/Src/stm32l0xx_hal_gpio.o
 .debug_abbrev  0x000000000000063a      0x239 Drivers/STM32L0xx_HAL_Driver/Src/stm32l0xx_hal_i2c.o
 .debug_abbrev  0x0000000000000873      0x1b0 Drivers/STM32L0xx_HAL_Driver/Src/stm32l0xx_hal_i2c_ex.o
 .debug_abbrev  0x0000000000000a23      0x263 Drivers/STM32L0xx_HAL_Driver/Src/stm32l0xx_hal_pcd.o
 .debug_abbrev  0x0000000000000c86      0x1eb Drivers/STM32L0xx_HAL_Driver/Src/stm32l0xx_hal_pcd_ex.o
 .debug_abbrev  0x0000000000000e71      0x19a Drivers/STM32L0xx_HAL_Driver/Src/stm32l0xx_hal_pwr.o
 .debug_abbrev  0x000000000000100b      0x21a Drivers/STM32L0xx_HAL_Driver/Src/stm32l0xx_hal_rcc.o
 .debug_abbrev  0x0000000000001225      0x1ea Drivers/STM32L0xx_HAL_Driver/Src/stm32l0xx_hal_rcc_ex.o
 .debug_abbrev  0x000000000000140f      0x239 Drivers/STM32L0xx_HAL_Driver/Src/stm32l0xx_ll_usb.o
 .debug_abbrev  0x0000000000001648      0x2c7 Middlewares/ST/STM32_USB_Device_Library/Class/CDC/Src/usbd_cdc.o
 .debug_abbrev  0x000000000000190f      0x281 Middlewares/ST/STM32_USB_Device_Library/Core/Src/usbd_core.o
 .debug_abbrev  0x0000000000001b90      0x2b1 Middlewares/ST/STM32_USB_Device_Library/Core/Src/usbd_ctlreq.o
 .debug_abbrev  0x0000000000001e41      0x1f1 Middlewares/ST/STM32_USB_Device_Library/Core/Src/usbd_ioreq.o
 .debug_abbrev  0x0000000000002032      0x295 Src/game.o
 .debug_abbrev  0x00000000000022c7      0x1c4 Src/items.o
 .debug_abbrev  0x000000000000248b      0x194 Src/lexer.o
 .debug_abbrev  0x000000000000261f      0x271 Src/main.o
 .debug_abbrev  0x0000000000002890      0x1c4 Src/objects.o
 .debug_abbrev  0x0000000000002a54      0x1e3 Src/power.o
 .debug_abbrev  0x0000000000002c37      0x226 Src/rooms.o
 .debug_abbrev  0x0000000000002e5d      0x19d Src/stm32l0xx_hal_msp.o
 .debug_abbrev  0x0000000000002ffa      0x166 Src/stm32l0xx_it.o
 .debug_abbrev  0x0000000000003160      0x1bb Src/sysmem.o
 .debug_abbrev  0x000000000000331b      0x111 Src/system_stm32l0xx.o
 .debug_abbrev  0x000000000000342c      0x1c7 Src/usb_device.o
 .debug_abbrev  0x00000000000035f3      0x315 Src/usbd_cdc_if.o
 .debug_abbrev  0x0000000000003908      0x2e8 Src/usbd_conf.o
 .debug_abbrev  0x0000000000003bf0      0x2a1 Src/usbd_desc.o
 .debug_abbrev  0x0000000000003e91       0x12 Startup/startup_stm32l073rztx.o

.debug_aranges  0x0000000000000000      0xfe8
 .debug_aranges
                0x0000000000000000       0xf8 Drivers/STM32L0xx_HAL_Driver/Src/stm32l0xx_hal.o
 .debug_aranges
                0x00000000000000f8       0xd8 Drivers/STM32L0xx_HAL_Driver/Src/stm32l0xx_hal_cortex.o
 .debug_aranges
                0x00000000000001d0       0x58 Drivers/STM32L0xx_HAL_Driver/Src/stm32l0xx_hal_gpio.o
 .debug_aranges
                0x0000000000000228      0x288 Drivers/STM32L0xx_HAL_Driver/Src/stm32l0xx_hal_i2c.o
 .debug_aranges
                0x00000000000004b0       0x48 Drivers/STM32L0xx_HAL_Driver/Src/stm32l0xx_hal_i2c_ex.o
 .debug_aranges
                0x00000000000004f8      0x120 Drivers/STM32L0xx_HAL_Driver/Src/stm32l0xx_hal_pcd.o
 .debug_aranges
                0x0000000000000618       0x58 Drivers/STM32L0xx_HAL_Driver/Src/stm32l0xx_hal_pcd_ex.o
 .debug_aranges
                0x0000000000000670       0xa0 Drivers/STM32L0xx_HAL_Driver/Src/stm32l0xx_hal_pwr.o
 .debug_aranges
                0x0000000000000710       0x80 Drivers/STM32L0xx_HAL_Driver/Src/stm32l0xx_hal_rcc.o
 .debug_aranges
                0x0000000000000790       0xb0 Drivers/STM32L0xx_HAL_Driver/Src/stm32l0xx_hal_rcc_ex.o
 .debug_aranges
                0x0000000000000840      0x108 Drivers/STM32L0xx_HAL_Driver/Src/stm32l0xx_ll_usb.o
 .debug_aranges
                0x0000000000000948       0x90 Middlewares/ST/STM32_USB_Device_Library/Class/CDC/Src/usbd_cdc.o
 .debug_aranges
                0x00000000000009d8       0xb8 Middlewares/ST/STM32_USB_Device_Library/Core/Src/usbd_core.o
 .debug_aranges
                0x0000000000000a90       0x88 Middlewares/ST/STM32_USB_Device_Library/Core/Src/usbd_ctlreq.o
 .debug_aranges
                0x0000000000000b18       0x50 Middlewares/ST/STM32_USB_Device_Library/Core/Src/usbd_ioreq.o
 .debug_aranges
                0x0000000000000b68       0x78 Src/game.o
 .debug_aranges
                0x0000000000000be0       0x28 Src/items.o
 .debug_aranges
                0x0000000000000c08       0x20 Src/lexer.o
 .debug_aranges
                0x0000000000000c28       0x40 Src/main.o
 .debug_aranges
                0x0000000000000c68       0x28 Src/objects.o
 .debug_aranges
                0x0000000000000c90       0x20 Src/power.o
 .debug_aranges
                0x0000000000000cb0       0x28 Src/rooms.o
 .debug_aranges
                0x0000000000000cd8       0x30 Src/stm32l0xx_hal_msp.o
 .debug_aranges
                0x0000000000000d08       0x50 Src/stm32l0xx_it.o
 .debug_aranges
                0x0000000000000d58       0x20 Src/sysmem.o
 .debug_aranges
                0x0000000000000d78       0x28 Src/system_stm32l0xx.o
 .debug_aranges
                0x0000000000000da0       0x20 Src/usb_device.o
 .debug_aranges
                0x0000000000000dc0       0x88 Src/usbd_cdc_if.o
 .debug_aranges
                0x0000000000000e48      0x118 Src/usbd_conf.o
 .debug_aranges
                0x0000000000000f60       0x60 Src/usbd_desc.o
 .debug_aranges
                0x0000000000000fc0       0x28 Startup/startup_stm32l073rztx.o

.debug_ranges   0x0000000000000000      0xe00
 .debug_ranges  0x0000000000000000       0xe8 Drivers/STM32L0xx_HAL_Driver/Src/stm32l0xx_hal.o
 .debug_ranges  0x00000000000000e8       0xc8 Drivers/STM32L0xx_HAL_Driver/Src/stm32l0xx_hal_cortex.o
 .debug_ranges  0x00000000000001b0       0x48 Drivers/STM32L0xx_HAL_Driver/Src/stm32l0xx_hal_gpio.o
 .debug_ranges  0x00000000000001f8      0x278 Drivers/STM32L0xx_HAL_Driver/Src/stm32l0xx_hal_i2c.o
 .debug_ranges  0x0000000000000470       0x38 Drivers/STM32L0xx_HAL_Driver/Src/stm32l0xx_hal_i2c_ex.o
 .debug_ranges  0x00000000000004a8      0x110 Drivers/STM32L0xx_HAL_Driver/Src/stm32l0xx_hal_pcd.o
 .debug_ranges  0x00000000000005b8       0x48 Drivers/STM32L0xx_HAL_Driver/Src/stm32l0xx_hal_pcd_ex.o
 .debug_ranges  0x0000000000000600       0x90 Drivers/STM32L0xx_HAL_Driver/Src/stm32l0xx_hal_pwr.o
 .debug_ranges  0x0000000000000690       0x70 Drivers/STM32L0xx_HAL_Driver/Src/stm32l0xx_hal_rcc.o
 .debug_ranges  0x0000000000000700       0xa0 Drivers/STM32L0xx_HAL_Driver/Src/stm32l0xx_hal_rcc_ex.o
 .debug_ranges  0x00000000000007a0       0xf8 Drivers/STM32L0xx_HAL_Driver/Src/stm32l0xx_ll_usb.o
 .debug_ranges  0x0000000000000898       0x80 Middlewares/ST/STM32_USB_Device_Library/Class/CDC/Src/usbd_cdc.o
 .debug_ranges  0x0000000000000918       0xa8 Middlewares/ST/STM32_USB_Device_Library/Core/Src/usbd_core.o
 .debug_ranges  0x00000000000009c0       0x78 Middlewares/ST/STM32_USB_Device_Library/Core/Src/usbd_ctlreq.o
 .debug_ranges  0x0000000000000a38       0x40 Middlewares/ST/STM32_USB_Device_Library/Core/Src/usbd_ioreq.o
 .debug_ranges  0x0000000000000a78       0x68 Src/game.o
 .debug_ranges  0x0000000000000ae0       0x18 Src/items.o
 .debug_ranges  0x0000000000000af8       0x10 Src/lexer.o
 .debug_ranges  0x0000000000000b08       0x30 Src/main.o
 .debug_ranges  0x0000000000000b38       0x18 Src/objects.o
 .debug_ranges  0x0000000000000b50       0x10 Src/power.o
 .debug_ranges  0x0000000000000b60       0x18 Src/rooms.o
 .debug_ranges  0x0000000000000b78       0x20 Src/stm32l0xx_hal_msp.o
 .debug_ranges  0x0000000000000b98       0x40 Src/stm32l0xx_it.o
 .debug_ranges  0x0000000000000bd8       0x10 Src/sysmem.o
 .debug_ranges  0x0000000000000be8       0x18 Src/system_stm32l0xx.o
 .debug_ranges  0x0000000000000c00       0x10 Src/usb_device.o
 .debug_ranges  0x0000000000000c10       0x78 Src/usbd_cdc_if.o
 .debug_ranges  0x0000000000000c88      0x108 Src/usbd_conf.o
 .debug_ranges  0x0000000000000d90       0x50 Src/usbd_desc.o
 .debug_ranges  0x0000000000000de0       0x20 Startup/startup_stm32l073rztx.o

.debug_macro    0x0000000000000000    0x1835c
 .debug_macro   0x0000000000000000      0x1d8 Drivers/STM32L0xx_HAL_Driver/Src/stm32l0xx_hal.o
 .debug_macro   0x00000000000001d8      0xa48 Drivers/STM32L0xx_HAL_Driver/Src/stm32l0xx_hal.o
 .debug_macro   0x0000000000000c20       0x9b Drivers/STM32L0xx_HAL_Driver/Src/stm32l0xx_hal.o
 .debug_macro   0x0000000000000cbb       0x2e Drivers/STM32L0xx_HAL_Driver/Src/stm32l0xx_hal.o
 .debug_macro   0x0000000000000ce9       0x28 Drivers/STM32L0xx_HAL_Driver/Src/stm32l0xx_hal.o
 .debug_macro   0x0000000000000d11       0x22 Drivers/STM32L0xx_HAL_Driver/Src/stm32l0xx_hal.o
 .debug_macro   0x0000000000000d33       0x8e Drivers/STM32L0xx_HAL_Driver/Src/stm32l0xx_hal.o
 .debug_macro   0x0000000000000dc1       0x51 Drivers/STM32L0xx_HAL_Driver/Src/stm32l0xx_hal.o
 .debug_macro   0x0000000000000e12       0xef Drivers/STM32L0xx_HAL_Driver/Src/stm32l0xx_hal.o
 .debug_macro   0x0000000000000f01       0x6a Drivers/STM32L0xx_HAL_Driver/Src/stm32l0xx_hal.o
 .debug_macro   0x0000000000000f6b      0x1df Drivers/STM32L0xx_HAL_Driver/Src/stm32l0xx_hal.o
 .debug_macro   0x000000000000114a       0x34 Drivers/STM32L0xx_HAL_Driver/Src/stm32l0xx_hal.o
 .debug_macro   0x000000000000117e       0x26 Drivers/STM32L0xx_HAL_Driver/Src/stm32l0xx_hal.o
 .debug_macro   0x00000000000011a4      0x44f Drivers/STM32L0xx_HAL_Driver/Src/stm32l0xx_hal.o
 .debug_macro   0x00000000000015f3     0xa43e Drivers/STM32L0xx_HAL_Driver/Src/stm32l0xx_hal.o
 .debug_macro   0x000000000000ba31       0x3c Drivers/STM32L0xx_HAL_Driver/Src/stm32l0xx_hal.o
 .debug_macro   0x000000000000ba6d     0x352c Drivers/STM32L0xx_HAL_Driver/Src/stm32l0xx_hal.o
 .debug_macro   0x000000000000ef99      0x174 Drivers/STM32L0xx_HAL_Driver/Src/stm32l0xx_hal.o
 .debug_macro   0x000000000000f10d       0x5b Drivers/STM32L0xx_HAL_Driver/Src/stm32l0xx_hal.o
 .debug_macro   0x000000000000f168      0x8e4 Drivers/STM32L0xx_HAL_Driver/Src/stm32l0xx_hal.o
 .debug_macro   0x000000000000fa4c      0xbb4 Drivers/STM32L0xx_HAL_Driver/Src/stm32l0xx_hal.o
 .debug_macro   0x0000000000010600      0x13f Drivers/STM32L0xx_HAL_Driver/Src/stm32l0xx_hal.o
 .debug_macro   0x000000000001073f      0x1d1 Drivers/STM32L0xx_HAL_Driver/Src/stm32l0xx_hal.o
 .debug_macro   0x0000000000010910      0x28e Drivers/STM32L0xx_HAL_Driver/Src/stm32l0xx_hal.o
 .debug_macro   0x0000000000010b9e      0x1e9 Drivers/STM32L0xx_HAL_Driver/Src/stm32l0xx_hal.o
 .debug_macro   0x0000000000010d87      0x13e Drivers/STM32L0xx_HAL_Driver/Src/stm32l0xx_hal.o
 .debug_macro   0x0000000000010ec5      0x4b5 Drivers/STM32L0xx_HAL_Driver/Src/stm32l0xx_hal.o
 .debug_macro   0x000000000001137a      0x22c Drivers/STM32L0xx_HAL_Driver/Src/stm32l0xx_hal.o
 .debug_macro   0x00000000000115a6       0x5b Drivers/STM32L0xx_HAL_Driver/Src/stm32l0xx_hal.o
 .debug_macro   0x0000000000011601       0xa5 Drivers/STM32L0xx_HAL_Driver/Src/stm32l0xx_hal.o
 .debug_macro   0x00000000000116a6      0x18d Drivers/STM32L0xx_HAL_Driver/Src/stm32l0xx_hal.o
 .debug_macro   0x0000000000011833       0x16 Drivers/STM32L0xx_HAL_Driver/Src/stm32l0xx_hal.o
 .debug_macro   0x0000000000011849       0x57 Drivers/STM32L0xx_HAL_Driver/Src/stm32l0xx_hal.o
 .debug_macro   0x00000000000118a0      0x25e Drivers/STM32L0xx_HAL_Driver/Src/stm32l0xx_hal.o
 .debug_macro   0x0000000000011afe      0x199 Drivers/STM32L0xx_HAL_Driver/Src/stm32l0xx_hal.o
 .debug_macro   0x0000000000011c97      0x1b4 Drivers/STM32L0xx_HAL_Driver/Src/stm32l0xx_hal_cortex.o
 .debug_macro   0x0000000000011e4b      0x1ec Drivers/STM32L0xx_HAL_Driver/Src/stm32l0xx_hal_gpio.o
 .debug_macro   0x0000000000012037      0x279 Drivers/STM32L0xx_HAL_Driver/Src/stm32l0xx_hal_i2c.o
 .debug_macro   0x00000000000122b0      0x1b4 Drivers/STM32L0xx_HAL_Driver/Src/stm32l0xx_hal_i2c_ex.o
 .debug_macro   0x0000000000012464      0x1c0 Drivers/STM32L0xx_HAL_Driver/Src/stm32l0xx_hal_pcd.o
 .debug_macro   0x0000000000012624      0x1b4 Drivers/STM32L0xx_HAL_Driver/Src/stm32l0xx_hal_pcd_ex.o
 .debug_macro   0x00000000000127d8      0x1cc Drivers/STM32L0xx_HAL_Driver/Src/stm32l0xx_hal_pwr.o
 .debug_macro   0x00000000000129a4      0x1ea Drivers/STM32L0xx_HAL_Driver/Src/stm32l0xx_hal_rcc.o
 .debug_macro   0x0000000000012b8e      0x1b4 Drivers/STM32L0xx_HAL_Driver/Src/stm32l0xx_hal_rcc_ex.o
 .debug_macro   0x0000000000012d42      0x1b4 Drivers/STM32L0xx_HAL_Driver/Src/stm32l0xx_ll_usb.o
 .debug_macro   0x0000000000012ef6      0x3d0 Middlewares/ST/STM32_USB_Device_Library/Class/CDC/Src/usbd_cdc.o
 .debug_macro   0x00000000000132c6       0x40 Middlewares/ST/STM32_USB_Device_Library/Class/CDC/Src/usbd_cdc.o
 .debug_macro   0x0000000000013306       0x18 Middlewares/ST/STM32_USB_Device_Library/Class/CDC/Src/usbd_cdc.o
 .debug_macro   0x000000000001331e       0x94 Middlewares/ST/STM32_USB_Device_Library/Class/CDC/Src/usbd_cdc.o
 .debug_macro   0x00000000000133b2       0x3c Middlewares/ST/STM32_USB_Device_Library/Class/CDC/Src/usbd_cdc.o
 .debug_macro   0x00000000000133ee       0x34 Middlewares/ST/STM32_USB_Device_Library/Class/CDC/Src/usbd_cdc.o
 .debug_macro   0x0000000000013422       0x16 Middlewares/ST/STM32_USB_Device_Library/Class/CDC/Src/usbd_cdc.o